Component: ARM Compiler 5.06 update 4 (build 422) Tool: armlink [4d35d2]

==============================================================================

Section Cross References

    system_stm32f10x.o(.text) refers to system_stm32f10x.o(.data) for SystemCoreClock
    vl53l0x_continuousranging_example.o(.text) refers to vl53l0x_api.o(.text) for VL53L0X_GetPalErrorString
    vl53l0x_continuousranging_example.o(.text) refers to vl53l0x_platform.o(.text) for VL53L0X_PollingDelay
    vl53l0x_continuousranging_example.o(.text) refers to vl53l0x_continuousranging_example.o(.data) for pMyDevice
    vl53l0x_continuousranging_example.o(.text) refers to gyro_i2c.o(.data) for I2C_Status
    vl53l0x_continuousranging_example.o(.data) refers to vl53l0x_continuousranging_example.o(.bss) for MyDevice
    main.o(.text) refers to init.o(.text) for Device_Init
    main.o(.text) refers to uart.o(.text) for UART_ResponseMaster
    main.o(.text) refers to robit_run.o(.text) for CalSpeed
    main.o(.text) refers to display_key.o(.text) for Key_Scan
    main.o(.text) refers to adc.o(.text) for ADC_Deal
    main.o(.text) refers to battery.o(.text) for BatterySocCheck
    main.o(.text) refers to actuator.o(.text) for Actuator_Deal
    main.o(.text) refers to signal.o(.text) for SignalCheck
    main.o(.text) refers to pathplan.o(.text) for PathPlan
    main.o(.text) refers to gyro_i2c.o(.text) for ICM_Init
    init.o(.text) refers to stm32f10x_rcc.o(.text) for RCC_APB1PeriphClockCmd
    init.o(.text) refers to stm32f10x_tim.o(.text) for TIM_DeInit
    init.o(.text) refers to misc.o(.text) for NVIC_PriorityGroupConfig
    init.o(.text) refers to stm32f10x_gpio.o(.text) for GPIO_EXTILineConfig
    init.o(.text) refers to stm32f10x_exti.o(.text) for EXTI_ClearITPendingBit
    init.o(.text) refers to init.o(.bss) for CpuID
    init.o(.text) refers to system_stm32f10x.o(.text) for SystemInit
    init.o(.text) refers to gyro_i2c.o(.text) for Gyro_Conf
    init.o(.text) refers to adc.o(.text) for ADC_Conf
    init.o(.text) refers to uart.o(.text) for UART_Conf
    init.o(.text) refers to robit_run.o(.text) for Motor_Conf
    init.o(.text) refers to signal.o(.text) for Signal_Conf
    init.o(.text) refers to battery.o(.text) for Battery_Conf
    init.o(.text) refers to actuator.o(.text) for Actuator_Conf
    init.o(.text) refers to display_key.o(.text) for Display_Conf
    init.o(.text) refers to handshake.o(i.HandshakeInit) for HandshakeInit
    init.o(.text) refers to init.o(.data) for SystemRunTime
    init.o(.text) refers to robit_run.o(.data) for MotorStartupEn
    init.o(.text) refers to actuator.o(.data) for ActuatorEn
    init.o(.text) refers to display_key.o(.data) for DisplayScanEn
    init.o(.text) refers to voice.o(.data) for Vocie_DealEn
    init.o(.text) refers to vl53l0x_continuousranging_example.o(.data) for vl53l0x_init_En
    init.o(.text) refers to uart.o(.data) for UART_Send_Fq
    init.o(.text) refers to battery.o(.data) for BatteryChargeEn
    init.o(.text) refers to pathplan.o(.data) for PathPlanEn
    init.o(.text) refers to adc.o(.data) for ADCScanEn
    init.o(.text) refers to gyro_i2c.o(.data) for Battery_Charge_En
    init.o(.text) refers to signal.o(.data) for Ultra_En
    init.o(.text) refers to robit_run.o(.bss) for RightMotor
    adc.o(.text) refers to stm32f10x_rcc.o(.text) for RCC_AHBPeriphClockCmd
    adc.o(.text) refers to stm32f10x_dma.o(.text) for DMA_DeInit
    adc.o(.text) refers to stm32f10x_adc.o(.text) for ADC_Init
    adc.o(.text) refers to adc.o(.bss) for ADC_ConvertedValue
    adc.o(.text) refers to adc.o(.data) for ADC_Ready
    robit_run.o(.text) refers to stm32f10x_tim.o(.text) for TIM_GetCounter
    robit_run.o(.text) refers to pid.o(.text) for InitVar_PID
    robit_run.o(.text) refers to uart.o(.text) for SetRobitMileageRun
    robit_run.o(.text) refers to dflt_clz.o(x$fpl$dflt) for __aeabi_i2d
    robit_run.o(.text) refers to dmul.o(x$fpl$dmul) for __aeabi_dmul
    robit_run.o(.text) refers to ddiv.o(x$fpl$ddiv) for __aeabi_ddiv
    robit_run.o(.text) refers to dfix.o(x$fpl$dfix) for __aeabi_d2iz
    robit_run.o(.text) refers to robit_run.o(.data) for RobitStatus
    robit_run.o(.text) refers to robit_run.o(.bss) for RightMotor
    robit_run.o(.text) refers to uart.o(.data) for RobotLineSpeedTargPre
    robit_run.o(.text) refers to signal.o(.data) for BumpFlag
    robit_run.o(.text) refers to pathplan.o(.data) for PathPlanMode
    robit_run.o(.text) refers to dleqf.o(x$fpl$dleqf) for __aeabi_cdcmple
    robit_run.o(.text) refers to gyro_i2c.o(.data) for Sys_Anglerate
    robit_run.o(.text) refers to pathplan.o(.text) for boundary
    robit_run.o(.text) refers to dflt_clz.o(x$fpl$dfltu) for __aeabi_ui2d
    robit_run.o(.text) refers to daddsub_clz.o(x$fpl$dadd) for __aeabi_dadd
    robit_run.o(.text) refers to drleqf.o(x$fpl$drleqf) for __aeabi_cdrcmple
    robit_run.o(.text) refers to dfixu.o(x$fpl$dfixu) for __aeabi_d2uiz
[...]
    TAMPER_IRQHandler                        0x08009e6b   Thumb Code     0  startup_stm32f10x_hd.o(.text)
    TIM1_BRK_IRQHandler                      0x08009e6b   Thumb Code     0  startup_stm32f10x_hd.o(.text)
    TIM1_CC_IRQHandler                       0x08009e6b   Thumb Code     0  startup_stm32f10x_hd.o(.text)
    TIM1_TRG_COM_IRQHandler                  0x08009e6b   Thumb Code     0  startup_stm32f10x_hd.o(.text)
    TIM1_UP_IRQHandler                       0x08009e6b   Thumb Code     0  startup_stm32f10x_hd.o(.text)
    TIM3_IRQHandler                          0x08009e6b   Thumb Code     0  startup_stm32f10x_hd.o(.text)
    TIM5_IRQHandler                          0x08009e6b   Thumb Code     0  startup_stm32f10x_hd.o(.text)
    TIM7_IRQHandler                          0x08009e6b   Thumb Code     0  startup_stm32f10x_hd.o(.text)
    TIM8_BRK_IRQHandler                      0x08009e6b   Thumb Code     0  startup_stm32f10x_hd.o(.text)
    TIM8_CC_IRQHandler                       0x08009e6b   Thumb Code     0  startup_stm32f10x_hd.o(.text)
    TIM8_TRG_COM_IRQHandler                  0x08009e6b   Thumb Code     0  startup_stm32f10x_hd.o(.text)
    TIM8_UP_IRQHandler                       0x08009e6b   Thumb Code     0  startup_stm32f10x_hd.o(.text)
    UART4_IRQHandler                         0x08009e6b   Thumb Code     0  startup_stm32f10x_hd.o(.text)
    UART5_IRQHandler                         0x08009e6b   Thumb Code     0  startup_stm32f10x_hd.o(.text)
    USART3_IRQHandler                        0x08009e6b   Thumb Code     0  startup_stm32f10x_hd.o(.text)
    USBWakeUp_IRQHandler                     0x08009e6b   Thumb Code     0  startup_stm32f10x_hd.o(.text)
    USB_HP_CAN1_TX_IRQHandler                0x08009e6b   Thumb Code     0  startup_stm32f10x_hd.o(.text)
    USB_LP_CAN1_RX0_IRQHandler               0x08009e6b   Thumb Code     0  startup_stm32f10x_hd.o(.text)
    WWDG_IRQHandler                          0x08009e6b   Thumb Code     0  startup_stm32f10x_hd.o(.text)
    __user_initial_stackheap                 0x08009e6d   Thumb Code     0  startup_stm32f10x_hd.o(.text)
    NVIC_PriorityGroupConfig                 0x08009e91   Thumb Code    10  misc.o(.text)
    NVIC_Init                                0x08009e9b   Thumb Code   100  misc.o(.text)
    NVIC_SetVectorTable                      0x08009eff   Thumb Code    14  misc.o(.text)
    NVIC_SystemLPConfig                      0x08009f0d   Thumb Code    34  misc.o(.text)
    SysTick_CLKSourceConfig                  0x08009f2f   Thumb Code    40  misc.o(.text)
    ADC_DeInit                               0x08009f6d   Thumb Code    78  stm32f10x_adc.o(.text)
    ADC_Init                                 0x08009fbb   Thumb Code    70  stm32f10x_adc.o(.text)
    ADC_StructInit                           0x0800a001   Thumb Code    18  stm32f10x_adc.o(.text)
    ADC_Cmd                                  0x0800a013   Thumb Code    22  stm32f10x_adc.o(.text)
    ADC_DMACmd                               0x0800a029   Thumb Code    22  stm32f10x_adc.o(.text)
    ADC_ITConfig                             0x0800a03f   Thumb Code    24  stm32f10x_adc.o(.text)
    ADC_ResetCalibration                     0x0800a057   Thumb Code    10  stm32f10x_adc.o(.text)
    ADC_GetResetCalibrationStatus            0x0800a061   Thumb Code    20  stm32f10x_adc.o(.text)
    ADC_StartCalibration                     0x0800a075   Thumb Code    10  stm32f10x_adc.o(.text)
    ADC_GetCalibrationStatus                 0x0800a07f   Thumb Code    20  stm32f10x_adc.o(.text)
    ADC_SoftwareStartConvCmd                 0x0800a093   Thumb Code    22  stm32f10x_adc.o(.text)
    ADC_GetSoftwareStartConvStatus           0x0800a0a9   Thumb Code    20  stm32f10x_adc.o(.text)
    ADC_DiscModeChannelCountConfig           0x0800a0bd   Thumb Code    24  stm32f10x_adc.o(.text)
    ADC_DiscModeCmd                          0x0800a0d5   Thumb Code    22  stm32f10x_adc.o(.text)
    ADC_RegularChannelConfig                 0x0800a0eb   Thumb Code   184  stm32f10x_adc.o(.text)
    ADC_ExternalTrigConvCmd                  0x0800a1a3   Thumb Code    22  stm32f10x_adc.o(.text)
    ADC_GetConversionValue                   0x0800a1b9   Thumb Code     8  stm32f10x_adc.o(.text)
    ADC_GetDualModeConversionValue           0x0800a1c1   Thumb Code     8  stm32f10x_adc.o(.text)
    ADC_AutoInjectedConvCmd                  0x0800a1c9   Thumb Code    22  stm32f10x_adc.o(.text)
    ADC_InjectedDiscModeCmd                  0x0800a1df   Thumb Code    22  stm32f10x_adc.o(.text)
    ADC_ExternalTrigInjectedConvConfig       0x0800a1f5   Thumb Code    16  stm32f10x_adc.o(.text)
    ADC_ExternalTrigInjectedConvCmd          0x0800a205   Thumb Code    22  stm32f10x_adc.o(.text)
    ADC_SoftwareStartInjectedConvCmd         0x0800a21b   Thumb Code    22  stm32f10x_adc.o(.text)
    ADC_GetSoftwareStartInjectedConvCmdStatus 0x0800a231   Thumb Code    20  stm32f10x_adc.o(.text)
    ADC_InjectedChannelConfig                0x0800a245   Thumb Code   130  stm32f10x_adc.o(.text)
    ADC_InjectedSequencerLengthConfig        0x0800a2c7   Thumb Code    24  stm32f10x_adc.o(.text)
    ADC_SetInjectedOffset                    0x0800a2df   Thumb Code    20  stm32f10x_adc.o(.text)
    ADC_GetInjectedConversionValue           0x0800a2f3   Thumb Code    28  stm32f10x_adc.o(.text)
    ADC_AnalogWatchdogCmd                    0x0800a30f   Thumb Code    16  stm32f10x_adc.o(.text)
    ADC_AnalogWatchdogThresholdsConfig       0x0800a31f   Thumb Code     6  stm32f10x_adc.o(.text)
    ADC_AnalogWatchdogSingleChannelConfig    0x0800a325   Thumb Code    16  stm32f10x_adc.o(.text)
    ADC_TempSensorVrefintCmd                 0x0800a335   Thumb Code    64  stm32f10x_adc.o(.text)
    ADC_GetFlagStatus                        0x0800a375   Thumb Code    18  stm32f10x_adc.o(.text)
    ADC_ClearFlag                            0x0800a387   Thumb Code     6  stm32f10x_adc.o(.text)
    ADC_GetITStatus                          0x0800a38d   Thumb Code    36  stm32f10x_adc.o(.text)
    ADC_ClearITPendingBit                    0x0800a3b1   Thumb Code    10  stm32f10x_adc.o(.text)
    DMA_DeInit                               0x0800a3bd   Thumb Code   324  stm32f10x_dma.o(.text)
    DMA_Init                                 0x0800a501   Thumb Code    60  stm32f10x_dma.o(.text)
    DMA_StructInit                           0x0800a53d   Thumb Code    26  stm32f10x_dma.o(.text)
    DMA_Cmd                                  0x0800a557   Thumb Code    24  stm32f10x_dma.o(.text)
    DMA_ITConfig                             0x0800a56f   Thumb Code    18  stm32f10x_dma.o(.text)
    DMA_SetCurrDataCounter                   0x0800a581   Thumb Code     4  stm32f10x_dma.o(.text)
    DMA_GetCurrDataCounter                   0x0800a585   Thumb Code     8  stm32f10x_dma.o(.text)
    DMA_GetFlagStatus                        0x0800a58d   Thumb Code    40  stm32f10x_dma.o(.text)
    DMA_ClearFlag                            0x0800a5b5   Thumb Code    22  stm32f10x_dma.o(.text)
    DMA_GetITStatus                          0x0800a5cb   Thumb Code    40  stm32f10x_dma.o(.text)
    DMA_ClearITPendingBit                    0x0800a5f3   Thumb Code    22  stm32f10x_dma.o(.text)
    EXTI_DeInit                              0x0800a611   Thumb Code    28  stm32f10x_exti.o(.text)
    EXTI_Init                                0x0800a62d   Thumb Code   142  stm32f10x_exti.o(.text)
    EXTI_StructInit                          0x0800a6bb   Thumb Code    16  stm32f10x_exti.o(.text)
    EXTI_GenerateSWInterrupt                 0x0800a6cb   Thumb Code    16  stm32f10x_exti.o(.text)
    EXTI_GetFlagStatus                       0x0800a6db   Thumb Code    22  stm32f10x_exti.o(.text)
    EXTI_ClearFlag                           0x0800a6f1   Thumb Code     8  stm32f10x_exti.o(.text)
    EXTI_GetITStatus                         0x0800a6f9   Thumb Code    34  stm32f10x_exti.o(.text)
    EXTI_ClearITPendingBit                   0x0800a71b   Thumb Code     8  stm32f10x_exti.o(.text)
    GPIO_DeInit                              0x0800a72d   Thumb Code   172  stm32f10x_gpio.o(.text)
    GPIO_AFIODeInit                          0x0800a7d9   Thumb Code    20  stm32f10x_gpio.o(.text)
    GPIO_Init                                0x0800a7ed   Thumb Code   278  stm32f10x_gpio.o(.text)
    GPIO_StructInit                          0x0800a903   Thumb Code    16  stm32f10x_gpio.o(.text)
    GPIO_ReadInputDataBit                    0x0800a913   Thumb Code    18  stm32f10x_gpio.o(.text)
    GPIO_ReadInputData                       0x0800a925   Thumb Code     8  stm32f10x_gpio.o(.text)
    GPIO_ReadOutputDataBit                   0x0800a92d   Thumb Code    18  stm32f10x_gpio.o(.text)
    GPIO_ReadOutputData                      0x0800a93f   Thumb Code     8  stm32f10x_gpio.o(.text)
    GPIO_SetBits                             0x0800a947   Thumb Code     4  stm32f10x_gpio.o(.text)
    GPIO_ResetBits                           0x0800a94b   Thumb Code     4  stm32f10x_gpio.o(.text)
    GPIO_WriteBit                            0x0800a94f   Thumb Code    10  stm32f10x_gpio.o(.text)
    GPIO_Write                               0x0800a959   Thumb Code     4  stm32f10x_gpio.o(.text)
    GPIO_PinLockConfig                       0x0800a95d   Thumb Code    18  stm32f10x_gpio.o(.text)
    GPIO_EventOutputConfig                   0x0800a96f   Thumb Code    26  stm32f10x_gpio.o(.text)
    GPIO_EventOutputCmd                      0x0800a989   Thumb Code     6  stm32f10x_gpio.o(.text)
    GPIO_PinRemapConfig                      0x0800a98f   Thumb Code   138  stm32f10x_gpio.o(.text)
    GPIO_EXTILineConfig                      0x0800aa19   Thumb Code    66  stm32f10x_gpio.o(.text)
    GPIO_ETH_MediaInterfaceConfig            0x0800aa5b   Thumb Code     8  stm32f10x_gpio.o(.text)
    I2C_DeInit                               0x0800aa89   Thumb Code    50  stm32f10x_i2c.o(.text)
    I2C_Init                                 0x0800aabb   Thumb Code   222  stm32f10x_i2c.o(.text)
    I2C_StructInit                           0x0800ab99   Thumb Code    30  stm32f10x_i2c.o(.text)
    I2C_Cmd                                  0x0800abb7   Thumb Code    24  stm32f10x_i2c.o(.text)
    I2C_DMACmd                               0x0800abcf   Thumb Code    24  stm32f10x_i2c.o(.text)
    I2C_DMALastTransferCmd                   0x0800abe7   Thumb Code    24  stm32f10x_i2c.o(.text)
    I2C_GenerateSTART                        0x0800abff   Thumb Code    24  stm32f10x_i2c.o(.text)
    I2C_GenerateSTOP                         0x0800ac17   Thumb Code    24  stm32f10x_i2c.o(.text)
    I2C_AcknowledgeConfig                    0x0800ac2f   Thumb Code    24  stm32f10x_i2c.o(.text)
    I2C_OwnAddress2Config                    0x0800ac47   Thumb Code    22  stm32f10x_i2c.o(.text)
    I2C_DualAddressCmd                       0x0800ac5d   Thumb Code    24  stm32f10x_i2c.o(.text)
    I2C_GeneralCallCmd                       0x0800ac75   Thumb Code    24  stm32f10x_i2c.o(.text)
    I2C_ITConfig                             0x0800ac8d   Thumb Code    18  stm32f10x_i2c.o(.text)
    I2C_SendData                             0x0800ac9f   Thumb Code     4  stm32f10x_i2c.o(.text)
    I2C_ReceiveData                          0x0800aca3   Thumb Code     8  stm32f10x_i2c.o(.text)
    I2C_Send7bitAddress                      0x0800acab   Thumb Code    18  stm32f10x_i2c.o(.text)
    I2C_ReadRegister                         0x0800acbd   Thumb Code    22  stm32f10x_i2c.o(.text)
    I2C_SoftwareResetCmd                     0x0800acd3   Thumb Code    22  stm32f10x_i2c.o(.text)
    I2C_SMBusAlertConfig                     0x0800ace9   Thumb Code    28  stm32f10x_i2c.o(.text)
    I2C_TransmitPEC                          0x0800ad05   Thumb Code    24  stm32f10x_i2c.o(.text)
    I2C_PECPositionConfig                    0x0800ad1d   Thumb Code    28  stm32f10x_i2c.o(.text)
    I2C_CalculatePEC                         0x0800ad39   Thumb Code    24  stm32f10x_i2c.o(.text)
    I2C_GetPEC                               0x0800ad51   Thumb Code     8  stm32f10x_i2c.o(.text)
    I2C_ARPCmd                               0x0800ad59   Thumb Code    24  stm32f10x_i2c.o(.text)
    I2C_StretchClockCmd                      0x0800ad71   Thumb Code    24  stm32f10x_i2c.o(.text)
    I2C_FastModeDutyCycleConfig              0x0800ad89   Thumb Code    28  stm32f10x_i2c.o(.text)
    I2C_CheckEvent                           0x0800ada5   Thumb Code    42  stm32f10x_i2c.o(.text)
    I2C_GetLastEvent                         0x0800adcf   Thumb Code    26  stm32f10x_i2c.o(.text)
    I2C_GetFlagStatus                        0x0800ade9   Thumb Code    58  stm32f10x_i2c.o(.text)
    I2C_ClearFlag                            0x0800ae23   Thumb Code    12  stm32f10x_i2c.o(.text)
    I2C_GetITStatus                          0x0800ae2f   Thumb Code    38  stm32f10x_i2c.o(.text)
    I2C_ClearITPendingBit                    0x0800ae55   Thumb Code    12  stm32f10x_i2c.o(.text)
    PWR_DeInit                               0x0800ae71   Thumb Code    22  stm32f10x_pwr.o(.text)
    PWR_BackupAccessCmd                      0x0800ae87   Thumb Code     6  stm32f10x_pwr.o(.text)
    PWR_PVDCmd                               0x0800ae8d   Thumb Code     6  stm32f10x_pwr.o(.text)
    PWR_PVDLevelConfig                       0x0800ae93   Thumb Code    18  stm32f10x_pwr.o(.text)
    PWR_WakeUpPinCmd                         0x0800aea5   Thumb Code     8  stm32f10x_pwr.o(.text)
    PWR_EnterSTOPMode                        0x0800aead   Thumb Code    54  stm32f10x_pwr.o(.text)
    PWR_EnterSTANDBYMode                     0x0800aee3   Thumb Code    42  stm32f10x_pwr.o(.text)
    PWR_GetFlagStatus                        0x0800af0d   Thumb Code    20  stm32f10x_pwr.o(.text)
    PWR_ClearFlag                            0x0800af21   Thumb Code    14  stm32f10x_pwr.o(.text)
    RCC_DeInit                               0x0800af3d   Thumb Code    64  stm32f10x_rcc.o(.text)
    RCC_HSEConfig                            0x0800af7d   Thumb Code    70  stm32f10x_rcc.o(.text)
    RCC_GetFlagStatus                        0x0800afc3   Thumb Code    56  stm32f10x_rcc.o(.text)
    RCC_WaitForHSEStartUp                    0x0800affb   Thumb Code    56  stm32f10x_rcc.o(.text)
    RCC_AdjustHSICalibrationValue            0x0800b033   Thumb Code    20  stm32f10x_rcc.o(.text)
    RCC_HSICmd                               0x0800b047   Thumb Code     6  stm32f10x_rcc.o(.text)
    RCC_PLLConfig                            0x0800b04d   Thumb Code    24  stm32f10x_rcc.o(.text)
    RCC_PLLCmd                               0x0800b065   Thumb Code     6  stm32f10x_rcc.o(.text)
    RCC_SYSCLKConfig                         0x0800b06b   Thumb Code    18  stm32f10x_rcc.o(.text)
    RCC_GetSYSCLKSource                      0x0800b07d   Thumb Code    10  stm32f10x_rcc.o(.text)
    RCC_HCLKConfig                           0x0800b087   Thumb Code    18  stm32f10x_rcc.o(.text)
    RCC_PCLK1Config                          0x0800b099   Thumb Code    18  stm32f10x_rcc.o(.text)
    RCC_PCLK2Config                          0x0800b0ab   Thumb Code    20  stm32f10x_rcc.o(.text)
    RCC_ITConfig                             0x0800b0bf   Thumb Code    26  stm32f10x_rcc.o(.text)
    RCC_USBCLKConfig                         0x0800b0d9   Thumb Code     8  stm32f10x_rcc.o(.text)
    RCC_ADCCLKConfig                         0x0800b0e1   Thumb Code    18  stm32f10x_rcc.o(.text)
    RCC_LSEConfig                            0x0800b0f3   Thumb Code    50  stm32f10x_rcc.o(.text)
    RCC_LSICmd                               0x0800b125   Thumb Code     6  stm32f10x_rcc.o(.text)
    RCC_RTCCLKConfig                         0x0800b12b   Thumb Code    12  stm32f10x_rcc.o(.text)
    RCC_RTCCLKCmd                            0x0800b137   Thumb Code     8  stm32f10x_rcc.o(.text)
    RCC_GetClocksFreq                        0x0800b13f   Thumb Code   192  stm32f10x_rcc.o(.text)
    RCC_AHBPeriphClockCmd                    0x0800b1ff   Thumb Code    26  stm32f10x_rcc.o(.text)
    RCC_APB2PeriphClockCmd                   0x0800b219   Thumb Code    26  stm32f10x_rcc.o(.text)
    RCC_APB1PeriphClockCmd                   0x0800b233   Thumb Code    26  stm32f10x_rcc.o(.text)
    RCC_APB2PeriphResetCmd                   0x0800b24d   Thumb Code    26  stm32f10x_rcc.o(.text)
    RCC_APB1PeriphResetCmd                   0x0800b267   Thumb Code    26  stm32f10x_rcc.o(.text)
    RCC_BackupResetCmd                       0x0800b281   Thumb Code     8  stm32f10x_rcc.o(.text)
    RCC_ClockSecuritySystemCmd               0x0800b289   Thumb Code     6  stm32f10x_rcc.o(.text)
    RCC_MCOConfig                            0x0800b28f   Thumb Code     6  stm32f10x_rcc.o(.text)
    RCC_ClearFlag                            0x0800b295   Thumb Code    14  stm32f10x_rcc.o(.text)
    RCC_GetITStatus                          0x0800b2a3   Thumb Code    20  stm32f10x_rcc.o(.text)
    RCC_ClearITPendingBit                    0x0800b2b7   Thumb Code     6  stm32f10x_rcc.o(.text)
    TIM_DeInit                               0x0800b2e9   Thumb Code   424  stm32f10x_tim.o(.text)
    TIM_TimeBaseInit                         0x0800b491   Thumb Code   122  stm32f10x_tim.o(.text)
    TIM_OC1Init                              0x0800b50b   Thumb Code   132  stm32f10x_tim.o(.text)
    TIM_OC2Init                              0x0800b58f   Thumb Code   154  stm32f10x_tim.o(.text)
    TIM_OC3Init                              0x0800b629   Thumb Code   150  stm32f10x_tim.o(.text)
    TIM_OC4Init                              0x0800b6bf   Thumb Code   182  stm32f10x_tim.o(.text)
    TIM_SetIC4Prescaler                      0x0800b775   Thumb Code    26  stm32f10x_tim.o(.text)
    TIM_SetIC3Prescaler                      0x0800b811   Thumb Code    18  stm32f10x_tim.o(.text)
    TIM_SetIC2Prescaler                      0x0800b89d   Thumb Code    26  stm32f10x_tim.o(.text)
    TIM_SetIC1Prescaler                      0x0800b939   Thumb Code    18  stm32f10x_tim.o(.text)
    TIM_ICInit                               0x0800b9b7   Thumb Code   150  stm32f10x_tim.o(.text)
    TIM_PWMIConfig                           0x0800ba4d   Thumb Code   124  stm32f10x_tim.o(.text)
    TIM_BDTRConfig                           0x0800bac9   Thumb Code    32  stm32f10x_tim.o(.text)
    TIM_TimeBaseStructInit                   0x0800bae9   Thumb Code    18  stm32f10x_tim.o(.text)
    TIM_OCStructInit                         0x0800bafb   Thumb Code    20  stm32f10x_tim.o(.text)
    TIM_ICStructInit                         0x0800bb0f   Thumb Code    18  stm32f10x_tim.o(.text)
    TIM_BDTRStructInit                       0x0800bb21   Thumb Code    40  stm32f10x_tim.o(.text)
    TIM_Cmd                                  0x0800bb49   Thumb Code    24  stm32f10x_tim.o(.text)
    TIM_CtrlPWMOutputs                       0x0800bb61   Thumb Code    30  stm32f10x_tim.o(.text)
    TIM_ITConfig                             0x0800bb7f   Thumb Code    18  stm32f10x_tim.o(.text)
    TIM_GenerateEvent                        0x0800bb91   Thumb Code     4  stm32f10x_tim.o(.text)
    TIM_DMAConfig                            0x0800bb95   Thumb Code    10  stm32f10x_tim.o(.text)
    TIM_DMACmd                               0x0800bb9f   Thumb Code    18  stm32f10x_tim.o(.text)
    TIM_InternalClockConfig                  0x0800bbb1   Thumb Code    12  stm32f10x_tim.o(.text)
    TIM_SelectInputTrigger                   0x0800bbbd   Thumb Code    18  stm32f10x_tim.o(.text)
    TIM_ITRxExternalClockConfig              0x0800bbcf   Thumb Code    24  stm32f10x_tim.o(.text)
    TIM_TIxExternalClockConfig               0x0800bbe7   Thumb Code    62  stm32f10x_tim.o(.text)
    TIM_ETRConfig                            0x0800bc25   Thumb Code    28  stm32f10x_tim.o(.text)
    TIM_ETRClockMode1Config                  0x0800bc41   Thumb Code    54  stm32f10x_tim.o(.text)
    TIM_ETRClockMode2Config                  0x0800bc77   Thumb Code    32  stm32f10x_tim.o(.text)
    TIM_PrescalerConfig                      0x0800bc97   Thumb Code     6  stm32f10x_tim.o(.text)
    TIM_CounterModeConfig                    0x0800bc9d   Thumb Code    18  stm32f10x_tim.o(.text)
    TIM_EncoderInterfaceConfig               0x0800bcaf   Thumb Code    66  stm32f10x_tim.o(.text)
    TIM_ForcedOC1Config                      0x0800bcf1   Thumb Code    18  stm32f10x_tim.o(.text)
    TIM_ForcedOC2Config                      0x0800bd03   Thumb Code    26  stm32f10x_tim.o(.text)
    TIM_ForcedOC3Config                      0x0800bd1d   Thumb Code    18  stm32f10x_tim.o(.text)
    TIM_ForcedOC4Config                      0x0800bd2f   Thumb Code    26  stm32f10x_tim.o(.text)
    TIM_ARRPreloadConfig                     0x0800bd49   Thumb Code    24  stm32f10x_tim.o(.text)
    TIM_SelectCOM                            0x0800bd61   Thumb Code    24  stm32f10x_tim.o(.text)
    TIM_SelectCCDMA                          0x0800bd79   Thumb Code    24  stm32f10x_tim.o(.text)
    TIM_CCPreloadControl                     0x0800bd91   Thumb Code    24  stm32f10x_tim.o(.text)
    TIM_OC1PreloadConfig                     0x0800bda9   Thumb Code    18  stm32f10x_tim.o(.text)
    TIM_OC2PreloadConfig                     0x0800bdbb   Thumb Code    26  stm32f10x_tim.o(.text)
    TIM_OC3PreloadConfig                     0x0800bdd5   Thumb Code    18  stm32f10x_tim.o(.text)
    TIM_OC4PreloadConfig                     0x0800bde7   Thumb Code    26  stm32f10x_tim.o(.text)
    TIM_OC1FastConfig                        0x0800be01   Thumb Code    18  stm32f10x_tim.o(.text)
    TIM_OC2FastConfig                        0x0800be13   Thumb Code    26  stm32f10x_tim.o(.text)
    TIM_OC3FastConfig                        0x0800be2d   Thumb Code    18  stm32f10x_tim.o(.text)
    TIM_OC4FastConfig                        0x0800be3f   Thumb Code    26  stm32f10x_tim.o(.text)
    TIM_ClearOC1Ref                          0x0800be59   Thumb Code    18  stm32f10x_tim.o(.text)
    TIM_ClearOC2Ref                          0x0800be6b   Thumb Code    24  stm32f10x_tim.o(.text)
    TIM_ClearOC3Ref                          0x0800be83   Thumb Code    18  stm32f10x_tim.o(.text)
    TIM_ClearOC4Ref                          0x0800be95   Thumb Code    24  stm32f10x_tim.o(.text)
    TIM_OC1PolarityConfig                    0x0800bead   Thumb Code    18  stm32f10x_tim.o(.text)
    TIM_OC1NPolarityConfig                   0x0800bebf   Thumb Code    18  stm32f10x_tim.o(.text)
    TIM_OC2PolarityConfig                    0x0800bed1   Thumb Code    26  stm32f10x_tim.o(.text)
    TIM_OC2NPolarityConfig                   0x0800beeb   Thumb Code    26  stm32f10x_tim.o(.text)
    TIM_OC3PolarityConfig                    0x0800bf05   Thumb Code    26  stm32f10x_tim.o(.text)
    TIM_OC3NPolarityConfig                   0x0800bf1f   Thumb Code    26  stm32f10x_tim.o(.text)
    TIM_OC4PolarityConfig                    0x0800bf39   Thumb Code    26  stm32f10x_tim.o(.text)
    TIM_CCxCmd                               0x0800bf53   Thumb Code    30  stm32f10x_tim.o(.text)
    TIM_CCxNCmd                              0x0800bf71   Thumb Code    30  stm32f10x_tim.o(.text)
    TIM_SelectOCxM                           0x0800bf8f   Thumb Code    82  stm32f10x_tim.o(.text)
    TIM_UpdateDisableConfig                  0x0800bfe1   Thumb Code    24  stm32f10x_tim.o(.text)
    TIM_UpdateRequestConfig                  0x0800bff9   Thumb Code    24  stm32f10x_tim.o(.text)
    TIM_SelectHallSensor                     0x0800c011   Thumb Code    24  stm32f10x_tim.o(.text)
    TIM_SelectOnePulseMode                   0x0800c029   Thumb Code    18  stm32f10x_tim.o(.text)
    TIM_SelectOutputTrigger                  0x0800c03b   Thumb Code    18  stm32f10x_tim.o(.text)
    TIM_SelectSlaveMode                      0x0800c04d   Thumb Code    18  stm32f10x_tim.o(.text)
    TIM_SelectMasterSlaveMode                0x0800c05f   Thumb Code    18  stm32f10x_tim.o(.text)
    TIM_SetCounter                           0x0800c071   Thumb Code     4  stm32f10x_tim.o(.text)
    TIM_SetAutoreload                        0x0800c075   Thumb Code     4  stm32f10x_tim.o(.text)
    TIM_SetCompare1                          0x0800c079   Thumb Code     4  stm32f10x_tim.o(.text)
    TIM_SetCompare2                          0x0800c07d   Thumb Code     4  stm32f10x_tim.o(.text)
    TIM_SetCompare3                          0x0800c081   Thumb Code     4  stm32f10x_tim.o(.text)
    TIM_SetCompare4                          0x0800c085   Thumb Code     6  stm32f10x_tim.o(.text)
    TIM_SetClockDivision                     0x0800c08b   Thumb Code    18  stm32f10x_tim.o(.text)
    TIM_GetCapture1                          0x0800c09d   Thumb Code     6  stm32f10x_tim.o(.text)
    TIM_GetCapture2                          0x0800c0a3   Thumb Code     6  stm32f10x_tim.o(.text)
    TIM_GetCapture3                          0x0800c0a9   Thumb Code     6  stm32f10x_tim.o(.text)
    TIM_GetCapture4                          0x0800c0af   Thumb Code     8  stm32f10x_tim.o(.text)
    TIM_GetCounter                           0x0800c0b7   Thumb Code     6  stm32f10x_tim.o(.text)
    TIM_GetPrescaler                         0x0800c0bd   Thumb Code     6  stm32f10x_tim.o(.text)
    TIM_GetFlagStatus                        0x0800c0c3   Thumb Code    18  stm32f10x_tim.o(.text)
    TIM_ClearFlag                            0x0800c0d5   Thumb Code     6  stm32f10x_tim.o(.text)
    TIM_GetITStatus                          0x0800c0db   Thumb Code    34  stm32f10x_tim.o(.text)
    TIM_ClearITPendingBit                    0x0800c0fd   Thumb Code     6  stm32f10x_tim.o(.text)
    USART_DeInit                             0x0800c105   Thumb Code   134  stm32f10x_usart.o(.text)
    USART_Init                               0x0800c18b   Thumb Code   210  stm32f10x_usart.o(.text)
    USART_StructInit                         0x0800c25d   Thumb Code    24  stm32f10x_usart.o(.text)
    USART_ClockInit                          0x0800c275   Thumb Code    34  stm32f10x_usart.o(.text)
    USART_ClockStructInit                    0x0800c297   Thumb Code    12  stm32f10x_usart.o(.text)
    USART_Cmd                                0x0800c2a3   Thumb Code    24  stm32f10x_usart.o(.text)
    USART_ITConfig                           0x0800c2bb   Thumb Code    74  stm32f10x_usart.o(.text)
    USART_DMACmd                             0x0800c305   Thumb Code    18  stm32f10x_usart.o(.text)
    USART_SetAddress                         0x0800c317   Thumb Code    18  stm32f10x_usart.o(.text)
    USART_WakeUpConfig                       0x0800c329   Thumb Code    18  stm32f10x_usart.o(.text)
    USART_ReceiverWakeUpCmd                  0x0800c33b   Thumb Code    24  stm32f10x_usart.o(.text)
    USART_LINBreakDetectLengthConfig         0x0800c353   Thumb Code    18  stm32f10x_usart.o(.text)
    USART_LINCmd                             0x0800c365   Thumb Code    24  stm32f10x_usart.o(.text)
    USART_SendData                           0x0800c37d   Thumb Code     8  stm32f10x_usart.o(.text)
    USART_ReceiveData                        0x0800c385   Thumb Code    10  stm32f10x_usart.o(.text)
    USART_SendBreak                          0x0800c38f   Thumb Code    10  stm32f10x_usart.o(.text)
    USART_SetGuardTime                       0x0800c399   Thumb Code    16  stm32f10x_usart.o(.text)
    USART_SetPrescaler                       0x0800c3a9   Thumb Code    16  stm32f10x_usart.o(.text)
    USART_SmartCardCmd                       0x0800c3b9   Thumb Code    24  stm32f10x_usart.o(.text)
    USART_SmartCardNACKCmd                   0x0800c3d1   Thumb Code    24  stm32f10x_usart.o(.text)
    USART_HalfDuplexCmd                      0x0800c3e9   Thumb Code    24  stm32f10x_usart.o(.text)
    USART_OverSampling8Cmd                   0x0800c401   Thumb Code    22  stm32f10x_usart.o(.text)
    USART_OneBitMethodCmd                    0x0800c417   Thumb Code    24  stm32f10x_usart.o(.text)
    USART_IrDAConfig                         0x0800c42f   Thumb Code    18  stm32f10x_usart.o(.text)
    USART_IrDACmd                            0x0800c441   Thumb Code    24  stm32f10x_usart.o(.text)
    USART_GetFlagStatus                      0x0800c459   Thumb Code    26  stm32f10x_usart.o(.text)
    USART_ClearFlag                          0x0800c473   Thumb Code    18  stm32f10x_usart.o(.text)
    USART_GetITStatus                        0x0800c485   Thumb Code    84  stm32f10x_usart.o(.text)
    USART_ClearITPendingBit                  0x0800c4d9   Thumb Code    52  stm32f10x_usart.o(.text)
    srand                                    0x0800c50d   Thumb Code    42  rand.o(.text)
    _rand_init                               0x0800c537   Thumb Code     4  rand.o(.text)
    memcmp                                   0x0800c549   Thumb Code    88  memcmp.o(.text)
    __aeabi_memcpy                           0x0800c5a1   Thumb Code     0  rt_memcpy_v6.o(.text)
    __rt_memcpy                              0x0800c5a1   Thumb Code   138  rt_memcpy_v6.o(.text)
    _memcpy_lastbytes                        0x0800c607   Thumb Code     0  rt_memcpy_v6.o(.text)
    __aeabi_memcpy4                          0x0800c62b   Thumb Code     0  rt_memcpy_w.o(.text)
    __aeabi_memcpy8                          0x0800c62b   Thumb Code     0  rt_memcpy_w.o(.text)
    __rt_memcpy_w                            0x0800c62b   Thumb Code   100  rt_memcpy_w.o(.text)
    _memcpy_lastbytes_aligned                0x0800c673   Thumb Code     0  rt_memcpy_w.o(.text)
    __use_two_region_memory                  0x0800c68f   Thumb Code     2  heapauxi.o(.text)
    __rt_heap_escrow$2region                 0x0800c691   Thumb Code     2  heapauxi.o(.text)
    __rt_heap_expand$2region                 0x0800c693   Thumb Code     2  heapauxi.o(.text)
    __user_libspace                          0x0800c695   Thumb Code     8  libspace.o(.text)
    __user_perproc_libspace                  0x0800c695   Thumb Code     0  libspace.o(.text)
    __user_perthread_libspace                0x0800c695   Thumb Code     0  libspace.o(.text)
    __user_setup_stackheap                   0x0800c69d   Thumb Code    74  sys_stackheap_outer.o(.text)
    exit                                     0x0800c6e7   Thumb Code    18  exit.o(.text)
    __I$use$semihosting                      0x0800c6f9   Thumb Code     0  use_no_semi.o(.text)
    __use_no_semihosting_swi                 0x0800c6f9   Thumb Code     2  use_no_semi.o(.text)
    __semihosting_library_function           0x0800c6fb   Thumb Code     0  indicate_semi.o(.text)
    _sys_exit                                0x0800c6fd   Thumb Code     8  sys_exit.o(.text)
    AES_encrypt                              0x0800c709   Thumb Code   624  aes128.o(i.AES_encrypt)
    AES_keyschedule_enc                      0x0800c981   Thumb Code   108  aes128.o(i.AES_keyschedule_enc)
    HandshakeData1                           0x0800c9f1   Thumb Code    74  handshake.o(i.HandshakeData1)
    HandshakeData2                           0x0800ca45   Thumb Code    58  handshake.o(i.HandshakeData2)
    HandshakeInit                            0x0800ca89   Thumb Code   160  handshake.o(i.HandshakeInit)
    __aeabi_d2f                              0x0800cb39   Thumb Code     0  d2f.o(x$fpl$d2f)
    _d2f                                     0x0800cb39   Thumb Code    98  d2f.o(x$fpl$d2f)
    __aeabi_dadd                             0x0800cb9d   Thumb Code     0  daddsub_clz.o(x$fpl$dadd)
    _dadd                                    0x0800cb9d   Thumb Code   332  daddsub_clz.o(x$fpl$dadd)
    __fpl_dcmp_Inf                           0x0800cced   Thumb Code    24  dcmpi.o(x$fpl$dcmpinf)
    __aeabi_ddiv                             0x0800cd05   Thumb Code     0  ddiv.o(x$fpl$ddiv)
    _ddiv                                    0x0800cd05   Thumb Code   552  ddiv.o(x$fpl$ddiv)
    __aeabi_d2iz                             0x0800cfb5   Thumb Code     0  dfix.o(x$fpl$dfix)
    _dfix                                    0x0800cfb5   Thumb Code    94  dfix.o(x$fpl$dfix)
    __aeabi_d2uiz                            0x0800d015   Thumb Code     0  dfixu.o(x$fpl$dfixu)
    _dfixu                                   0x0800d015   Thumb Code    90  dfixu.o(x$fpl$dfixu)
    __aeabi_i2d                              0x0800d06f   Thumb Code     0  dflt_clz.o(x$fpl$dflt)
    _dflt                                    0x0800d06f   Thumb Code    46  dflt_clz.o(x$fpl$dflt)
    __aeabi_ui2d                             0x0800d09d   Thumb Code     0  dflt_clz.o(x$fpl$dfltu)
    _dfltu                                   0x0800d09d   Thumb Code    38  dflt_clz.o(x$fpl$dfltu)
    __aeabi_cdcmple                          0x0800d0c5   Thumb Code     0  dleqf.o(x$fpl$dleqf)
    _dcmple                                  0x0800d0c5   Thumb Code   120  dleqf.o(x$fpl$dleqf)
    __fpl_dcmple_InfNaN                      0x0800d127   Thumb Code     0  dleqf.o(x$fpl$dleqf)
    __aeabi_dmul                             0x0800d13d   Thumb Code     0  dmul.o(x$fpl$dmul)
    _dmul                                    0x0800d13d   Thumb Code   332  dmul.o(x$fpl$dmul)
    __fpl_dnaninf                            0x0800d291   Thumb Code   156  dnaninf.o(x$fpl$dnaninf)
    __fpl_dretinf                            0x0800d32d   Thumb Code    12  dretinf.o(x$fpl$dretinf)
    __aeabi_cdrcmple                         0x0800d339   Thumb Code     0  drleqf.o(x$fpl$drleqf)
    _drcmple                                 0x0800d339   Thumb Code   108  drleqf.o(x$fpl$drleqf)
    __aeabi_dsub                             0x0800d3a5   Thumb Code     0  daddsub_clz.o(x$fpl$dsub)
    _dsub                                    0x0800d3a5   Thumb Code   464  daddsub_clz.o(x$fpl$dsub)
    __aeabi_f2d                              0x0800d579   Thumb Code     0  f2d.o(x$fpl$f2d)
    _f2d                                     0x0800d579   Thumb Code    86  f2d.o(x$fpl$f2d)
    __aeabi_fadd                             0x0800d5d1   Thumb Code     0  faddsub_clz.o(x$fpl$fadd)
    _fadd                                    0x0800d5d1   Thumb Code   196  faddsub_clz.o(x$fpl$fadd)
    __fpl_fcmp_Inf                           0x0800d695   Thumb Code    24  fcmpi.o(x$fpl$fcmpinf)
    __aeabi_fdiv                             0x0800d6ad   Thumb Code     0  fdiv.o(x$fpl$fdiv)
    _fdiv                                    0x0800d6ad   Thumb Code   384  fdiv.o(x$fpl$fdiv)
    __aeabi_f2iz                             0x0800d831   Thumb Code     0  ffix.o(x$fpl$ffix)
    _ffix                                    0x0800d831   Thumb Code    54  ffix.o(x$fpl$ffix)
    __aeabi_f2uiz                            0x0800d869   Thumb Code     0  ffixu.o(x$fpl$ffixu)
    _ffixu                                   0x0800d869   Thumb Code    62  ffixu.o(x$fpl$ffixu)
    __aeabi_i2f                              0x0800d8a9   Thumb Code     0  fflt_clz.o(x$fpl$fflt)
    _fflt                                    0x0800d8a9   Thumb Code    48  fflt_clz.o(x$fpl$fflt)
    __aeabi_ui2f                             0x0800d8d9   Thumb Code     0  fflt_clz.o(x$fpl$ffltu)
    _ffltu                                   0x0800d8d9   Thumb Code    38  fflt_clz.o(x$fpl$ffltu)
    __aeabi_cfcmple                          0x0800d901   Thumb Code     0  fleqf.o(x$fpl$fleqf)
    _fcmple                                  0x0800d901   Thumb Code   104  fleqf.o(x$fpl$fleqf)
    __fpl_fcmple_InfNaN                      0x0800d953   Thumb Code     0  fleqf.o(x$fpl$fleqf)
    __aeabi_fmul                             0x0800d969   Thumb Code     0  fmul.o(x$fpl$fmul)
    _fmul                                    0x0800d969   Thumb Code   258  fmul.o(x$fpl$fmul)
    __fpl_fnaninf                            0x0800da6b   Thumb Code   140  fnaninf.o(x$fpl$fnaninf)
    __fpl_fretinf                            0x0800daf7   Thumb Code    10  fretinf.o(x$fpl$fretinf)
    __aeabi_cfrcmple                         0x0800db01   Thumb Code     0  frleqf.o(x$fpl$frleqf)
    _frcmple                                 0x0800db01   Thumb Code    98  frleqf.o(x$fpl$frleqf)
    __aeabi_frsub                            0x0800db63   Thumb Code     0  faddsub_clz.o(x$fpl$frsb)
    _frsb                                    0x0800db63   Thumb Code    20  faddsub_clz.o(x$fpl$frsb)
    __aeabi_fsub                             0x0800db79   Thumb Code     0  faddsub_clz.o(x$fpl$fsub)
    _fsub                                    0x0800db79   Thumb Code   234  faddsub_clz.o(x$fpl$fsub)
    Speed_Mileage                            0x0800dc62   Data          18  robit_run.o(.constdata)
    __I$use$fp                               0x0800dc62   Number         0  usenofp.o(x$fpl$usenofp)
    Speed_Angle                              0x0800dc74   Data           9  robit_run.o(.constdata)
    Angle_Num                                0x0800dc7d   Data          41  robit_run.o(.constdata)
    RobotPar                                 0x0800dca6   Data         224  uart.o(.constdata)
    Display_Table                            0x0800dd86   Data          10  display_key.o(.constdata)
    ChargeManageInitTable                    0x0800dd90   Data          16  gyro_i2c.o(.constdata)
    ICM_Init_Table                           0x0800dda0   Data          23  gyro_i2c.o(.constdata)
    ADXL_Init                                0x0800ddb7   Data          15  gyro_i2c.o(.constdata)
    Region$$Table$$Base                      0x0800de14   Number         0  anon$$obj.o(Region$$Table)
    Region$$Table$$Limit                     0x0800de34   Number         0  anon$$obj.o(Region$$Table)
    SystemCoreClock                          0x20000000   Data           4  system_stm32f10x.o(.data)
    AHBPrescTable                            0x20000004   Data          16  system_stm32f10x.o(.data)
    pMyDevice                                0x20000014   Data           4  vl53l0x_continuousranging_example.o(.data)
    pRangingMeasurementData                  0x20000018   Data           4  vl53l0x_continuousranging_example.o(.data)
    vl53l0x_Results                          0x2000001c   Data           2  vl53l0x_continuousranging_example.o(.data)
    vl53l0x_Mesure_En                        0x2000001e   Data           1  vl53l0x_continuousranging_example.o(.data)
    vl53l0x_init_En                          0x2000001f   Data           1  vl53l0x_continuousranging_example.o(.data)
    SystemRunTime                            0x20000024   Data           4  init.o(.data)
    SystePwrMode                             0x20000028   Data           1  init.o(.data)
    Batt_Vol                                 0x20000032   Data           2  adc.o(.data)
    Batt_Temp                                0x20000034   Data           2  adc.o(.data)
    Batt_ChargeCur                           0x20000036   Data           2  adc.o(.data)
    ZSMotor_Cur                              0x20000038   Data           2  adc.o(.data)
    DustMotor_Cur                            0x2000003a   Data           2  adc.o(.data)
    LMotor_Cur                               0x2000003c   Data           2  adc.o(.data)
    RMotor_Cur                               0x2000003e   Data           2  adc.o(.data)
    ADCScanEn                                0x20000040   Data           1  adc.o(.data)
    ADC_Ready                                0x20000041   Data           1  adc.o(.data)
    AdjustSpeedEn                            0x20000044   Data           1  robit_run.o(.data)
    MotorLinerModeEn                         0x20000045   Data           1  robit_run.o(.data)
    AccCtrlTimeEn                            0x20000046   Data           1  robit_run.o(.data)
    Sys_Startangle                           0x20000048   Data           2  robit_run.o(.data)
    AnglerateTarg                            0x2000004a   Data           2  robit_run.o(.data)
    AnglerateTargInit                        0x2000004c   Data           2  robit_run.o(.data)
    SpeedAdjTime                             0x2000004e   Data           1  robit_run.o(.data)
    Robit_RunSpeed                           0x2000004f   Data           1  robit_run.o(.data)
    TargMileage                              0x20000050   Data           4  robit_run.o(.data)
    LeftCurMileage                           0x20000054   Data           4  robit_run.o(.data)
    RightCurMileage                          0x20000058   Data           4  robit_run.o(.data)
    TargMileageForArc                        0x2000005c   Data           4  robit_run.o(.data)
    RobitRouteModeEn                         0x20000060   Data           1  robit_run.o(.data)
    MotorStartupEn                           0x20000061   Data           1  robit_run.o(.data)
    MotorStopCtrlEn                          0x20000062   Data           1  robit_run.o(.data)
    RobitModeCtrlEn                          0x20000063   Data           1  robit_run.o(.data)
    VaccEn                                   0x20000064   Data           1  robit_run.o(.data)
    WaccEn                                   0x20000065   Data           1  robit_run.o(.data)
    VaccInit                                 0x20000066   Data           1  robit_run.o(.data)
    WaccInit                                 0x20000067   Data           1  robit_run.o(.data)
    LeftMileageAll                           0x20000068   Data           4  robit_run.o(.data)
    RightMileageAll                          0x2000006c   Data           4  robit_run.o(.data)
    LeftMileageAllPre                        0x20000070   Data           4  robit_run.o(.data)
    RightMileageAllPre                       0x20000074   Data           4  robit_run.o(.data)
    TargCirle                                0x20000078   Data           1  robit_run.o(.data)
    TargAngle                                0x2000007a   Data           2  robit_run.o(.data)
    RotationAngleCur                         0x2000007c   Data           2  robit_run.o(.data)
    StepModeCnt                              0x2000007e   Data           2  robit_run.o(.data)
    RobitStatus                              0x20000080   Data           1  robit_run.o(.data)
    RobitRunningMode                         0x20000081   Data           1  robit_run.o(.data)
    RobitRunningClosedLoopMode               0x20000082   Data           1  robit_run.o(.data)
    RobitRunbyRouteMode                      0x20000083   Data           1  robit_run.o(.data)
    LeftMotorSwDirFlag                       0x20000084   Data           1  robit_run.o(.data)
    RightMotorSwDirFlag                      0x20000085   Data           1  robit_run.o(.data)
    LeftMotorSpeedBak                        0x20000086   Data           2  robit_run.o(.data)
    RightMotorSpeedBak                       0x20000088   Data           2  robit_run.o(.data)
    LeftMotorDirBak                          0x2000008a   Data           1  robit_run.o(.data)
    RightMotorDirBak                         0x2000008b   Data           1  robit_run.o(.data)
    Robit_Dir                                0x2000008c   Data           1  robit_run.o(.data)
    RobotLineSpeed                           0x20000090   Data           4  robit_run.o(.data)
    RobotLineSpeedTarg                       0x20000094   Data           4  robit_run.o(.data)
    RobotAngleRate                           0x20000098   Data           4  robit_run.o(.data)
    AngularVelocityOdo                       0x2000009c   Data           2  robit_run.o(.data)
    LeftMotorSpeedCnt                        0x2000009e   Data           1  robit_run.o(.data)
    RightMotorSpeedCnt                       0x2000009f   Data           1  robit_run.o(.data)
    LeftMotorSpeedSum                        0x200000a0   Data           4  robit_run.o(.data)
    RightMotorSpeedSum                       0x200000a4   Data           4  robit_run.o(.data)
    MotorLinerModeCnt                        0x200000a8   Data           1  robit_run.o(.data)
    LeftMotorInterCnt                        0x200000aa   Data           2  robit_run.o(.data)
    RightMotorInterCnt                       0x200000ac   Data           2  robit_run.o(.data)
    LeftMotorErrorCnt                        0x200000ae   Data           2  robit_run.o(.data)
    RightMotorErrorCnt                       0x200000b0   Data           2  robit_run.o(.data)
    rightIncrease                            0x200000b2   Data           1  robit_run.o(.data)
    rightReduce                              0x200000b3   Data           1  robit_run.o(.data)
    rightCnt                                 0x200000b4   Data           1  robit_run.o(.data)
    CarpetStatus                             0x200000b5   Data           1  robit_run.o(.data)
    CarpetCheckEn                            0x200000b6   Data           1  robit_run.o(.data)
    Sta_Gyro                                 0x200000b7   Data           1  robit_run.o(.data)
    UpCnt                                    0x200000b8   Data           1  robit_run.o(.data)
    DownCnt                                  0x200000b9   Data           1  robit_run.o(.data)
    earthSum                                 0x200000bc   Data           4  robit_run.o(.data)
    earthAvg                                 0x200000c0   Data           2  robit_run.o(.data)
    earthWaveCnt                             0x200000c2   Data           1  robit_run.o(.data)
    earthCnt                                 0x200000c3   Data           1  robit_run.o(.data)
    earthAvgOk                               0x200000c4   Data           1  robit_run.o(.data)
    earthWaveTimeCnt                         0x200000c5   Data           1  robit_run.o(.data)
    earthWaveMax                             0x200000c6   Data           2  robit_run.o(.data)
    earthWaveMin                             0x200000c8   Data           2  robit_run.o(.data)
    Uart_SendEn                              0x200000ec   Data           1  uart.o(.data)
    Uart2_SendEn                             0x200000ed   Data           1  uart.o(.data)
    HandShakeEn                              0x200000ee   Data           1  uart.o(.data)
    UART_SendPtr                             0x200000f0   Data           4  uart.o(.data)
    UART2_SendPtr                            0x200000f4   Data           4  uart.o(.data)
    UART_SendBytes                           0x200000f8   Data           1  uart.o(.data)
    UART2_SendBytes                          0x200000f9   Data           1  uart.o(.data)
    UART_SendOver                            0x200000fa   Data           1  uart.o(.data)
    UART2_SendOver                           0x200000fb   Data           1  uart.o(.data)
    UART_Send_Fq                             0x200000fc   Data           2  uart.o(.data)
    Mcu_Charge_Status                        0x200000fe   Data           4  uart.o(.data)
    WIFI_Status                              0x20000102   Data           1  uart.o(.data)
    UART_RcvPtr                              0x20000103   Data           1  uart.o(.data)
    UART_RcvBytes                            0x20000104   Data           1  uart.o(.data)
    UartFrameHeadCheckEn                     0x20000105   Data           1  uart.o(.data)
    UartFrameTailCheckEn                     0x20000106   Data           1  uart.o(.data)
    FlagUartFrameHead                        0x20000107   Data           1  uart.o(.data)
    FlagUartFrameTail                        0x20000108   Data           1  uart.o(.data)
    FrameHeadDataBuf                         0x20000109   Data           1  uart.o(.data)
    FrameTailDataBuf                         0x2000010a   Data           1  uart.o(.data)
    CleanStatus                              0x2000010b   Data           5  uart.o(.data)
    AngleTarg                                0x20000110   Data           4  uart.o(.data)
    test1                                    0x20000114   Data           2  uart.o(.data)
    test2                                    0x20000116   Data           2  uart.o(.data)
    test3                                    0x20000118   Data           2  uart.o(.data)
    q0buf                                    0x2000011a   Data           2  uart.o(.data)
    q1buf                                    0x2000011c   Data           2  uart.o(.data)
    q2buf                                    0x2000011e   Data           2  uart.o(.data)
    q3buf                                    0x20000120   Data           2  uart.o(.data)
    axbuf                                    0x20000122   Data           2  uart.o(.data)
    aybuf                                    0x20000124   Data           2  uart.o(.data)
    azbuf                                    0x20000126   Data           2  uart.o(.data)
    UartTimerCnt                             0x20000128   Data           2  uart.o(.data)
    UartRcvOneFrameData                      0x2000012a   Data           1  uart.o(.data)
    UartMaterLost                            0x2000012b   Data           1  uart.o(.data)
    UartSendCnt                              0x2000012c   Data           1  uart.o(.data)
    UartBumpSendCnt                          0x2000012d   Data           1  uart.o(.data)
    UartWheelSendCnt                         0x2000012e   Data           1  uart.o(.data)
    UartWallSendCnt                          0x2000012f   Data           1  uart.o(.data)
    UartSendCmd                              0x20000130   Data           1  uart.o(.data)
    UartSendDataAddr                         0x20000131   Data           1  uart.o(.data)
    UartSendDatlength                        0x20000132   Data           1  uart.o(.data)
    StepModeOn                               0x20000133   Data           1  uart.o(.data)
    CtrlMode                                 0x20000134   Data           1  uart.o(.data)
    RobotLineSpeedTargPre                    0x20000138   Data           4  uart.o(.data)
    RobotAngleRatePre                        0x2000013c   Data           4  uart.o(.data)
    StepStatus                               0x20000140   Data           4  uart.o(.data)
    GarbageStatus                            0x20000144   Data           4  uart.o(.data)
    T                                        0x20000148   Data           4  uart.o(.data)
    Uart2_RevBytes                           0x2000014c   Data           1  uart.o(.data)
    Uart2_RevPtr                             0x2000014d   Data           1  uart.o(.data)
    Uart2_TimeCnt                            0x2000014e   Data           1  uart.o(.data)
    Uart2_RevOneFrameData                    0x2000014f   Data           1  uart.o(.data)
    Kp_Set                                   0x20000150   Data           2  pid.o(.data)
    Kd_Set                                   0x20000152   Data           2  pid.o(.data)
    Ki_Set                                   0x20000154   Data           2  pid.o(.data)
    KeyScanEn                                0x2000015c   Data           1  display_key.o(.data)
    DisplayScanEn                            0x2000015d   Data           1  display_key.o(.data)
    Flag_Key_LongPress                       0x2000015e   Data           1  display_key.o(.data)
    FlagResetWifi                            0x2000015f   Data           1  display_key.o(.data)
    Key_Code                                 0x20000160   Data           1  display_key.o(.data)
    g_key_data                               0x20000161   Data           1  display_key.o(.data)
    g_key_data_Pre                           0x20000162   Data           1  display_key.o(.data)
    Key_Status                               0x20000163   Data           1  display_key.o(.data)
    g_key_Continuum_con                      0x20000164   Data           1  display_key.o(.data)
    g_key_Continuum_tim                      0x20000165   Data           1  display_key.o(.data)
    DisCnt                                   0x20000166   Data           1  display_key.o(.data)
    PSD_AD                                   0x2000016c   Data           2  signal.o(.data)
    LeftBump                                 0x2000016e   Data           1  signal.o(.data)
    RightBump                                0x2000016f   Data           1  signal.o(.data)
    MidBump                                  0x20000170   Data           1  signal.o(.data)
    BumpBak                                  0x20000171   Data           1  signal.o(.data)
    LeftWheelLift                            0x20000172   Data           1  signal.o(.data)
    RightWheelLift                           0x20000173   Data           1  signal.o(.data)
    WheelLift                                0x20000174   Data           1  signal.o(.data)
    RagChangeSingal                          0x20000175   Data           1  signal.o(.data)
    RagChangeSingalB                         0x20000176   Data           1  signal.o(.data)
    BumpSendEn                               0x20000177   Data           1  signal.o(.data)
    WheelLiftSendEn                          0x20000178   Data           1  signal.o(.data)
    WallSendEn                               0x20000179   Data           1  signal.o(.data)
    WallCheckEn                              0x2000017a   Data           1  signal.o(.data)
    SignalCheckEn                            0x2000017b   Data           1  signal.o(.data)
    BumpFlag                                 0x2000017c   Data           1  signal.o(.data)
    BumpOverFlag                             0x2000017d   Data           1  signal.o(.data)
    BumpOverForCloseWallFlag                 0x2000017e   Data           1  signal.o(.data)
    Ultra_En                                 0x2000017f   Data           1  signal.o(.data)
    Ultra_Check_En                           0x20000180   Data           3  signal.o(.data)
    Ultra_Rev_OK                             0x20000183   Data           3  signal.o(.data)
    Ultra_Rev_First                          0x20000186   Data           3  signal.o(.data)
    Ultra_Jump                               0x20000189   Data           3  signal.o(.data)
    Ultra_Rising                             0x2000018c   Data           3  signal.o(.data)
    Ultra_Falling                            0x2000018f   Data           3  signal.o(.data)
    Ultra_ID                                 0x20000192   Data           1  signal.o(.data)
    Ultra_RevID                              0x20000193   Data           1  signal.o(.data)
    Ultra_RevLv                              0x20000194   Data           3  signal.o(.data)
    Ultra_RevCnt                             0x20000197   Data           3  signal.o(.data)
    Ultra_RevTime                            0x2000019a   Data           6  signal.o(.data)
    Ultra_RevTimeVlid                        0x200001a0   Data           6  signal.o(.data)
    Ultra_RevTimeVlidBak                     0x200001a6   Data           6  signal.o(.data)
    UltraObs                                 0x200001ac   Data           1  signal.o(.data)
    UltraDecelerationObs                     0x200001ad   Data           1  signal.o(.data)
    PSD_Distance                             0x200001ae   Data           2  signal.o(.data)
    BatterySoc                               0x200001c0   Data           1  battery.o(.data)
    BatterySocDis                            0x200001c1   Data           1  battery.o(.data)
    BatteryStatus                            0x200001c2   Data           1  battery.o(.data)
    BatteryChargeReadyStatus                 0x200001c3   Data           1  battery.o(.data)
    BatteryConnect                           0x200001c4   Data           1  battery.o(.data)
    BatteryChargePWMVal                      0x200001c6   Data           2  battery.o(.data)
    SocketPower                              0x200001c8   Data           1  battery.o(.data)
    JackPower                                0x200001c9   Data           1  battery.o(.data)
    BatteryCheckEn                           0x200001ca   Data           1  battery.o(.data)
    BatteryChargeEn                          0x200001cb   Data           1  battery.o(.data)
    BatteryError                             0x200001cc   Data           1  battery.o(.data)
    BatteryOffCnt                            0x200001ce   Data           2  battery.o(.data)
    ChargeCnt                                0x200001d0   Data           1  battery.o(.data)
    ChargeStartCnt                           0x200001d1   Data           1  battery.o(.data)
    BatteryChargeStartCur                    0x200001d2   Data           2  battery.o(.data)
    BatteryVolPre                            0x200001d4   Data           2  battery.o(.data)
    BatteryVolold                            0x200001d6   Data           2  battery.o(.data)
    BatteryFullCnt                           0x200001d8   Data           1  battery.o(.data)
    BatterySocCnt                            0x200001d9   Data           1  battery.o(.data)
    BatteryFullSmallCurCnt                   0x200001da   Data           2  battery.o(.data)
    BatteryChargeFullEn                      0x200001dc   Data           1  battery.o(.data)
    KalmanInit                               0x200001dd   Data           1  battery.o(.data)
    BattertDisInit                           0x200001de   Data           1  battery.o(.data)
    BatteryVolByKalman                       0x200001e0   Data           2  battery.o(.data)
    BatteryVolNoKalman                       0x200001e2   Data           2  battery.o(.data)
    BatteryVol2Soc                           0x200001e4   Data          22  battery.o(.data)
    SprayWaterEn                             0x200001fc   Data           1  actuator.o(.data)
    ActuatorEn                               0x200001fd   Data           1  actuator.o(.data)
    CleanEn                                  0x200001fe   Data           1  actuator.o(.data)
    DustEn                                   0x200001ff   Data           1  actuator.o(.data)
    RagChangeEn                              0x20000200   Data           1  actuator.o(.data)
    SparyWaterInit                           0x20000201   Data           1  actuator.o(.data)
    SparyWaterOnCnt                          0x20000202   Data           1  actuator.o(.data)
    CleanInit                                0x20000203   Data           1  actuator.o(.data)
    DustInit                                 0x20000204   Data           1  actuator.o(.data)
    SparyWaterOffCnt                         0x20000206   Data           2  actuator.o(.data)
    CleanPwm                                 0x20000208   Data           2  actuator.o(.data)
    CleanPwmStep                             0x2000020a   Data           2  actuator.o(.data)
    DustPwm                                  0x2000020c   Data           2  actuator.o(.data)
    DustPwmStep                              0x2000020e   Data           2  actuator.o(.data)
    CleanPwmOn                               0x20000210   Data           2  actuator.o(.data)
    DustPwmOn                                0x20000212   Data           2  actuator.o(.data)
    fanLevelPre                              0x20000214   Data           1  actuator.o(.data)
    sideBroomLevelPre                        0x20000215   Data           1  actuator.o(.data)
    midBroomLevelPre                         0x20000216   Data           1  actuator.o(.data)
    timeDiffer                               0x20000218   Data           8  actuator.o(.data)
    Sys_Angle                                0x20000230   Data           2  gyro_i2c.o(.data)
    Sys_Anglerate                            0x20000232   Data           2  gyro_i2c.o(.data)
    Sys_AnglePre                             0x20000234   Data           2  gyro_i2c.o(.data)
    Sys_Angle2                               0x20000236   Data           2  gyro_i2c.o(.data)
    Sys_AnglexInit                           0x20000238   Data           2  gyro_i2c.o(.data)
    IIcRevBytes                              0x2000023a   Data           1  gyro_i2c.o(.data)
    GyroReady                                0x2000023b   Data           1  gyro_i2c.o(.data)
    GyroDataVlid                             0x2000023c   Data           1  gyro_i2c.o(.data)
    Icm_Init_Cnt                             0x2000023e   Data           2  gyro_i2c.o(.data)
    Battery_Charge_En                        0x20000240   Data           1  gyro_i2c.o(.data)
    GyroInitEn                               0x20000241   Data           1  gyro_i2c.o(.data)
    ADXLInitEn                               0x20000242   Data           1  gyro_i2c.o(.data)
    I2CFrameTrans                            0x20000243   Data           1  gyro_i2c.o(.data)
    GyroIcmInit                              0x20000244   Data           1  gyro_i2c.o(.data)
    BatteryChargeInit                        0x20000245   Data           1  gyro_i2c.o(.data)
    I2C_SendPts                              0x20000246   Data           1  gyro_i2c.o(.data)
    I2C_ReqDevice                            0x20000247   Data           6  gyro_i2c.o(.data)
    I2C_ReqDeviceLockedBak                   0x2000024d   Data           6  gyro_i2c.o(.data)
    I2C_Core                                 0x20000254   Data           4  gyro_i2c.o(.data)
    I2C_Status                               0x20000258   Data           1  gyro_i2c.o(.data)
    I2C_Req                                  0x20000259   Data           1  gyro_i2c.o(.data)
    I2C_ReqLock                              0x2000025a   Data           1  gyro_i2c.o(.data)
    I2C_ReqLocked                            0x2000025b   Data           1  gyro_i2c.o(.data)
    AccBuf                                   0x2000025c   Data           6  gyro_i2c.o(.data)
    PathPlanMode                             0x2000029c   Data           1  pathplan.o(.data)
    PathPlanStep                             0x2000029d   Data           1  pathplan.o(.data)
    SubStep                                  0x2000029e   Data           1  pathplan.o(.data)
    UltraFrontDisMin                         0x200002a0   Data           2  pathplan.o(.data)
    UltraFrontAngle                          0x200002a2   Data           2  pathplan.o(.data)
    SysInitAngle                             0x200002a4   Data           2  pathplan.o(.data)
    SysFirstAngle                            0x200002a6   Data           2  pathplan.o(.data)
    BumpStaBak                               0x200002a8   Data           1  pathplan.o(.data)
    BumpCnt                                  0x200002a9   Data           1  pathplan.o(.data)
    FlagUltraRising                          0x200002aa   Data           3  pathplan.o(.data)
    FlagUltraFalling                         0x200002ad   Data           3  pathplan.o(.data)
    FlagRobotTurnOK                          0x200002b0   Data           3  pathplan.o(.data)
    PathPlanEn                               0x200002b3   Data           1  pathplan.o(.data)
    UltraSignalCalEn                         0x200002b4   Data           1  pathplan.o(.data)
    StartPosEn                               0x200002b5   Data           1  pathplan.o(.data)
    EndPosCheckEn                            0x200002b6   Data           1  pathplan.o(.data)
    EndPosGet                                0x200002b7   Data           1  pathplan.o(.data)
    RobitLineMileage                         0x200002b8   Data           4  pathplan.o(.data)
    PathPlanAngle                            0x200002bc   Data           2  pathplan.o(.data)
    VoiceStatus                              0x200002e2   Data           1  voice.o(.data)
    VoiceHandshake                           0x200002e3   Data           1  voice.o(.data)
    VoiceInit                                0x200002e4   Data           1  voice.o(.data)
    VoiceReq                                 0x200002e5   Data           1  voice.o(.data)
    Vocie_DealEn                             0x200002e6   Data           1  voice.o(.data)
    K_x                                      0x200002e8   Data           2  filter.o(.data)
    new_flag_x                               0x200002ea   Data           1  filter.o(.data)
    num_x                                    0x200002eb   Data           1  filter.o(.data)
    Enable                                   0x20000300   Data           1  handshake.o(.data)
    VersionInfo                              0x20000304   Data           4  handshake.o(.data)
    MyDevice                                 0x20000d50   Data         396  vl53l0x_continuousranging_example.o(.bss)
    RangingMeasurementData                   0x20000edc   Data          28  vl53l0x_continuousranging_example.o(.bss)
    ADCDataValid                             0x20000f04   Data          10  adc.o(.bss)
    ADC_ConvertedValue                       0x20000f0e   Data          20  adc.o(.bss)
    ADC_ConvertedValue1                      0x20000f22   Data         120  adc.o(.bss)
    ADC_ConvertedValue_New                   0x20000f9a   Data          20  adc.o(.bss)
    ADC_ConvertedValue_Old                   0x20000fae   Data          20  adc.o(.bss)
    ADC_ConvertedValue_Val                   0x20000fc2   Data          20  adc.o(.bss)
    LeftMotor                                0x20000fd8   Data          36  robit_run.o(.bss)
    RightMotor                               0x20000ffc   Data          36  robit_run.o(.bss)
    LeftMotorSpeed                           0x20001020   Data          12  robit_run.o(.bss)
    RightMotorSpeed                          0x2000102c   Data          12  robit_run.o(.bss)
    UART_SendBuf                             0x20001038   Data         250  uart.o(.bss)
    UART2_SendBuf                            0x20001132   Data         100  uart.o(.bss)
    UART_RcvBuf                              0x20001196   Data         250  uart.o(.bss)
    ControlReg                               0x20001290   Data          55  uart.o(.bss)
    UartAck                                  0x200012c7   Data         343  uart.o(.bss)
    UartAck_P                                0x2000141e   Data         233  uart.o(.bss)
    a                                        0x20001508   Data          12  uart.o(.bss)
    w                                        0x20001514   Data          12  uart.o(.bss)
    angle                                    0x20001520   Data          12  uart.o(.bss)
    Uart2_RevBuf                             0x2000152c   Data          40  uart.o(.bss)
    Kp                                       0x20001554   Data          20  pid.o(.bss)
    Kd                                       0x20001568   Data          20  pid.o(.bss)
    Ki                                       0x2000157c   Data          20  pid.o(.bss)
    LastPID_I                                0x20001590   Data          20  pid.o(.bss)
    Last_Value                               0x200015a4   Data          10  pid.o(.bss)
    g_display_buf                            0x200015ae   Data          10  display_key.o(.bss)
    WallData                                 0x200015b8   Data          80  signal.o(.bss)
    EarthData                                0x20001608   Data          32  signal.o(.bss)
    Indr                                     0x20001628   Data          56  signal.o(.bss)
    Ultra_RevTimeSum                         0x20001660   Data          12  signal.o(.bss)
    BatteryKalman                            0x2000166c   Data          28  battery.o(.bss)
    MopPar                                   0x20001688   Data          18  actuator.o(.bss)
    IIcRevData                               0x2000169c   Data          20  gyro_i2c.o(.bss)
    I2C_RevDataVL53L0X                       0x200016b0   Data          10  gyro_i2c.o(.bss)
    I2C_Gyro                                 0x200016ba   Data          18  gyro_i2c.o(.bss)
    I2C_ADXL                                 0x200016cc   Data          18  gyro_i2c.o(.bss)
    I2C_Gyro_Icm                             0x200016de   Data          18  gyro_i2c.o(.bss)
    I2C_Charge                               0x200016f0   Data          18  gyro_i2c.o(.bss)
    I2C_VL53L0X                              0x20001702   Data          18  gyro_i2c.o(.bss)
    IcmData                                  0x20001714   Data          15  gyro_i2c.o(.bss)
    IcmDataByKalman                          0x20001723   Data          15  gyro_i2c.o(.bss)
    GyroKalman                               0x20001734   Data         168  gyro_i2c.o(.bss)
    StartPos                                 0x200017f4   Data          12  pathplan.o(.bss)
    Motion_Pos                               0x2000181c   Data          12  pos.o(.bss)
    imu                                      0x20001828   Data         188  imu.o(.bss)
    _random_number_data                      0x20001a7c   Data         228  rand.o(.bss)
    __libspace_start                         0x20001b60   Data          96  libspace.o(.bss)
    __temporary_stack_top$libspace           0x20001bc0   Data           0  libspace.o(.bss)



==============================================================================

Memory Map of the image

  Image Entry point : 0x08000131

  Load Region LR_IROM1 (Base: 0x08000000, Size: 0x0000eb84, Max: 0x00040000, ABSOLUTE, COMPRESSED[0x0000e8d0])

    Execution Region ER_IROM1 (Base: 0x08000000, Size: 0x0000de34, Max: 0x00040000, ABSOLUTE)

    Base Addr    Size         Type   Attr      Idx    E Section Name        Object

    0x08000000   0x00000130   Data   RO          823    RESET               startup_stm32f10x_hd.o
    0x08000130   0x00000008   Code   RO         1816  * !!!main             c_w.l(__main.o)
    0x08000138   0x00000034   Code   RO         2191    !!!scatter          c_w.l(__scatter.o)
    0x0800016c   0x0000003a   Code   RO         2189    !!dczerorl          c_w.l(__dczerorl.o)
    0x080001a6   0x00000002   PAD
    0x080001a8   0x0000001c   Code   RO         2193    !!handler_zi        c_w.l(__scatter_zi.o)
    0x080001c4   0x00000002   Code   RO         2109    .ARM.Collect$$libinit$$00000000  c_w.l(libinit.o)
    0x080001c6   0x00000000   Code   RO         1944    .ARM.Collect$$libinit$$00000002  c_w.l(libinit2.o)
    0x080001c6   0x00000000   Code   RO         1946    .ARM.Collect$$libinit$$00000004  c_w.l(libinit2.o)
    0x080001c6   0x00000000   Code   RO         1949    .ARM.Collect$$libinit$$0000000A  c_w.l(libinit2.o)
    0x080001c6   0x00000000   Code   RO         1951    .ARM.Collect$$libinit$$0000000C  c_w.l(libinit2.o)
    0x080001c6   0x00000004   Code   RO         1952    .ARM.Collect$$libinit$$0000000D  c_w.l(libinit2.o)
    0x080001ca   0x00000000   Code   RO         1953    .ARM.Collect$$libinit$$0000000E  c_w.l(libinit2.o)
    0x080001ca   0x00000000   Code   RO         1956    .ARM.Collect$$libinit$$00000011  c_w.l(libinit2.o)
    0x080001ca   0x00000000   Code   RO         1958    .ARM.Collect$$libinit$$00000013  c_w.l(libinit2.o)
    0x080001ca   0x00000000   Code   RO         1960    .ARM.Collect$$libinit$$00000015  c_w.l(libinit2.o)
    0x080001ca   0x00000000   Code   RO         1962    .ARM.Collect$$libinit$$00000017  c_w.l(libinit2.o)
    0x080001ca   0x00000000   Code   RO         1964    .ARM.Collect$$libinit$$00000019  c_w.l(libinit2.o)
    0x080001ca   0x00000000   Code   RO         1966    .ARM.Collect$$libinit$$0000001B  c_w.l(libinit2.o)
    0x080001ca   0x00000000   Code   RO         1968    .ARM.Collect$$libinit$$0000001D  c_w.l(libinit2.o)
    0x080001ca   0x00000000   Code   RO         1970    .ARM.Collect$$libinit$$0000001F  c_w.l(libinit2.o)
    0x080001ca   0x00000000   Code   RO         1972    .ARM.Collect$$libinit$$00000021  c_w.l(libinit2.o)
    0x080001ca   0x00000000   Code   RO         1974    .ARM.Collect$$libinit$$00000023  c_w.l(libinit2.o)
    0x080001ca   0x00000000   Code   RO         1976    .ARM.Collect$$libinit$$00000025  c_w.l(libinit2.o)
    0x080001ca   0x00000000   Code   RO         1980    .ARM.Collect$$libinit$$0000002C  c_w.l(libinit2.o)
    0x080001ca   0x00000000   Code   RO         1982    .ARM.Collect$$libinit$$0000002E  c_w.l(libinit2.o)
    0x080001ca   0x00000000   Code   RO         1984    .ARM.Collect$$libinit$$00000030  c_w.l(libinit2.o)
    0x080001ca   0x00000000   Code   RO         1986    .ARM.Collect$$libinit$$00000032  c_w.l(libinit2.o)
    0x080001ca   0x00000002   Code   RO         1987    .ARM.Collect$$libinit$$00000033  c_w.l(libinit2.o)
    0x080001cc   0x00000002   Code   RO         2150    .ARM.Collect$$libshutdown$$00000000  c_w.l(libshutdown.o)
    0x080001ce   0x00000000   Code   RO         2156    .ARM.Collect$$libshutdown$$00000002  c_w.l(libshutdown2.o)
    0x080001ce   0x00000000   Code   RO         2158    .ARM.Collect$$libshutdown$$00000004  c_w.l(libshutdown2.o)
    0x080001ce   0x00000000   Code   RO         2161    .ARM.Collect$$libshutdown$$00000007  c_w.l(libshutdown2.o)
    0x080001ce   0x00000000   Code   RO         2164    .ARM.Collect$$libshutdown$$0000000A  c_w.l(libshutdown2.o)
    0x080001ce   0x00000000   Code   RO         2166    .ARM.Collect$$libshutdown$$0000000C  c_w.l(libshutdown2.o)
    0x080001ce   0x00000000   Code   RO         2169    .ARM.Collect$$libshutdown$$0000000F  c_w.l(libshutdown2.o)
    0x080001ce   0x00000002   Code   RO         2170    .ARM.Collect$$libshutdown$$00000010  c_w.l(libshutdown2.o)
    0x080001d0   0x00000000   Code   RO         1940    .ARM.Collect$$rtentry$$00000000  c_w.l(__rtentry.o)
    0x080001d0   0x00000000   Code   RO         2060    .ARM.Collect$$rtentry$$00000002  c_w.l(__rtentry2.o)
    0x080001d0   0x00000006   Code   RO         2072    .ARM.Collect$$rtentry$$00000004  c_w.l(__rtentry4.o)
    0x080001d6   0x00000000   Code   RO         2062    .ARM.Collect$$rtentry$$00000009  c_w.l(__rtentry2.o)
    0x080001d6   0x00000004   Code   RO         2063    .ARM.Collect$$rtentry$$0000000A  c_w.l(__rtentry2.o)
    0x080001da   0x00000000   Code   RO         2065    .ARM.Collect$$rtentry$$0000000C  c_w.l(__rtentry2.o)
    0x080001da   0x00000008   Code   RO         2066    .ARM.Collect$$rtentry$$0000000D  c_w.l(__rtentry2.o)
    0x080001e2   0x00000002   Code   RO         2116    .ARM.Collect$$rtexit$$00000000  c_w.l(rtexit.o)
    0x080001e4   0x00000000   Code   RO         2130    .ARM.Collect$$rtexit$$00000002  c_w.l(rtexit2.o)
    0x080001e4   0x00000004   Code   RO         2131    .ARM.Collect$$rtexit$$00000003  c_w.l(rtexit2.o)
    0x080001e8   0x00000006   Code   RO         2132    .ARM.Collect$$rtexit$$00000004  c_w.l(rtexit2.o)
    0x080001ee   0x00000002   PAD
    0x080001f0   0x00000034   Code   RO         1799    .emb_text           c_w.l(rand.o)
    0x08000224   0x000001e8   Code   RO           20    .text               system_stm32f10x.o
    0x0800040c   0x0000006c   Code   RO          221    .text               main.o
    0x08000478   0x00000b58   Code   RO          245    .text               init.o
    0x08000fd0   0x000002b8   Code   RO          284    .text               adc.o
    0x08001288   0x00001dc0   Code   RO          315    .text               robit_run.o
    0x08003048   0x00001e3c   Code   RO          361    .text               uart.o
    0x08004e84   0x000002c4   Code   RO          394    .text               pid.o
    0x08005148   0x00000584   Code   RO          425    .text               display_key.o
    0x080056cc   0x00000bfc   Code   RO          461    .text               signal.o
    0x080062c8   0x00000380   Code   RO          494    .text               battery.o
    0x08006648   0x00000510   Code   RO          528    .text               actuator.o
    0x08006b58   0x00000e90   Code   RO          559    .text               gyro_i2c.o
    0x080079e8   0x000020c8   Code   RO          594    .text               pathplan.o
    0x08009ab0   0x000000ac   Code   RO          688    .text               filter.o
    0x08009b5c   0x000002f4   Code   RO          712    .text               kalman_filter.o
    0x08009e50   0x00000040   Code   RO          824    .text               startup_stm32f10x_hd.o
    0x08009e90   0x000000dc   Code   RO          831    .text               misc.o
    0x08009f6c   0x0000044e   Code   RO          855    .text               stm32f10x_adc.o
    0x0800a3ba   0x00000002   PAD
    0x0800a3bc   0x00000254   Code   RO         1041    .text               stm32f10x_dma.o
    0x0800a610   0x0000011c   Code   RO         1065    .text               stm32f10x_exti.o
    0x0800a72c   0x0000035c   Code   RO         1143    .text               stm32f10x_gpio.o
    0x0800aa88   0x000003e8   Code   RO         1167    .text               stm32f10x_i2c.o
    0x0800ae70   0x000000cc   Code   RO         1218    .text               stm32f10x_pwr.o
    0x0800af3c   0x000003ac   Code   RO         1242    .text               stm32f10x_rcc.o
    0x0800b2e8   0x00000e1a   Code   RO         1349    .text               stm32f10x_tim.o
    0x0800c102   0x00000002   PAD
    0x0800c104   0x00000408   Code   RO         1373    .text               stm32f10x_usart.o
    0x0800c50c   0x0000003c   Code   RO         1800    .text               c_w.l(rand.o)
    0x0800c548   0x00000058   Code   RO         1804    .text               c_w.l(memcmp.o)
    0x0800c5a0   0x0000008a   Code   RO         1808    .text               c_w.l(rt_memcpy_v6.o)
    0x0800c62a   0x00000064   Code   RO         1810    .text               c_w.l(rt_memcpy_w.o)
    0x0800c68e   0x00000006   Code   RO         1814    .text               c_w.l(heapauxi.o)
    0x0800c694   0x00000008   Code   RO         2093    .text               c_w.l(libspace.o)
    0x0800c69c   0x0000004a   Code   RO         2096    .text               c_w.l(sys_stackheap_outer.o)
    0x0800c6e6   0x00000012   Code   RO         2098    .text               c_w.l(exit.o)
    0x0800c6f8   0x00000002   Code   RO         2126    .text               c_w.l(use_no_semi.o)
    0x0800c6fa   0x00000000   Code   RO         2128    .text               c_w.l(indicate_semi.o)
    0x0800c6fa   0x00000002   PAD
    0x0800c6fc   0x0000000c   Code   RO         2142    .text               c_w.l(sys_exit.o)
    0x0800c708   0x00000278   Code   RO         1766    i.AES_encrypt       handshake.lib(aes128.o)
    0x0800c980   0x00000070   Code   RO         1768    i.AES_keyschedule_enc  handshake.lib(aes128.o)
    0x0800c9f0   0x00000054   Code   RO         1609    i.HandshakeData1    handshake.lib(handshake.o)
    0x0800ca44   0x00000044   Code   RO         1610    i.HandshakeData2    handshake.lib(handshake.o)
    0x0800ca88   0x000000b0   Code   RO         1611    i.HandshakeInit     handshake.lib(handshake.o)
    0x0800cb38   0x00000062   Code   RO         1818    x$fpl$d2f           fz_ws.l(d2f.o)
    0x0800cb9a   0x00000002   PAD
    0x0800cb9c   0x00000150   Code   RO         1820    x$fpl$dadd          fz_ws.l(daddsub_clz.o)
    0x0800ccec   0x00000018   Code   RO         1988    x$fpl$dcmpinf       fz_ws.l(dcmpi.o)
    0x0800cd04   0x000002b0   Code   RO         1827    x$fpl$ddiv          fz_ws.l(ddiv.o)
    0x0800cfb4   0x0000005e   Code   RO         1830    x$fpl$dfix          fz_ws.l(dfix.o)
    0x0800d012   0x00000002   PAD
    0x0800d014   0x0000005a   Code   RO         1834    x$fpl$dfixu         fz_ws.l(dfixu.o)
    0x0800d06e   0x0000002e   Code   RO         1839    x$fpl$dflt          fz_ws.l(dflt_clz.o)
    0x0800d09c   0x00000026   Code   RO         1838    x$fpl$dfltu         fz_ws.l(dflt_clz.o)
    0x0800d0c2   0x00000002   PAD
    0x0800d0c4   0x00000078   Code   RO         1844    x$fpl$dleqf         fz_ws.l(dleqf.o)
    0x0800d13c   0x00000154   Code   RO         1846    x$fpl$dmul          fz_ws.l(dmul.o)
    0x0800d290   0x0000009c   Code   RO         1990    x$fpl$dnaninf       fz_ws.l(dnaninf.o)
    0x0800d32c   0x0000000c   Code   RO         1992    x$fpl$dretinf       fz_ws.l(dretinf.o)
    0x0800d338   0x0000006c   Code   RO         1848    x$fpl$drleqf        fz_ws.l(drleqf.o)
    0x0800d3a4   0x000001d4   Code   RO         1822    x$fpl$dsub          fz_ws.l(daddsub_clz.o)
    0x0800d578   0x00000056   Code   RO         1850    x$fpl$f2d           fz_ws.l(f2d.o)
    0x0800d5ce   0x00000002   PAD
    0x0800d5d0   0x000000c4   Code   RO         1852    x$fpl$fadd          fz_ws.l(faddsub_clz.o)
    0x0800d694   0x00000018   Code   RO         1996    x$fpl$fcmpinf       fz_ws.l(fcmpi.o)
    0x0800d6ac   0x00000184   Code   RO         1859    x$fpl$fdiv          fz_ws.l(fdiv.o)
    0x0800d830   0x00000036   Code   RO         1864    x$fpl$ffix          fz_ws.l(ffix.o)
    0x0800d866   0x00000002   PAD
    0x0800d868   0x0000003e   Code   RO         1868    x$fpl$ffixu         fz_ws.l(ffixu.o)
    0x0800d8a6   0x00000002   PAD
    0x0800d8a8   0x00000030   Code   RO         1873    x$fpl$fflt          fz_ws.l(fflt_clz.o)
    0x0800d8d8   0x00000026   Code   RO         1872    x$fpl$ffltu         fz_ws.l(fflt_clz.o)
    0x0800d8fe   0x00000002   PAD
    0x0800d900   0x00000068   Code   RO         1878    x$fpl$fleqf         fz_ws.l(fleqf.o)
    0x0800d968   0x00000102   Code   RO         1880    x$fpl$fmul          fz_ws.l(fmul.o)
    0x0800da6a   0x0000008c   Code   RO         1998    x$fpl$fnaninf       fz_ws.l(fnaninf.o)
    0x0800daf6   0x0000000a   Code   RO         2000    x$fpl$fretinf       fz_ws.l(fretinf.o)
    0x0800db00   0x00000062   Code   RO         1882    x$fpl$frleqf        fz_ws.l(frleqf.o)
    0x0800db62   0x00000014   Code   RO         1853    x$fpl$frsb          fz_ws.l(faddsub_clz.o)
    0x0800db76   0x00000002   PAD
    0x0800db78   0x000000ea   Code   RO         1854    x$fpl$fsub          fz_ws.l(faddsub_clz.o)
    0x0800dc62   0x00000000   Code   RO         2006    x$fpl$usenofp       fz_ws.l(usenofp.o)
    0x0800dc62   0x00000044   Data   RO          317    .constdata          robit_run.o
    0x0800dca6   0x000000e0   Data   RO          363    .constdata          uart.o
    0x0800dd86   0x0000000a   Data   RO          427    .constdata          display_key.o
    0x0800dd90   0x00000036   Data   RO          561    .constdata          gyro_i2c.o
    0x0800ddc6   0x00000002   PAD
    0x0800ddc8   0x00000030   Data   RO         1613    .constdata          handshake.lib(handshake.o)
    0x0800ddf8   0x0000001c   Data   RO         1614    .conststring        handshake.lib(handshake.o)
    0x0800de14   0x00000020   Data   RO         2187    Region$$Table       anon$$obj.o


    Execution Region RW_IRAM1 (Base: 0x20000000, Size: 0x000021c0, Max: 0x0000c000, ABSOLUTE, COMPRESSED[0x00000a9c])

    Base Addr    Size         Type   Attr      Idx    E Section Name        Object

    0x20000000   0x00000014   Data   RW           21    .data               system_stm32f10x.o
    0x20000014   0x0000000d   Data   RW          157    .data               vl53l0x_continuousranging_example.o
    0x20000021   0x00000003   PAD
    0x20000024   0x0000000e   Data   RW          247    .data               init.o
    0x20000032   0x00000010   Data   RW          286    .data               adc.o
    0x20000042   0x00000002   PAD
    0x20000044   0x000000a8   Data   RW          318    .data               robit_run.o
    0x200000ec   0x00000064   Data   RW          364    .data               uart.o
    0x20000150   0x0000000c   Data   RW          396    .data               pid.o
    0x2000015c   0x00000010   Data   RW          428    .data               display_key.o
    0x2000016c   0x00000054   Data   RW          463    .data               signal.o
    0x200001c0   0x0000003c   Data   RW          496    .data               battery.o
    0x200001fc   0x00000033   Data   RW          530    .data               actuator.o
    0x2000022f   0x00000001   PAD
    0x20000230   0x0000006c   Data   RW          562    .data               gyro_i2c.o
    0x2000029c   0x00000046   Data   RW          596    .data               pathplan.o
    0x200002e2   0x00000006   Data   RW          627    .data               voice.o
    0x200002e8   0x00000004   Data   RW          689    .data               filter.o
    0x200002ec   0x00000014   Data   RW         1243    .data               stm32f10x_rcc.o
    0x20000300   0x00000028   Data   RW         1615    .data               handshake.lib(handshake.o)
    0x20000328   0x00000a28   Data   RW         1769    .data               handshake.lib(aes128.o)
    0x20000d50   0x000001a8   Zero   RW          156    .bss                vl53l0x_continuousranging_example.o
    0x20000ef8   0x0000000c   Zero   RW          246    .bss                init.o
    0x20000f04   0x000000d2   Zero   RW          285    .bss                adc.o
    0x20000fd6   0x00000002   PAD
    0x20000fd8   0x00000060   Zero   RW          316    .bss                robit_run.o
    0x20001038   0x0000051c   Zero   RW          362    .bss                uart.o
    0x20001554   0x0000005a   Zero   RW          395    .bss                pid.o
    0x200015ae   0x0000000a   Zero   RW          426    .bss                display_key.o
    0x200015b8   0x000000b4   Zero   RW          462    .bss                signal.o
    0x2000166c   0x0000001c   Zero   RW          495    .bss                battery.o
    0x20001688   0x00000012   Zero   RW          529    .bss                actuator.o
    0x2000169a   0x00000002   PAD
    0x2000169c   0x00000158   Zero   RW          560    .bss                gyro_i2c.o
    0x200017f4   0x00000028   Zero   RW          595    .bss                pathplan.o
    0x2000181c   0x0000000c   Zero   RW          657    .bss                pos.o
    0x20001828   0x000000d4   Zero   RW          728    .bss                imu.o
    0x200018fc   0x00000180   Zero   RW         1612    .bss                handshake.lib(handshake.o)
    0x20001a7c   0x000000e4   Zero   RW         1801    .bss                c_w.l(rand.o)
    0x20001b60   0x00000060   Zero   RW         2094    .bss                c_w.l(libspace.o)
    0x20001bc0   0x00000200   Zero   RW          822    HEAP                startup_stm32f10x_hd.o
    0x20001dc0   0x00000400   Zero   RW          821    STACK               startup_stm32f10x_hd.o


==============================================================================

Image component sizes


      Code (inc. data)   RO Data    RW Data    ZI Data      Debug   Object Name

      1296        132          0         51         18       4904   actuator.o
       696         40          0         16        210       3321   adc.o
       896        144          0         60         28       3984   battery.o
         0          0          0          0          0       4564   core_cm3.o
      1412        170         10         16         10       3938   display_key.o
       172         16          0          4          0       1088   filter.o
      3728        480         54        108        344      10207   gyro_i2c.o
         0          0          0          0        212       3189   imu.o
      2904        228          0         14         12       4986   init.o
       756          8          0          0          0       1958   kalman_filter.o
       108          0          0          0          0        567   main.o
       220         22          0          0          0       1969   misc.o
      8392        772          0         70         40       9806   pathplan.o
       708         88          0         12         90       3268   pid.o
         0          0          0          0         12       1784   pos.o
      7616        736         68        168         96      44128   robit_run.o
      3068        288          0         84        180       7923   signal.o
        64         26        304          0       1536        936   startup_stm32f10x_hd.o
      1102         26          0          0          0      11209   stm32f10x_adc.o
       596          8          0          0          0       4526   stm32f10x_dma.o
       284         10          0          0          0       2427   stm32f10x_exti.o
       860         38          0          0          0       5901   stm32f10x_gpio.o
      1000         16          0          0          0       9168   stm32f10x_i2c.o
       204         14          0          0          0       2027   stm32f10x_pwr.o
       940         44          0         20          0       9132   stm32f10x_rcc.o
      3610         88          0          0          0      23012   stm32f10x_tim.o
      1032         22          0          0          0       8628   stm32f10x_usart.o
       488         46          0         20          0     286707   system_stm32f10x.o
      7740        960        224        100       1308      20340   uart.o
         0          0          0         13        424      19968   vl53l0x_continuousranging_example.o
         0          0          0          6          0       2135   voice.o

    ----------------------------------------------------------------------
     49896       4422        694        768       4524     517700   Object Totals
         0          0         32          0          0          0   (incl. Generated)
         4          0          2          6          4          0   (incl. Padding)

    ----------------------------------------------------------------------

      Code (inc. data)   RO Data    RW Data    ZI Data      Debug   Library Member Name

        58          0          0          0          0          0   __dczerorl.o
         8          0          0          0          0         68   __main.o
         0          0          0          0          0          0   __rtentry.o
        12          0          0          0          0          0   __rtentry2.o
         6          0          0          0          0          0   __rtentry4.o
        52          8          0          0          0          0   __scatter.o
        28          0          0          0          0          0   __scatter_zi.o
        18          0          0          0          0         80   exit.o
         6          0          0          0          0        152   heapauxi.o
         0          0          0          0          0          0   indicate_semi.o
         2          0          0          0          0          0   libinit.o
         6          0          0          0          0          0   libinit2.o
         2          0          0          0          0          0   libshutdown.o
         2          0          0          0          0          0   libshutdown2.o
         8          4          0          0         96         68   libspace.o
        88          0          0          0          0         76   memcmp.o
       112         18          0          0        228        160   rand.o
       138          0          0          0          0         68   rt_memcpy_v6.o
       100          0          0          0          0         80   rt_memcpy_w.o
         2          0          0          0          0          0   rtexit.o
        10          0          0          0          0          0   rtexit2.o
        12          4          0          0          0         68   sys_exit.o
        74          0          0          0          0         80   sys_stackheap_outer.o
         2          0          0          0          0         68   use_no_semi.o
        98          4          0          0          0         92   d2f.o
       804         16          0          0          0        272   daddsub_clz.o
        24          0          0          0          0         68   dcmpi.o
       688        140          0          0          0        208   ddiv.o
        94          4          0          0          0         92   dfix.o
        90          4          0          0          0         92   dfixu.o
        84          0          0          0          0        136   dflt_clz.o
       120          4          0          0          0         92   dleqf.o
       340         12          0          0          0        104   dmul.o
       156          4          0          0          0         92   dnaninf.o
        12          0          0          0          0         68   dretinf.o
       108          0          0          0          0         80   drleqf.o
        86          4          0          0          0         84   f2d.o
       450          8          0          0          0        236   faddsub_clz.o
        24          0          0          0          0         68   fcmpi.o
       388         76          0          0          0         96   fdiv.o
        54          4          0          0          0         84   ffix.o
        62          4          0          0          0         84   ffixu.o
        86          0          0          0          0        136   fflt_clz.o
       104          4          0          0          0         84   fleqf.o
       258          4          0          0          0         84   fmul.o
       140          4          0          0          0         84   fnaninf.o
        10          0          0          0          0         68   fretinf.o
        98          0          0          0          0         68   frleqf.o
         0          0          0          0          0          0   usenofp.o
       744         12          0       2600          0       2780   aes128.o
       328         36         76         40        384       6979   handshake.o

    ----------------------------------------------------------------------
      6218        378         76       2640        708      13299   Library Totals
        22          0          0          0          0          0   (incl. Padding)

    ----------------------------------------------------------------------

      Code (inc. data)   RO Data    RW Data    ZI Data      Debug   Library Name

       746         34          0          0        324        968   c_w.l
      4378        296          0          0          0       2572   fz_ws.l
      1072         48         76       2640        384       9759   handshake.lib

    ----------------------------------------------------------------------
      6218        378         76       2640        708      13299   Library Totals

    ----------------------------------------------------------------------

==============================================================================


      Code (inc. data)   RO Data    RW Data    ZI Data      Debug   

     56114       4800        770       3408       5232     526003   Grand Totals
     56114       4800        770       2716       5232     526003   ELF Image Totals (compressed)
     56114       4800        770       2716          0          0   ROM Totals

==============================================================================

    Total RO  Size (Code + RO Data)                56884 (  55.55kB)
    Total RW  Size (RW Data + ZI Data)              8640 (   8.44kB)
    Total ROM Size (Code + RO Data + RW Data)      59600 (  58.20kB)

==============================================================================

