<html>
<body>
<pre>
<h1>礦ision Build Log</h1>
<h2>Tool Versions:</h2>
IDE-Version: μVision V5.23.0.0
Copyright (C) 2017 ARM Ltd and ARM Germany GmbH. All rights reserved.
License Information: t Microsoft, Microsoft, LIC=----
 
Tool Versions:
Toolchain:       MDK-ARM Professional  Version: 5.23
Toolchain Path:  D:\Program Files\Keil5\ARM\ARMCC\Bin
C Compiler:      Armcc.exe V5.06 update 4 (build 422)
Assembler:       Armasm.exe V5.06 update 4 (build 422)
Linker/Locator:  ArmLink.exe V5.06 update 4 (build 422)
Library Manager: ArmAr.exe V5.06 update 4 (build 422)
Hex Converter:   FromElf.exe V5.06 update 4 (build 422)
CPU DLL:         SARMCM3.DLL V5.23
Dialog DLL:      DCM.DLL V1.15.0.0
Target DLL:      STLink\ST-LINKIII-KEIL_SWO.dll V2.0.18.0
Dialog DLL:      TCM.DLL V1.27.0.0
 
<h2>Project:</h2>
E:\项目资料\SDJR\02.Code\SDJR_Soft_For Driver V2.0\V3.04_1212 for Driver2.0 - Git\MDK_PRJ\SDJR_Project.uvprojx
Project File Date:  02/26/2018

<h2>Output:</h2>
*** Using Compiler 'V5.06 update 4 (build 422)', folder: 'D:\Program Files\Keil5\ARM\ARMCC\Bin'
Build target 'SDJR_Project'
compiling vl53l0x_ContinuousRanging_Example.c...
compiling system_stm32f10x.c...
compiling core_cm3.c...
compiling main.c...
compiling ADC.c...
compiling Init.c...
..\USER\src\Init.c(66): warning:  #550-D: variable "CpuID"  was set but never used
      static u32 CpuID[3];
..\USER\src\Init.c: 1 warning, 0 errors
compiling PID.c...
compiling Robit_Run.c...
..\USER\src\Robit_Run.c(1707): warning:  #177-D: variable "Gyro_x_Bak"  was declared but never referenced
      static int16_t Gyro_x_Bak;
..\USER\src\Robit_Run.c: 1 warning, 0 errors
compiling UART.c...
compiling Display_Key.c...
compiling Signal.c...
compiling Battery.c...
compiling Actuator.c...
compiling Gyro_I2C.c...
compiling Voice.c...
compiling PathPlan.c...
compiling Pos.c...
compiling filter.c...
compiling kalman_filter.c...
compiling IMU.c...
compiling IMUSO3.c...
compiling filterLPC.c...
assembling startup_stm32f10x_hd.s...
compiling misc.c...
compiling stm32f10x_adc.c...
compiling stm32f10x_bkp.c...
compiling stm32f10x_cec.c...
compiling stm32f10x_can.c...
compiling stm32f10x_crc.c...
compiling stm32f10x_dac.c...
compiling stm32f10x_dbgmcu.c...
compiling stm32f10x_dma.c...
compiling stm32f10x_exti.c...
compiling stm32f10x_flash.c...
compiling stm32f10x_gpio.c...
compiling stm32f10x_i2c.c...
compiling stm32f10x_fsmc.c...
compiling stm32f10x_iwdg.c...
compiling stm32f10x_rcc.c...
compiling stm32f10x_pwr.c...
compiling stm32f10x_rtc.c...
compiling stm32f10x_spi.c...
compiling stm32f10x_sdio.c...
compiling stm32f10x_tim.c...
compiling stm32f10x_wwdg.c...
compiling stm32f10x_usart.c...
compiling vl53l0x_api_calibration.c...
compiling vl53l0x_api.c...
compiling vl53l0x_api_core.c...
compiling vl53l0x_api_ranging.c...
compiling vl53l0x_api_strings.c...
compiling vl53l0x_platform_log.c...
compiling vl53l0x_platform.c...
linking...
Program Size: Code=75834 RO-data=770 RW-data=4104 ZI-data=5536  
FromELF: creating hex file...
".\SDJR_Project.axf" - 0 Error(s), 2 Warning(s).

<h2>Software Packages used:</h2>

Package Vendor: ARM
                http://www.keil.com/pack/ARM.CMSIS.5.0.1.pack
                ARM::CMSIS:CORE:5.0.1
                CMSIS (Cortex Microcontroller Software Interface Standard)
   * Component: CORE Version: 5.0.1

<h2>Collection of Component include folders:</h2>
  .\RTE\_SDJR_Project
  D:\Program Files\Keil5\ARM\PACK\ARM\CMSIS\5.0.1\CMSIS\Include
  D:\Program Files\Keil5\ARM\PACK\ARM\CMSIS\5.0.1\Device\ARM\ARMCM3\Include

<h2>Collection of Component Files used:</h2>

   * Component: ARM::CMSIS:CORE:5.0.1
Build Time Elapsed:  00:00:09
</pre>
</body>
</html>
