<html>
<body>
<pre>
<h1>µVision Build Log</h1>
<h2>Project:</h2>
E:\SDJR\Èí¼þ\V3.04_0811 for ICM20608\MDK_PRJ\SDJR_Project.uvproj
Project File Date:  08/16/2017

<h2>Output:</h2>
Build target 'SDJR_Project'
linking...
Program Size: Code=50126 RO-data=726 RW-data=3232 ZI-data=4176  
FromELF: creating hex file...
".\SDJR_Project.axf" - 0 Error(s), 0 Warning(s).
</pre>
</body>
</html>
 errors
compiling UART.c...
compiling PathPlan.c...
..\USER\src\PathPlan.c(1802): warning:  #550-D: variable "InfraRedWallLess" was set but never used
      static uint8_t SubStep = 0, InfraRedWallLess = 0;
..\USER\src\PathPlan.c: 1 warning, 0 errors
linking...
Program Size: Code=50126 RO-data=726 RW-data=3232 ZI-data=4176  
FromELF: creating hex file...
".\SDJR_Project.axf" - 0 Error(s), 2 Warning(s).
