<html>
<body>
<pre>
<h1>礦ision Build Log</h1>
<h2>Project:</h2>
E:\项目资料\SDJR\02.Code\SDJR_Soft_For Driver V2.0\V3.04_1212 for Driver2.0 - Git\MDK_PRJ\SDJR_Project.uvproj
Project File Date:  02/25/2018

<h2>Output:</h2>
Build target 'SDJR_Project'
linking...
Program Size: Code=55986 RO-data=770 RW-data=3412 ZI-data=5244  
FromELF: creating hex file...
".\SDJR_Project.axf" - 0 Errors, 0 Warning(s).
Load "E:\\项目资料\\SDJR\\02.Code\\SDJR_Soft_For Driver V2.0\\V3.04_1212 for Driver2.0 - Git\\MDK_PRJ\\SDJR_Project.axf" 
Erase Done.
Programming Done.
Verify OK.
Application running ...
Build target 'SDJR_Project'
compiling vl53l0x_platform.c...
linking...
Program Size: Code=55986 RO-data=770 RW-data=3412 ZI-data=5244  
FromELF: creating hex file...
".\SDJR_Project.axf" - 0 Errors, 0 Warning(s).
Build target 'SDJR_Project'
compiling vl53l0x_api.c...
compiling vl53l0x_api_calibration.c...
compiling vl53l0x_api_core.c...
compiling vl53l0x_api_ranging.c...
compiling vl53l0x_api_strings.c...
compiling vl53l0x_platform.c...
..\Libraries\vl53l0x\vl53l0x_platform.c(17): warning:  #1215-D: #warning directive: "HAL I2C module must be enable "
..\Libraries\vl53l0x\vl53l0x_platform.c(157): error:  #20: identifier "I2C_VL53L0X" is undefined
compiling vl53l0x_ContinuousRanging_Example.c...
".\SDJR_Project.axf" - 1 Errors, 1 Warning(s).
Target not created
Build target 'SDJR_Project'
compiling system_stm32f10x.c...
..\USER\inc\Gyro.h(65): error:  #20: identifier "I2CData_TypeDef" is undefined
compiling main.c...
..\USER\inc\Gyro.h(65): error:  #20: identifier "I2CData_TypeDef" is undefined
compiling Init.c...
..\USER\inc\Gyro.h(65): error:  #20: identifier "I2CData_TypeDef" is undefined
..\USER\src\Init.c(66): warning:  #550-D: variable "CpuID" was set but never used
compiling ADC.c...
..\USER\inc\Gyro.h(65): error:  #20: identifier "I2CData_TypeDef" is undefined
compiling Robit_Run.c...
..\USER\inc\Gyro.h(65): error:  #20: identifier "I2CData_TypeDef" is undefined
..\USER\src\Robit_Run.c(1707): warning:  #177-D: variable "Gyro_x_Bak" was declared but never referenced
compiling UART.c...
..\USER\inc\Gyro.h(65): error:  #20: identifier "I2CData_TypeDef" is undefined
compiling PID.c...
..\USER\inc\Gyro.h(65): error:  #20: identifier "I2CData_TypeDef" is undefined
compiling Display_Key.c...
..\USER\inc\Gyro.h(65): error:  #20: identifier "I2CData_TypeDef" is undefined
compiling Signal.c...
..\USER\inc\Gyro.h(65): error:  #20: identifier "I2CData_TypeDef" is undefined
compiling Battery.c...
..\USER\inc\Gyro.h(65): error:  #20: identifier "I2CData_TypeDef" is undefined
".\SDJR_Project.axf" - 10 Errors, 2 Warning(s).
Project build/rebuild aborted.
Build target 'SDJR_Project'
compiling system_stm32f10x.c...
compiling main.c...
compiling Init.c...
..\USER\src\Init.c(66): warning:  #550-D: variable "CpuID" was set but never used
compiling ADC.c...
compiling Robit_Run.c...
..\USER\src\Robit_Run.c(1707): warning:  #177-D: variable "Gyro_x_Bak" was declared but never referenced
compiling UART.c...
compiling PID.c...
compiling Display_Key.c...
compiling Signal.c...
compiling Battery.c...
compiling Actuator.c...
compiling Gyro_I2C.c...
..\USER\src\Gyro_I2C.c(47): error:  #256: invalid redeclaration of type name "I2CData_TypeDef" (declared at line 71 of "..\USER\inc\Gyro.h")
..\USER\src\Gyro_I2C.c(77): error:  #147: declaration is incompatible with "I2CData_TypeDef I2C_VL53L0X" (declared at line 83 of "..\USER\inc\Gyro.h")
compiling PathPlan.c...
compiling Voice.c...
compiling Pos.c...
compiling filter.c...
compiling IMU.c...
compiling IMUSO3.c...
compiling filterLPC.c...
compiling misc.c...
compiling stm32f10x_adc.c...
compiling stm32f10x_bkp.c...
compiling stm32f10x_can.c...
compiling stm32f10x_cec.c...
compiling stm32f10x_crc.c...
compiling stm32f10x_dac.c...
compiling stm32f10x_dbgmcu.c...
compiling stm32f10x_dma.c...
compiling stm32f10x_exti.c...
compiling stm32f10x_flash.c...
compiling stm32f10x_fsmc.c...
compiling stm32f10x_gpio.c...
compiling stm32f10x_i2c.c...
compiling stm32f10x_iwdg.c...
compiling stm32f10x_pwr.c...
compiling stm32f10x_rcc.c...
compiling stm32f10x_rtc.c...
compiling stm32f10x_sdio.c...
compiling stm32f10x_spi.c...
compiling stm32f10x_tim.c...
compiling stm32f10x_usart.c...
compiling stm32f10x_wwdg.c...
compiling vl53l0x_api.c...
compiling vl53l0x_api_calibration.c...
compiling vl53l0x_api_core.c...
compiling vl53l0x_api_ranging.c...
compiling vl53l0x_api_strings.c...
compiling vl53l0x_platform.c...
..\Libraries\vl53l0x\vl53l0x_platform.c(17): warning:  #1215-D: #warning directive: "HAL I2C module must be enable "
compiling vl53l0x_ContinuousRanging_Example.c...
".\SDJR_Project.axf" - 2 Errors, 3 Warning(s).
Target not created
Build target 'SDJR_Project'
compiling Gyro_I2C.c...
linking...
Program Size: Code=55990 RO-data=770 RW-data=3412 ZI-data=5236  
FromELF: creating hex file...
".\SDJR_Project.axf" - 0 Errors, 0 Warning(s).
Build target 'SDJR_Project'
compiling vl53l0x_platform.c...
..\Libraries\vl53l0x\vl53l0x_platform.c(17): warning:  #1215-D: #warning directive: "HAL I2C module must be enable "
linking...
Program Size: Code=55990 RO-data=770 RW-data=3412 ZI-data=5236  
FromELF: creating hex file...
".\SDJR_Project.axf" - 0 Errors, 1 Warning(s).
Build target 'SDJR_Project'
linking...
Program Size: Code=55990 RO-data=770 RW-data=3412 ZI-data=5236  
FromELF: creating hex file...
".\SDJR_Project.axf" - 0 Errors, 0 Warning(s).
Build target 'SDJR_Project'
linking...
Program Size: Code=55990 RO-data=770 RW-data=3412 ZI-data=5236  
FromELF: creating hex file...
".\SDJR_Project.axf" - 0 Errors, 0 Warning(s).
Build target 'SDJR_Project'
compiling main.c...
linking...
Program Size: Code=79422 RO-data=782 RW-data=4128 ZI-data=5792  
FromELF: creating hex file...
".\SDJR_Project.axf" - 0 Errors, 0 Warning(s).
Load "E:\\项目资料\\SDJR\\02.Code\\SDJR_Soft_For Driver V2.0\\V3.04_1212 for Driver2.0 - Git\\MDK_PRJ\\SDJR_Project.axf" 
Load "E:\\项目资料\\SDJR\\02.Code\\SDJR_Soft_For Driver V2.0\\V3.04_1212 for Driver2.0 - Git\\MDK_PRJ\\SDJR_Project.axf" 
Erase Done.
Programming Done.
Verify OK.
Application running ...
Build target 'SDJR_Project'
compiling main.c...
linking...
Program Size: Code=55990 RO-data=770 RW-data=3412 ZI-data=5236  
FromELF: creating hex file...
".\SDJR_Project.axf" - 0 Errors, 0 Warning(s).
Load "E:\\项目资料\\SDJR\\02.Code\\SDJR_Soft_For Driver V2.0\\V3.04_1212 for Driver2.0 - Git\\MDK_PRJ\\SDJR_Project.axf" 
Erase Done.
Programming Done.
Verify OK.
Application running ...
Build target 'SDJR_Project'
compiling vl53l0x_ContinuousRanging_Example.c...
..\Libraries\vl53l0x\vl53l0x_ContinuousRanging_Example.c(261): warning:  #111-D: statement is unreachable
linking...
Program Size: Code=55990 RO-data=770 RW-data=3412 ZI-data=5236  
FromELF: creating hex file...
".\SDJR_Project.axf" - 0 Errors, 1 Warning(s).
Build target 'SDJR_Project'
compiling main.c...
linking...
Program Size: Code=79334 RO-data=782 RW-data=4128 ZI-data=5792  
FromELF: creating hex file...
".\SDJR_Project.axf" - 0 Errors, 0 Warning(s).
Load "E:\\项目资料\\SDJR\\02.Code\\SDJR_Soft_For Driver V2.0\\V3.04_1212 for Driver2.0 - Git\\MDK_PRJ\\SDJR_Project.axf" 
Erase Done.
Programming Done.
Verify OK.
Application running ...
Build target 'SDJR_Project'
compiling main.c...
linking...
Program Size: Code=55990 RO-data=770 RW-data=3412 ZI-data=5236  
FromELF: creating hex file...
".\SDJR_Project.axf" - 0 Errors, 0 Warning(s).
Load "E:\\项目资料\\SDJR\\02.Code\\SDJR_Soft_For Driver V2.0\\V3.04_1212 for Driver2.0 - Git\\MDK_PRJ\\SDJR_Project.axf" 
Erase Done.
Programming Done.
Verify OK.
Application running ...
Build target 'SDJR_Project'
compiling vl53l0x_ContinuousRanging_Example.c...
linking...
Program Size: Code=55990 RO-data=770 RW-data=3408 ZI-data=5232  
FromELF: creating hex file...
".\SDJR_Project.axf" - 0 Errors, 0 Warning(s).
Build target 'SDJR_Project'
compiling main.c...
linking...
Program Size: Code=79310 RO-data=782 RW-data=4124 ZI-data=5788  
FromELF: creating hex file...
".\SDJR_Project.axf" - 0 Errors, 0 Warning(s).
Load "E:\\项目资料\\SDJR\\02.Code\\SDJR_Soft_For Driver V2.0\\V3.04_1212 for Driver2.0 - Git\\MDK_PRJ\\SDJR_Project.axf" 
Erase Done.
Programming Done.
Verify OK.
Application running ...
Build target 'SDJR_Project'
compiling vl53l0x_ContinuousRanging_Example.c...
linking...
Program Size: Code=79310 RO-data=782 RW-data=4124 ZI-data=5788  
FromELF: creating hex file...
".\SDJR_Project.axf" - 0 Errors, 0 Warning(s).
Load "E:\\项目资料\\SDJR\\02.Code\\SDJR_Soft_For Driver V2.0\\V3.04_1212 for Driver2.0 - Git\\MDK_PRJ\\SDJR_Project.axf" 
Erase Done.
Programming Done.
Verify OK.
Application running ...
Build target 'SDJR_Project'
compiling system_stm32f10x.c...
compiling main.c...
compiling Init.c...
..\USER\src\Init.c(66): warning:  #550-D: variable "CpuID" was set but never used
compiling ADC.c...
compiling Robit_Run.c...
..\USER\src\Robit_Run.c(1707): warning:  #177-D: variable "Gyro_x_Bak" was declared but never referenced
compiling UART.c...
compiling PID.c...
compiling Display_Key.c...
compiling Signal.c...
compiling Battery.c...
compiling Actuator.c...
compiling Gyro_I2C.c...
compiling PathPlan.c...
compiling Voice.c...
compiling Pos.c...
compiling filter.c...
compiling IMU.c...
compiling IMUSO3.c...
compiling filterLPC.c...
compiling misc.c...
compiling stm32f10x_adc.c...
compiling stm32f10x_bkp.c...
compiling stm32f10x_can.c...
compiling stm32f10x_cec.c...
compiling stm32f10x_crc.c...
compiling stm32f10x_dac.c...
compiling stm32f10x_dbgmcu.c...
compiling stm32f10x_dma.c...
compiling stm32f10x_exti.c...
compiling stm32f10x_flash.c...
compiling stm32f10x_fsmc.c...
compiling stm32f10x_gpio.c...
compiling stm32f10x_i2c.c...
compiling stm32f10x_iwdg.c...
compiling stm32f10x_pwr.c...
compiling stm32f10x_rcc.c...
compiling stm32f10x_rtc.c...
compiling stm32f10x_sdio.c...
compiling stm32f10x_spi.c...
compiling stm32f10x_tim.c...
compiling stm32f10x_usart.c...
compiling stm32f10x_wwdg.c...
compiling vl53l0x_api.c...
compiling vl53l0x_api_calibration.c...
compiling vl53l0x_api_core.c...
compiling vl53l0x_api_ranging.c...
compiling vl53l0x_api_strings.c...
compiling vl53l0x_platform.c...
..\Libraries\vl53l0x\vl53l0x_platform.c(17): warning:  #1215-D: #warning directive: "HAL I2C module must be enable "
compiling vl53l0x_ContinuousRanging_Example.c...
linking...
Program Size: Code=79310 RO-data=782 RW-data=4124 ZI-data=5788  
FromELF: creating hex file...
".\SDJR_Project.axf" - 0 Errors, 3 Warning(s).
Build target 'SDJR_Project'
compiling vl53l0x_platform.c...
linking...
Program Size: Code=79310 RO-data=782 RW-data=4124 ZI-data=5788  
FromELF: creating hex file...
".\SDJR_Project.axf" - 0 Errors, 0 Warning(s).
Load "E:\\项目资料\\SDJR\\02.Code\\SDJR_Soft_For Driver V2.0\\V3.04_1212 for Driver2.0 - Git\\MDK_PRJ\\SDJR_Project.axf" 
Erase Done.
Programming Done.
Verify OK.
Application running ...
Build target 'SDJR_Project'
linking...
Program Size: Code=79310 RO-data=782 RW-data=4124 ZI-data=5788  
FromELF: creating hex file...
".\SDJR_Project.axf" - 0 Errors, 0 Warning(s).
Load "E:\\项目资料\\SDJR\\02.Code\\SDJR_Soft_For Driver V2.0\\V3.04_1212 for Driver2.0 - Git\\MDK_PRJ\\SDJR_Project.axf" 
Erase Done.
Programming Done.
Verify OK.
Application running ...
Build target 'SDJR_Project'
compiling main.c...
linking...
Program Size: Code=55990 RO-data=770 RW-data=3408 ZI-data=5232  
FromELF: creating hex file...
".\SDJR_Project.axf" - 0 Errors, 0 Warning(s).
Build target 'SDJR_Project'
compiling vl53l0x_ContinuousRanging_Example.c...
linking...
.\SDJR_Project.axf: Error: L6218E: Undefined symbol vl53l0x_Mesure_En (referred from init.o).
".\SDJR_Project.axf" - 1 Errors, 0 Warning(s).
Target not created
Build target 'SDJR_Project'
compiling vl53l0x_ContinuousRanging_Example.c...
linking...
Program Size: Code=55990 RO-data=770 RW-data=3408 ZI-data=5232  
FromELF: creating hex file...
".\SDJR_Project.axf" - 0 Errors, 0 Warning(s).
Build target 'SDJR_Project'
linking...
Program Size: Code=55990 RO-data=770 RW-data=3408 ZI-data=5232  
FromELF: creating hex file...
".\SDJR_Project.axf" - 0 Errors, 0 Warning(s).
Load "E:\\项目资料\\SDJR\\02.Code\\SDJR_Soft_For Driver V2.0\\V3.04_1212 for Driver2.0 - Git\\MDK_PRJ\\SDJR_Project.axf" 
Erase Done.
Programming Done.
Verify OK.
Application running ...
Build target 'SDJR_Project'
compiling vl53l0x_ContinuousRanging_Example.c...
linking...
Program Size: Code=55990 RO-data=770 RW-data=3408 ZI-data=5232  
FromELF: creating hex file...
".\SDJR_Project.axf" - 0 Errors, 0 Warning(s).
Load "E:\\项目资料\\SDJR\\02.Code\\SDJR_Soft_For Driver V2.0\\V3.04_1212 for Driver2.0 - Git\\MDK_PRJ\\SDJR_Project.axf" 
Erase Done.
Programming Done.
Verify OK.
Application running ...
Load "E:\\项目资料\\SDJR\\02.Code\\SDJR_Soft_For Driver V2.0\\V3.04_1212 for Driver2.0 - Git\\MDK_PRJ\\SDJR_Project.axf" 
Erase Done.
Programming Done.
Verify OK.
Application running ...
Build target 'SDJR_Project'
compiling vl53l0x_ContinuousRanging_Example.c...
linking...
Program Size: Code=55990 RO-data=770 RW-data=3408 ZI-data=5232  
FromELF: creating hex file...
".\SDJR_Project.axf" - 0 Errors, 0 Warning(s).
Load "E:\\项目资料\\SDJR\\02.Code\\SDJR_Soft_For Driver V2.0\\V3.04_1212 for Driver2.0 - Git\\MDK_PRJ\\SDJR_Project.axf" 
Erase Done.
Programming Done.
Verify OK.
Application running ...
Build target 'SDJR_Project'
compiling vl53l0x_ContinuousRanging_Example.c...
linking...
Program Size: Code=55990 RO-data=770 RW-data=3408 ZI-data=5232  
FromELF: creating hex file...
".\SDJR_Project.axf" - 0 Errors, 0 Warning(s).
Load "E:\\项目资料\\SDJR\\02.Code\\SDJR_Soft_For Driver V2.0\\V3.04_1212 for Driver2.0 - Git\\MDK_PRJ\\SDJR_Project.axf" 
Erase Done.
Programming Done.
Verify OK.
Application running ...
Build target 'SDJR_Project'
compiling vl53l0x_ContinuousRanging_Example.c...
linking...
Program Size: Code=55990 RO-data=770 RW-data=3408 ZI-data=5232  
FromELF: creating hex file...
".\SDJR_Project.axf" - 0 Errors, 0 Warning(s).
Load "E:\\项目资料\\SDJR\\02.Code\\SDJR_Soft_For Driver V2.0\\V3.04_1212 for Driver2.0 - Git\\MDK_PRJ\\SDJR_Project.axf" 
Erase Done.
Programming Done.
Verify OK.
Application running ...
Build target 'SDJR_Project'
compiling vl53l0x_ContinuousRanging_Example.c...
linking...
Program Size: Code=55990 RO-data=770 RW-data=3408 ZI-data=5232  
FromELF: creating hex file...
".\SDJR_Project.axf" - 0 Errors, 0 Warning(s).
Load "E:\\项目资料\\SDJR\\02.Code\\SDJR_Soft_For Driver V2.0\\V3.04_1212 for Driver2.0 - Git\\MDK_PRJ\\SDJR_Project.axf" 
Erase Done.
Programming Done.
Verify OK.
Application running ...
Build target 'SDJR_Project'
compiling vl53l0x_ContinuousRanging_Example.c...
linking...
Program Size: Code=55990 RO-data=770 RW-data=3408 ZI-data=5232  
FromELF: creating hex file...
".\SDJR_Project.axf" - 0 Errors, 0 Warning(s).
Load "E:\\项目资料\\SDJR\\02.Code\\SDJR_Soft_For Driver V2.0\\V3.04_1212 for Driver2.0 - Git\\MDK_PRJ\\SDJR_Project.axf" 
Erase Done.
Programming Done.
Verify OK.
Application running ...
Build target 'SDJR_Project'
compiling vl53l0x_ContinuousRanging_Example.c...
compiling main.c...
linking...
Program Size: Code=55998 RO-data=770 RW-data=3408 ZI-data=5232  
FromELF: creating hex file...
".\SDJR_Project.axf" - 0 Errors, 0 Warning(s).
Load "E:\\项目资料\\SDJR\\02.Code\\SDJR_Soft_For Driver V2.0\\V3.04_1212 for Driver2.0 - Git\\MDK_PRJ\\SDJR_Project.axf" 
Erase Done.
Programming Done.
Verify OK.
Application running ...
Build target 'SDJR_Project'
compiling vl53l0x_ContinuousRanging_Example.c...
linking...
Program Size: Code=78566 RO-data=782 RW-data=4124 ZI-data=5788  
FromELF: creating hex file...
".\SDJR_Project.axf" - 0 Errors, 0 Warning(s).
Load "E:\\项目资料\\SDJR\\02.Code\\SDJR_Soft_For Driver V2.0\\V3.04_1212 for Driver2.0 - Git\\MDK_PRJ\\SDJR_Project.axf" 
Erase Done.
Programming Done.
Verify OK.
Application running ...
Build target 'SDJR_Project'
compiling vl53l0x_ContinuousRanging_Example.c...
linking...
Program Size: Code=78502 RO-data=782 RW-data=4124 ZI-data=5788  
FromELF: creating hex file...
".\SDJR_Project.axf" - 0 Errors, 0 Warning(s).
Load "E:\\项目资料\\SDJR\\02.Code\\SDJR_Soft_For Driver V2.0\\V3.04_1212 for Driver2.0 - Git\\MDK_PRJ\\SDJR_Project.axf" 
Erase Done.
Programming Done.
Verify OK.
Application running ...
Build target 'SDJR_Project'
compiling vl53l0x_ContinuousRanging_Example.c...
linking...
Program Size: Code=78434 RO-data=782 RW-data=4124 ZI-data=5788  
FromELF: creating hex file...
".\SDJR_Project.axf" - 0 Errors, 0 Warning(s).
Load "E:\\项目资料\\SDJR\\02.Code\\SDJR_Soft_For Driver V2.0\\V3.04_1212 for Driver2.0 - Git\\MDK_PRJ\\SDJR_Project.axf" 
Erase Done.
Programming Done.
Verify OK.
Application running ...
Build target 'SDJR_Project'
compiling vl53l0x_ContinuousRanging_Example.c...
linking...
Program Size: Code=75122 RO-data=770 RW-data=4112 ZI-data=5536  
FromELF: creating hex file...
".\SDJR_Project.axf" - 0 Errors, 0 Warning(s).
Load "E:\\项目资料\\SDJR\\02.Code\\SDJR_Soft_For Driver V2.0\\V3.04_1212 for Driver2.0 - Git\\MDK_PRJ\\SDJR_Project.axf" 
Erase Done.
Programming Done.
Verify OK.
Application running ...
Build target 'SDJR_Project'
compiling vl53l0x_ContinuousRanging_Example.c...
linking...
Program Size: Code=79102 RO-data=782 RW-data=4124 ZI-data=5788  
FromELF: creating hex file...
".\SDJR_Project.axf" - 0 Errors, 0 Warning(s).
Load "E:\\项目资料\\SDJR\\02.Code\\SDJR_Soft_For Driver V2.0\\V3.04_1212 for Driver2.0 - Git\\MDK_PRJ\\SDJR_Project.axf" 
Erase Done.
Programming Done.
Verify OK.
Application running ...
Build target 'SDJR_Project'
compiling vl53l0x_ContinuousRanging_Example.c...
linking...
Program Size: Code=75658 RO-data=770 RW-data=4112 ZI-data=5536  
FromELF: creating hex file...
".\SDJR_Project.axf" - 0 Errors, 0 Warning(s).
Load "E:\\项目资料\\SDJR\\02.Code\\SDJR_Soft_For Driver V2.0\\V3.04_1212 for Driver2.0 - Git\\MDK_PRJ\\SDJR_Project.axf" 
Erase Done.
Programming Done.
Verify OK.
Application running ...
Build target 'SDJR_Project'
compiling vl53l0x_ContinuousRanging_Example.c...
linking...
Program Size: Code=75770 RO-data=770 RW-data=4116 ZI-data=5540  
FromELF: creating hex file...
".\SDJR_Project.axf" - 0 Errors, 0 Warning(s).
Load "E:\\项目资料\\SDJR\\02.Code\\SDJR_Soft_For Driver V2.0\\V3.04_1212 for Driver2.0 - Git\\MDK_PRJ\\SDJR_Project.axf" 
Erase Done.
Programming Done.
Verify OK.
Application running ...
Build target 'SDJR_Project'
compiling Init.c...
..\USER\src\Init.c(66): warning:  #550-D: variable "CpuID" was set but never used
linking...
Program Size: Code=75770 RO-data=770 RW-data=4116 ZI-data=5540  
FromELF: creating hex file...
".\SDJR_Project.axf" - 0 Errors, 1 Warning(s).
Load "E:\\项目资料\\SDJR\\02.Code\\SDJR_Soft_For Driver V2.0\\V3.04_1212 for Driver2.0 - Git\\MDK_PRJ\\SDJR_Project.axf" 
Erase Done.
Programming Done.
Verify OK.
Application running ...
Build target 'SDJR_Project'
compiling main.c...
linking...
Program Size: Code=75762 RO-data=770 RW-data=4116 ZI-data=5540  
FromELF: creating hex file...
".\SDJR_Project.axf" - 0 Errors, 0 Warning(s).
Load "E:\\项目资料\\SDJR\\02.Code\\SDJR_Soft_For Driver V2.0\\V3.04_1212 for Driver2.0 - Git\\MDK_PRJ\\SDJR_Project.axf" 
Erase Done.
Programming Done.
Verify OK.
Application running ...
Build target 'SDJR_Project'
compiling vl53l0x_platform.c...
linking...
Program Size: Code=75766 RO-data=770 RW-data=4116 ZI-data=5540  
FromELF: creating hex file...
".\SDJR_Project.axf" - 0 Errors, 0 Warning(s).
Load "E:\\项目资料\\SDJR\\02.Code\\SDJR_Soft_For Driver V2.0\\V3.04_1212 for Driver2.0 - Git\\MDK_PRJ\\SDJR_Project.axf" 
Erase Done.
Programming Done.
Verify OK.
Application running ...
Build target 'SDJR_Project'
compiling vl53l0x_platform.c...
linking...
Program Size: Code=75766 RO-data=770 RW-data=4116 ZI-data=5540  
FromELF: creating hex file...
".\SDJR_Project.axf" - 0 Errors, 0 Warning(s).
Load "E:\\项目资料\\SDJR\\02.Code\\SDJR_Soft_For Driver V2.0\\V3.04_1212 for Driver2.0 - Git\\MDK_PRJ\\SDJR_Project.axf" 
Erase Done.
Programming Done.
Verify OK.
Application running ...
Build target 'SDJR_Project'
compiling vl53l0x_platform.c...
linking...
Program Size: Code=75774 RO-data=770 RW-data=4116 ZI-data=5540  
FromELF: creating hex file...
".\SDJR_Project.axf" - 0 Errors, 0 Warning(s).
Load "E:\\项目资料\\SDJR\\02.Code\\SDJR_Soft_For Driver V2.0\\V3.04_1212 for Driver2.0 - Git\\MDK_PRJ\\SDJR_Project.axf" 
Erase Done.
Programming Done.
Verify OK.
Application running ...
Build target 'SDJR_Project'
compiling vl53l0x_platform.c...
linking...
Program Size: Code=75782 RO-data=770 RW-data=4116 ZI-data=5540  
FromELF: creating hex file...
".\SDJR_Project.axf" - 0 Errors, 0 Warning(s).
Build target 'SDJR_Project'
linking...
Program Size: Code=75782 RO-data=770 RW-data=4116 ZI-data=5540  
FromELF: creating hex file...
".\SDJR_Project.axf" - 0 Errors, 0 Warning(s).
Load "E:\\项目资料\\SDJR\\02.Code\\SDJR_Soft_For Driver V2.0\\V3.04_1212 for Driver2.0 - Git\\MDK_PRJ\\SDJR_Project.axf" 
Erase Done.
Programming Done.
Verify OK.
Application running ...
Build target 'SDJR_Project'
compiling vl53l0x_ContinuousRanging_Example.c...
linking...
Program Size: Code=75782 RO-data=770 RW-data=4116 ZI-data=5540  
FromELF: creating hex file...
".\SDJR_Project.axf" - 0 Errors, 0 Warning(s).
Load "E:\\项目资料\\SDJR\\02.Code\\SDJR_Soft_For Driver V2.0\\V3.04_1212 for Driver2.0 - Git\\MDK_PRJ\\SDJR_Project.axf" 
Erase Done.
Programming Done.
Verify OK.
Application running ...
Build target 'SDJR_Project'
compiling vl53l0x_ContinuousRanging_Example.c...
linking...
Program Size: Code=75710 RO-data=770 RW-data=4112 ZI-data=5536  
FromELF: creating hex file...
".\SDJR_Project.axf" - 0 Errors, 0 Warning(s).
Load "E:\\项目资料\\SDJR\\02.Code\\SDJR_Soft_For Driver V2.0\\V3.04_1212 for Driver2.0 - Git\\MDK_PRJ\\SDJR_Project.axf" 
Erase Done.
Programming Done.
Verify OK.
Application running ...
Build target 'SDJR_Project'
compiling vl53l0x_ContinuousRanging_Example.c...
linking...
Program Size: Code=75722 RO-data=770 RW-data=4112 ZI-data=5536  
FromELF: creating hex file...
".\SDJR_Project.axf" - 0 Errors, 0 Warning(s).
Load "E:\\项目资料\\SDJR\\02.Code\\SDJR_Soft_For Driver V2.0\\V3.04_1212 for Driver2.0 - Git\\MDK_PRJ\\SDJR_Project.axf" 
Erase Done.
Programming Done.
Verify OK.
Application running ...
Build target 'SDJR_Project'
compiling vl53l0x_ContinuousRanging_Example.c...
linking...
Program Size: Code=75722 RO-data=770 RW-data=4112 ZI-data=5536  
FromELF: creating hex file...
".\SDJR_Project.axf" - 0 Errors, 0 Warning(s).
Load "E:\\项目资料\\SDJR\\02.Code\\SDJR_Soft_For Driver V2.0\\V3.04_1212 for Driver2.0 - Git\\MDK_PRJ\\SDJR_Project.axf" 
Erase Done.
Programming Done.
Verify OK.
Application running ...
Build target 'SDJR_Project'
linking...
Program Size: Code=75722 RO-data=770 RW-data=4112 ZI-data=5536  
FromELF: creating hex file...
".\SDJR_Project.axf" - 0 Errors, 0 Warning(s).
Load "E:\\项目资料\\SDJR\\02.Code\\SDJR_Soft_For Driver V2.0\\V3.04_1212 for Driver2.0 - Git\\MDK_PRJ\\SDJR_Project.axf" 
Erase Done.
Programming Done.
Verify OK.
Application running ...
Build target 'SDJR_Project'
compiling vl53l0x_ContinuousRanging_Example.c...
compiling vl53l0x_api.c...
compiling vl53l0x_api_calibration.c...
compiling vl53l0x_api_core.c...
compiling vl53l0x_api_ranging.c...
compiling vl53l0x_api_strings.c...
compiling vl53l0x_platform.c...
compiling vl53l0x_platform_log.c...
linking...
Program Size: Code=75722 RO-data=770 RW-data=4112 ZI-data=5536  
FromELF: creating hex file...
".\SDJR_Project.axf" - 0 Errors, 0 Warning(s).
Load "E:\\项目资料\\SDJR\\02.Code\\SDJR_Soft_For Driver V2.0\\V3.04_1212 for Driver2.0 - Git\\MDK_PRJ\\SDJR_Project.axf" 
Erase Done.
Programming Done.
Verify OK.
Application running ...
Build target 'SDJR_Project'
compiling vl53l0x_platform.c...
linking...
Program Size: Code=75698 RO-data=770 RW-data=4112 ZI-data=5536  
FromELF: creating hex file...
".\SDJR_Project.axf" - 0 Errors, 0 Warning(s).
Load "E:\\项目资料\\SDJR\\02.Code\\SDJR_Soft_For Driver V2.0\\V3.04_1212 for Driver2.0 - Git\\MDK_PRJ\\SDJR_Project.axf" 
Erase Done.
Programming Done.
Verify OK.
Application running ...
Build target 'SDJR_Project'
compiling vl53l0x_platform.c...
linking...
Program Size: Code=75698 RO-data=770 RW-data=4112 ZI-data=5536  
FromELF: creating hex file...
".\SDJR_Project.axf" - 0 Errors, 0 Warning(s).
Load "E:\\项目资料\\SDJR\\02.Code\\SDJR_Soft_For Driver V2.0\\V3.04_1212 for Driver2.0 - Git\\MDK_PRJ\\SDJR_Project.axf" 
Erase Done.
Programming Done.
Verify OK.
Application running ...
Build target 'SDJR_Project'
compiling Gyro_I2C.c...
linking...
Program Size: Code=75706 RO-data=770 RW-data=4112 ZI-data=5536  
FromELF: creating hex file...
".\SDJR_Project.axf" - 0 Errors, 0 Warning(s).
Load "E:\\项目资料\\SDJR\\02.Code\\SDJR_Soft_For Driver V2.0\\V3.04_1212 for Driver2.0 - Git\\MDK_PRJ\\SDJR_Project.axf" 
Erase Done.
Programming Done.
Verify OK.
Application running ...
Build target 'SDJR_Project'
compiling vl53l0x_platform.c...
linking...
Program Size: Code=75714 RO-data=770 RW-data=4112 ZI-data=5536  
FromELF: creating hex file...
".\SDJR_Project.axf" - 0 Errors, 0 Warning(s).
Load "E:\\项目资料\\SDJR\\02.Code\\SDJR_Soft_For Driver V2.0\\V3.04_1212 for Driver2.0 - Git\\MDK_PRJ\\SDJR_Project.axf" 
Erase Done.
Programming Done.
Verify OK.
Application running ...
