ARM Linker, 5.03 [Build 76] [MDK-ARM Professional]

==============================================================================

Section Cross References

    system_stm32f10x.o(.text) refers to system_stm32f10x.o(.data) for SystemCoreClock
    main.o(.text) refers to init.o(.text) for Device_Init
    main.o(.text) refers to uart.o(.text) for UART_ResponseMaster
    main.o(.text) refers to robit_run.o(.text) for CalSpeed
    main.o(.text) refers to display_key.o(.text) for Key_Scan
    main.o(.text) refers to adc.o(.text) for ADC_Deal
    main.o(.text) refers to battery.o(.text) for BatterySocCheck
    main.o(.text) refers to actuator.o(.text) for Actuator_Deal
    main.o(.text) refers to signal.o(.text) for SignalCheck
    main.o(.text) refers to pathplan.o(.text) for PathPlan
    main.o(.text) refers to gyro_i2c.o(.text) for ICM_Init
    init.o(.text) refers to stm32f10x_rcc.o(.text) for RCC_APB1PeriphClockCmd
    init.o(.text) refers to stm32f10x_tim.o(.text) for TIM_DeInit
    init.o(.text) refers to misc.o(.text) for NVIC_PriorityGroupConfig
    init.o(.text) refers to stm32f10x_gpio.o(.text) for GPIO_EXTILineConfig
    init.o(.text) refers to stm32f10x_exti.o(.text) for EXTI_ClearITPendingBit
    init.o(.text) refers to init.o(.bss) for CpuID
    init.o(.text) refers to system_stm32f10x.o(.text) for SystemInit
    init.o(.text) refers to gyro_i2c.o(.text) for Gyro_Conf
    init.o(.text) refers to adc.o(.text) for ADC_Conf
    init.o(.text) refers to uart.o(.text) for UART_Conf
    init.o(.text) refers to robit_run.o(.text) for Motor_Conf
    init.o(.text) refers to signal.o(.text) for Signal_Conf
    init.o(.text) refers to battery.o(.text) for Battery_Conf
    init.o(.text) refers to actuator.o(.text) for Actuator_Conf
    init.o(.text) refers to display_key.o(.text) for Display_Conf
    init.o(.text) refers to handshake.o(i.HandshakeInit) for HandshakeInit
    init.o(.text) refers to init.o(.data) for SystemRunTime
    init.o(.text) refers to robit_run.o(.data) for MotorStartupEn
    init.o(.text) refers to actuator.o(.data) for ActuatorEn
    init.o(.text) refers to display_key.o(.data) for DisplayScanEn
    init.o(.text) refers to voice.o(.data) for Vocie_DealEn
    init.o(.text) refers to uart.o(.data) for UART_Send_Fq
    init.o(.text) refers to battery.o(.data) for BatteryChargeEn
    init.o(.text) refers to pathplan.o(.data) for PathPlanEn
    init.o(.text) refers to adc.o(.data) for ADCScanEn
    init.o(.text) refers to gyro_i2c.o(.data) for Battery_Charge_En
    init.o(.text) refers to signal.o(.data) for Ultra_En
    init.o(.text) refers to vl53l0x_continuousranging_example.o(.data) for vl53l0x_Mesure_En
    init.o(.text) refers to robit_run.o(.bss) for RightMotor
    adc.o(.text) refers to stm32f10x_rcc.o(.text) for RCC_AHBPeriphClockCmd
    adc.o(.text) refers to stm32f10x_dma.o(.text) for DMA_DeInit
    adc.o(.text) refers to stm32f10x_adc.o(.text) for ADC_Init
    adc.o(.text) refers to adc.o(.bss) for ADC_ConvertedValue
    adc.o(.text) refers to adc.o(.data) for ADC_Ready
    robit_run.o(.text) refers to stm32f10x_tim.o(.text) for TIM_GetCounter
    robit_run.o(.text) refers to pid.o(.text) for InitVar_PID
    robit_run.o(.text) refers to uart.o(.text) for SetRobitMileageRun
    robit_run.o(.text) refers to dflt_clz.o(x$fpl$dflt) for __aeabi_i2d
    robit_run.o(.text) refers to dmul.o(x$fpl$dmul) for __aeabi_dmul
    robit_run.o(.text) refers to ddiv.o(x$fpl$ddiv) for __aeabi_ddiv
    robit_run.o(.text) refers to dfix.o(x$fpl$dfix) for __aeabi_d2iz
    robit_run.o(.text) refers to robit_run.o(.data) for RobitStatus
    robit_run.o(.text) refers to robit_run.o(.bss) for RightMotor
    robit_run.o(.text) refers to uart.o(.data) for RobotLineSpeedTargPre
    robit_run.o(.text) refers to signal.o(.data) for BumpFlag
    robit_run.o(.text) refers to pathplan.o(.data) for PathPlanMode
    robit_run.o(.text) refers to dleqf.o(x$fpl$dleqf) for __aeabi_cdcmple
    robit_run.o(.text) refers to gyro_i2c.o(.data) for Sys_Anglerate
    robit_run.o(.text) refers to pathplan.o(.text) for boundary
    robit_run.o(.text) refers to dflt_clz.o(x$fpl$dfltu) for __aeabi_ui2d
    robit_run.o(.text) refers to daddsub_clz.o(x$fpl$dadd) for __aeabi_dadd
    robit_run.o(.text) refers to drleqf.o(x$fpl$drleqf) for __aeabi_cdrcmple
    robit_run.o(.text) refers to dfixu.o(x$fpl$dfixu) for __aeabi_d2uiz
    robit_run.o(.text) refers to adc.o(.bss) for ADC_ConvertedValue_Val
    robit_run.o(.text) refers to gyro_i2c.o(.bss) for IcmDataByKalman
    robit_run.o(.text) refers to actuator.o(.bss) for MopPar
    robit_run.o(.text) refers to robit_run.o(.constdata) for Angle_Num
    robit_run.o(.text) refers to stm32f10x_exti.o(.text) for EXTI_GetITStatus
    robit_run.o(.text) refers to init.o(.data) for SystePwrMode
    uart.o(.text) refers to stm32f10x_rcc.o(.text) for RCC_APB2PeriphClockCmd
    uart.o(.text) refers to stm32f10x_usart.o(.text) for USART_Init
[...]
    SDIO_IRQHandler                          0x08009dfb   Thumb Code     0  startup_stm32f10x_hd.o(.text)
    SPI1_IRQHandler                          0x08009dfb   Thumb Code     0  startup_stm32f10x_hd.o(.text)
    SPI2_IRQHandler                          0x08009dfb   Thumb Code     0  startup_stm32f10x_hd.o(.text)
    SPI3_IRQHandler                          0x08009dfb   Thumb Code     0  startup_stm32f10x_hd.o(.text)
    TAMPER_IRQHandler                        0x08009dfb   Thumb Code     0  startup_stm32f10x_hd.o(.text)
    TIM1_BRK_IRQHandler                      0x08009dfb   Thumb Code     0  startup_stm32f10x_hd.o(.text)
    TIM1_CC_IRQHandler                       0x08009dfb   Thumb Code     0  startup_stm32f10x_hd.o(.text)
    TIM1_TRG_COM_IRQHandler                  0x08009dfb   Thumb Code     0  startup_stm32f10x_hd.o(.text)
    TIM1_UP_IRQHandler                       0x08009dfb   Thumb Code     0  startup_stm32f10x_hd.o(.text)
    TIM3_IRQHandler                          0x08009dfb   Thumb Code     0  startup_stm32f10x_hd.o(.text)
    TIM5_IRQHandler                          0x08009dfb   Thumb Code     0  startup_stm32f10x_hd.o(.text)
    TIM7_IRQHandler                          0x08009dfb   Thumb Code     0  startup_stm32f10x_hd.o(.text)
    TIM8_BRK_IRQHandler                      0x08009dfb   Thumb Code     0  startup_stm32f10x_hd.o(.text)
    TIM8_CC_IRQHandler                       0x08009dfb   Thumb Code     0  startup_stm32f10x_hd.o(.text)
    TIM8_TRG_COM_IRQHandler                  0x08009dfb   Thumb Code     0  startup_stm32f10x_hd.o(.text)
    TIM8_UP_IRQHandler                       0x08009dfb   Thumb Code     0  startup_stm32f10x_hd.o(.text)
    UART4_IRQHandler                         0x08009dfb   Thumb Code     0  startup_stm32f10x_hd.o(.text)
    UART5_IRQHandler                         0x08009dfb   Thumb Code     0  startup_stm32f10x_hd.o(.text)
    USART3_IRQHandler                        0x08009dfb   Thumb Code     0  startup_stm32f10x_hd.o(.text)
    USBWakeUp_IRQHandler                     0x08009dfb   Thumb Code     0  startup_stm32f10x_hd.o(.text)
    USB_HP_CAN1_TX_IRQHandler                0x08009dfb   Thumb Code     0  startup_stm32f10x_hd.o(.text)
    USB_LP_CAN1_RX0_IRQHandler               0x08009dfb   Thumb Code     0  startup_stm32f10x_hd.o(.text)
    WWDG_IRQHandler                          0x08009dfb   Thumb Code     0  startup_stm32f10x_hd.o(.text)
    __user_initial_stackheap                 0x08009dfd   Thumb Code     0  startup_stm32f10x_hd.o(.text)
    NVIC_PriorityGroupConfig                 0x08009e21   Thumb Code    10  misc.o(.text)
    NVIC_Init                                0x08009e2b   Thumb Code   102  misc.o(.text)
    NVIC_SetVectorTable                      0x08009e91   Thumb Code    14  misc.o(.text)
    NVIC_SystemLPConfig                      0x08009e9f   Thumb Code    34  misc.o(.text)
    SysTick_CLKSourceConfig                  0x08009ec1   Thumb Code    40  misc.o(.text)
    ADC_DeInit                               0x08009efd   Thumb Code    78  stm32f10x_adc.o(.text)
    ADC_Init                                 0x08009f4b   Thumb Code    70  stm32f10x_adc.o(.text)
    ADC_StructInit                           0x08009f91   Thumb Code    18  stm32f10x_adc.o(.text)
    ADC_Cmd                                  0x08009fa3   Thumb Code    22  stm32f10x_adc.o(.text)
    ADC_DMACmd                               0x08009fb9   Thumb Code    22  stm32f10x_adc.o(.text)
    ADC_ITConfig                             0x08009fcf   Thumb Code    24  stm32f10x_adc.o(.text)
    ADC_ResetCalibration                     0x08009fe7   Thumb Code    10  stm32f10x_adc.o(.text)
    ADC_GetResetCalibrationStatus            0x08009ff1   Thumb Code    20  stm32f10x_adc.o(.text)
    ADC_StartCalibration                     0x0800a005   Thumb Code    10  stm32f10x_adc.o(.text)
    ADC_GetCalibrationStatus                 0x0800a00f   Thumb Code    20  stm32f10x_adc.o(.text)
    ADC_SoftwareStartConvCmd                 0x0800a023   Thumb Code    22  stm32f10x_adc.o(.text)
    ADC_GetSoftwareStartConvStatus           0x0800a039   Thumb Code    20  stm32f10x_adc.o(.text)
    ADC_DiscModeChannelCountConfig           0x0800a04d   Thumb Code    24  stm32f10x_adc.o(.text)
    ADC_DiscModeCmd                          0x0800a065   Thumb Code    22  stm32f10x_adc.o(.text)
    ADC_RegularChannelConfig                 0x0800a07b   Thumb Code   184  stm32f10x_adc.o(.text)
    ADC_ExternalTrigConvCmd                  0x0800a133   Thumb Code    22  stm32f10x_adc.o(.text)
    ADC_GetConversionValue                   0x0800a149   Thumb Code     8  stm32f10x_adc.o(.text)
    ADC_GetDualModeConversionValue           0x0800a151   Thumb Code     8  stm32f10x_adc.o(.text)
    ADC_AutoInjectedConvCmd                  0x0800a159   Thumb Code    22  stm32f10x_adc.o(.text)
    ADC_InjectedDiscModeCmd                  0x0800a16f   Thumb Code    22  stm32f10x_adc.o(.text)
    ADC_ExternalTrigInjectedConvConfig       0x0800a185   Thumb Code    16  stm32f10x_adc.o(.text)
    ADC_ExternalTrigInjectedConvCmd          0x0800a195   Thumb Code    22  stm32f10x_adc.o(.text)
    ADC_SoftwareStartInjectedConvCmd         0x0800a1ab   Thumb Code    22  stm32f10x_adc.o(.text)
    ADC_GetSoftwareStartInjectedConvCmdStatus 0x0800a1c1   Thumb Code    20  stm32f10x_adc.o(.text)
    ADC_InjectedChannelConfig                0x0800a1d5   Thumb Code   130  stm32f10x_adc.o(.text)
    ADC_InjectedSequencerLengthConfig        0x0800a257   Thumb Code    24  stm32f10x_adc.o(.text)
    ADC_SetInjectedOffset                    0x0800a26f   Thumb Code    20  stm32f10x_adc.o(.text)
    ADC_GetInjectedConversionValue           0x0800a283   Thumb Code    28  stm32f10x_adc.o(.text)
    ADC_AnalogWatchdogCmd                    0x0800a29f   Thumb Code    16  stm32f10x_adc.o(.text)
    ADC_AnalogWatchdogThresholdsConfig       0x0800a2af   Thumb Code     6  stm32f10x_adc.o(.text)
    ADC_AnalogWatchdogSingleChannelConfig    0x0800a2b5   Thumb Code    16  stm32f10x_adc.o(.text)
    ADC_TempSensorVrefintCmd                 0x0800a2c5   Thumb Code    64  stm32f10x_adc.o(.text)
    ADC_GetFlagStatus                        0x0800a305   Thumb Code    18  stm32f10x_adc.o(.text)
    ADC_ClearFlag                            0x0800a317   Thumb Code     6  stm32f10x_adc.o(.text)
    ADC_GetITStatus                          0x0800a31d   Thumb Code    36  stm32f10x_adc.o(.text)
    ADC_ClearITPendingBit                    0x0800a341   Thumb Code    10  stm32f10x_adc.o(.text)
    DMA_DeInit                               0x0800a34d   Thumb Code   324  stm32f10x_dma.o(.text)
    DMA_Init                                 0x0800a491   Thumb Code    60  stm32f10x_dma.o(.text)
    DMA_StructInit                           0x0800a4cd   Thumb Code    26  stm32f10x_dma.o(.text)
    DMA_Cmd                                  0x0800a4e7   Thumb Code    24  stm32f10x_dma.o(.text)
    DMA_ITConfig                             0x0800a4ff   Thumb Code    18  stm32f10x_dma.o(.text)
    DMA_SetCurrDataCounter                   0x0800a511   Thumb Code     4  stm32f10x_dma.o(.text)
    DMA_GetCurrDataCounter                   0x0800a515   Thumb Code     8  stm32f10x_dma.o(.text)
    DMA_GetFlagStatus                        0x0800a51d   Thumb Code    38  stm32f10x_dma.o(.text)
    DMA_ClearFlag                            0x0800a543   Thumb Code    22  stm32f10x_dma.o(.text)
    DMA_GetITStatus                          0x0800a559   Thumb Code    38  stm32f10x_dma.o(.text)
    DMA_ClearITPendingBit                    0x0800a57f   Thumb Code    22  stm32f10x_dma.o(.text)
    EXTI_DeInit                              0x0800a59d   Thumb Code    28  stm32f10x_exti.o(.text)
    EXTI_Init                                0x0800a5b9   Thumb Code   142  stm32f10x_exti.o(.text)
    EXTI_StructInit                          0x0800a647   Thumb Code    16  stm32f10x_exti.o(.text)
    EXTI_GenerateSWInterrupt                 0x0800a657   Thumb Code    16  stm32f10x_exti.o(.text)
    EXTI_GetFlagStatus                       0x0800a667   Thumb Code    22  stm32f10x_exti.o(.text)
    EXTI_ClearFlag                           0x0800a67d   Thumb Code     8  stm32f10x_exti.o(.text)
    EXTI_GetITStatus                         0x0800a685   Thumb Code    34  stm32f10x_exti.o(.text)
    EXTI_ClearITPendingBit                   0x0800a6a7   Thumb Code     8  stm32f10x_exti.o(.text)
    GPIO_DeInit                              0x0800a6b9   Thumb Code   172  stm32f10x_gpio.o(.text)
    GPIO_AFIODeInit                          0x0800a765   Thumb Code    20  stm32f10x_gpio.o(.text)
    GPIO_Init                                0x0800a779   Thumb Code   274  stm32f10x_gpio.o(.text)
    GPIO_StructInit                          0x0800a88b   Thumb Code    16  stm32f10x_gpio.o(.text)
    GPIO_ReadInputDataBit                    0x0800a89b   Thumb Code    18  stm32f10x_gpio.o(.text)
    GPIO_ReadInputData                       0x0800a8ad   Thumb Code     8  stm32f10x_gpio.o(.text)
    GPIO_ReadOutputDataBit                   0x0800a8b5   Thumb Code    18  stm32f10x_gpio.o(.text)
    GPIO_ReadOutputData                      0x0800a8c7   Thumb Code     8  stm32f10x_gpio.o(.text)
    GPIO_SetBits                             0x0800a8cf   Thumb Code     4  stm32f10x_gpio.o(.text)
    GPIO_ResetBits                           0x0800a8d3   Thumb Code     4  stm32f10x_gpio.o(.text)
    GPIO_WriteBit                            0x0800a8d7   Thumb Code    10  stm32f10x_gpio.o(.text)
    GPIO_Write                               0x0800a8e1   Thumb Code     4  stm32f10x_gpio.o(.text)
    GPIO_PinLockConfig                       0x0800a8e5   Thumb Code    18  stm32f10x_gpio.o(.text)
    GPIO_EventOutputConfig                   0x0800a8f7   Thumb Code    26  stm32f10x_gpio.o(.text)
    GPIO_EventOutputCmd                      0x0800a911   Thumb Code     6  stm32f10x_gpio.o(.text)
    GPIO_PinRemapConfig                      0x0800a917   Thumb Code   138  stm32f10x_gpio.o(.text)
    GPIO_EXTILineConfig                      0x0800a9a1   Thumb Code    66  stm32f10x_gpio.o(.text)
    GPIO_ETH_MediaInterfaceConfig            0x0800a9e3   Thumb Code     6  stm32f10x_gpio.o(.text)
    I2C_DeInit                               0x0800aa11   Thumb Code    50  stm32f10x_i2c.o(.text)
    I2C_Init                                 0x0800aa43   Thumb Code   222  stm32f10x_i2c.o(.text)
    I2C_StructInit                           0x0800ab21   Thumb Code    30  stm32f10x_i2c.o(.text)
    I2C_Cmd                                  0x0800ab3f   Thumb Code    24  stm32f10x_i2c.o(.text)
    I2C_DMACmd                               0x0800ab57   Thumb Code    24  stm32f10x_i2c.o(.text)
    I2C_DMALastTransferCmd                   0x0800ab6f   Thumb Code    24  stm32f10x_i2c.o(.text)
    I2C_GenerateSTART                        0x0800ab87   Thumb Code    24  stm32f10x_i2c.o(.text)
    I2C_GenerateSTOP                         0x0800ab9f   Thumb Code    24  stm32f10x_i2c.o(.text)
    I2C_AcknowledgeConfig                    0x0800abb7   Thumb Code    24  stm32f10x_i2c.o(.text)
    I2C_OwnAddress2Config                    0x0800abcf   Thumb Code    22  stm32f10x_i2c.o(.text)
    I2C_DualAddressCmd                       0x0800abe5   Thumb Code    24  stm32f10x_i2c.o(.text)
    I2C_GeneralCallCmd                       0x0800abfd   Thumb Code    24  stm32f10x_i2c.o(.text)
    I2C_ITConfig                             0x0800ac15   Thumb Code    18  stm32f10x_i2c.o(.text)
    I2C_SendData                             0x0800ac27   Thumb Code     4  stm32f10x_i2c.o(.text)
    I2C_ReceiveData                          0x0800ac2b   Thumb Code     8  stm32f10x_i2c.o(.text)
    I2C_Send7bitAddress                      0x0800ac33   Thumb Code    18  stm32f10x_i2c.o(.text)
    I2C_ReadRegister                         0x0800ac45   Thumb Code    22  stm32f10x_i2c.o(.text)
    I2C_SoftwareResetCmd                     0x0800ac5b   Thumb Code    22  stm32f10x_i2c.o(.text)
    I2C_SMBusAlertConfig                     0x0800ac71   Thumb Code    28  stm32f10x_i2c.o(.text)
    I2C_TransmitPEC                          0x0800ac8d   Thumb Code    24  stm32f10x_i2c.o(.text)
    I2C_PECPositionConfig                    0x0800aca5   Thumb Code    28  stm32f10x_i2c.o(.text)
    I2C_CalculatePEC                         0x0800acc1   Thumb Code    24  stm32f10x_i2c.o(.text)
    I2C_GetPEC                               0x0800acd9   Thumb Code     8  stm32f10x_i2c.o(.text)
    I2C_ARPCmd                               0x0800ace1   Thumb Code    24  stm32f10x_i2c.o(.text)
    I2C_StretchClockCmd                      0x0800acf9   Thumb Code    24  stm32f10x_i2c.o(.text)
    I2C_FastModeDutyCycleConfig              0x0800ad11   Thumb Code    28  stm32f10x_i2c.o(.text)
    I2C_CheckEvent                           0x0800ad2d   Thumb Code    42  stm32f10x_i2c.o(.text)
    I2C_GetLastEvent                         0x0800ad57   Thumb Code    26  stm32f10x_i2c.o(.text)
    I2C_GetFlagStatus                        0x0800ad71   Thumb Code    58  stm32f10x_i2c.o(.text)
    I2C_ClearFlag                            0x0800adab   Thumb Code    12  stm32f10x_i2c.o(.text)
    I2C_GetITStatus                          0x0800adb7   Thumb Code    38  stm32f10x_i2c.o(.text)
    I2C_ClearITPendingBit                    0x0800addd   Thumb Code    12  stm32f10x_i2c.o(.text)
    PWR_DeInit                               0x0800adf9   Thumb Code    22  stm32f10x_pwr.o(.text)
    PWR_BackupAccessCmd                      0x0800ae0f   Thumb Code     6  stm32f10x_pwr.o(.text)
    PWR_PVDCmd                               0x0800ae15   Thumb Code     6  stm32f10x_pwr.o(.text)
    PWR_PVDLevelConfig                       0x0800ae1b   Thumb Code    18  stm32f10x_pwr.o(.text)
    PWR_WakeUpPinCmd                         0x0800ae2d   Thumb Code     6  stm32f10x_pwr.o(.text)
    PWR_EnterSTOPMode                        0x0800ae33   Thumb Code    54  stm32f10x_pwr.o(.text)
    PWR_EnterSTANDBYMode                     0x0800ae69   Thumb Code    42  stm32f10x_pwr.o(.text)
    PWR_GetFlagStatus                        0x0800ae93   Thumb Code    20  stm32f10x_pwr.o(.text)
    PWR_ClearFlag                            0x0800aea7   Thumb Code    14  stm32f10x_pwr.o(.text)
    RCC_DeInit                               0x0800aec5   Thumb Code    64  stm32f10x_rcc.o(.text)
    RCC_HSEConfig                            0x0800af05   Thumb Code    70  stm32f10x_rcc.o(.text)
    RCC_GetFlagStatus                        0x0800af4b   Thumb Code    56  stm32f10x_rcc.o(.text)
    RCC_WaitForHSEStartUp                    0x0800af83   Thumb Code    56  stm32f10x_rcc.o(.text)
    RCC_AdjustHSICalibrationValue            0x0800afbb   Thumb Code    20  stm32f10x_rcc.o(.text)
    RCC_HSICmd                               0x0800afcf   Thumb Code     6  stm32f10x_rcc.o(.text)
    RCC_PLLConfig                            0x0800afd5   Thumb Code    24  stm32f10x_rcc.o(.text)
    RCC_PLLCmd                               0x0800afed   Thumb Code     6  stm32f10x_rcc.o(.text)
    RCC_SYSCLKConfig                         0x0800aff3   Thumb Code    18  stm32f10x_rcc.o(.text)
    RCC_GetSYSCLKSource                      0x0800b005   Thumb Code    10  stm32f10x_rcc.o(.text)
    RCC_HCLKConfig                           0x0800b00f   Thumb Code    18  stm32f10x_rcc.o(.text)
    RCC_PCLK1Config                          0x0800b021   Thumb Code    18  stm32f10x_rcc.o(.text)
    RCC_PCLK2Config                          0x0800b033   Thumb Code    20  stm32f10x_rcc.o(.text)
    RCC_ITConfig                             0x0800b047   Thumb Code    26  stm32f10x_rcc.o(.text)
    RCC_USBCLKConfig                         0x0800b061   Thumb Code     6  stm32f10x_rcc.o(.text)
    RCC_ADCCLKConfig                         0x0800b067   Thumb Code    18  stm32f10x_rcc.o(.text)
    RCC_LSEConfig                            0x0800b079   Thumb Code    44  stm32f10x_rcc.o(.text)
    RCC_LSICmd                               0x0800b0a5   Thumb Code     6  stm32f10x_rcc.o(.text)
    RCC_RTCCLKConfig                         0x0800b0ab   Thumb Code    12  stm32f10x_rcc.o(.text)
    RCC_RTCCLKCmd                            0x0800b0b7   Thumb Code     8  stm32f10x_rcc.o(.text)
    RCC_GetClocksFreq                        0x0800b0bf   Thumb Code   192  stm32f10x_rcc.o(.text)
    RCC_AHBPeriphClockCmd                    0x0800b17f   Thumb Code    26  stm32f10x_rcc.o(.text)
    RCC_APB2PeriphClockCmd                   0x0800b199   Thumb Code    26  stm32f10x_rcc.o(.text)
    RCC_APB1PeriphClockCmd                   0x0800b1b3   Thumb Code    26  stm32f10x_rcc.o(.text)
    RCC_APB2PeriphResetCmd                   0x0800b1cd   Thumb Code    26  stm32f10x_rcc.o(.text)
    RCC_APB1PeriphResetCmd                   0x0800b1e7   Thumb Code    26  stm32f10x_rcc.o(.text)
    RCC_BackupResetCmd                       0x0800b201   Thumb Code     8  stm32f10x_rcc.o(.text)
    RCC_ClockSecuritySystemCmd               0x0800b209   Thumb Code     6  stm32f10x_rcc.o(.text)
    RCC_MCOConfig                            0x0800b20f   Thumb Code     6  stm32f10x_rcc.o(.text)
    RCC_ClearFlag                            0x0800b215   Thumb Code    14  stm32f10x_rcc.o(.text)
    RCC_GetITStatus                          0x0800b223   Thumb Code    20  stm32f10x_rcc.o(.text)
    RCC_ClearITPendingBit                    0x0800b237   Thumb Code     6  stm32f10x_rcc.o(.text)
    TIM_DeInit                               0x0800b271   Thumb Code   424  stm32f10x_tim.o(.text)
    TIM_TimeBaseInit                         0x0800b419   Thumb Code   122  stm32f10x_tim.o(.text)
    TIM_OC1Init                              0x0800b493   Thumb Code   132  stm32f10x_tim.o(.text)
    TIM_OC2Init                              0x0800b517   Thumb Code   154  stm32f10x_tim.o(.text)
    TIM_OC3Init                              0x0800b5b1   Thumb Code   150  stm32f10x_tim.o(.text)
    TIM_OC4Init                              0x0800b647   Thumb Code   182  stm32f10x_tim.o(.text)
    TIM_SetIC4Prescaler                      0x0800b6fd   Thumb Code    26  stm32f10x_tim.o(.text)
    TIM_SetIC3Prescaler                      0x0800b799   Thumb Code    18  stm32f10x_tim.o(.text)
    TIM_SetIC2Prescaler                      0x0800b825   Thumb Code    26  stm32f10x_tim.o(.text)
    TIM_SetIC1Prescaler                      0x0800b8c1   Thumb Code    18  stm32f10x_tim.o(.text)
    TIM_ICInit                               0x0800b93f   Thumb Code   150  stm32f10x_tim.o(.text)
    TIM_PWMIConfig                           0x0800b9d5   Thumb Code   124  stm32f10x_tim.o(.text)
    TIM_BDTRConfig                           0x0800ba51   Thumb Code    32  stm32f10x_tim.o(.text)
    TIM_TimeBaseStructInit                   0x0800ba71   Thumb Code    18  stm32f10x_tim.o(.text)
    TIM_OCStructInit                         0x0800ba83   Thumb Code    20  stm32f10x_tim.o(.text)
    TIM_ICStructInit                         0x0800ba97   Thumb Code    18  stm32f10x_tim.o(.text)
    TIM_BDTRStructInit                       0x0800baa9   Thumb Code    40  stm32f10x_tim.o(.text)
    TIM_Cmd                                  0x0800bad1   Thumb Code    24  stm32f10x_tim.o(.text)
    TIM_CtrlPWMOutputs                       0x0800bae9   Thumb Code    30  stm32f10x_tim.o(.text)
    TIM_ITConfig                             0x0800bb07   Thumb Code    18  stm32f10x_tim.o(.text)
    TIM_GenerateEvent                        0x0800bb19   Thumb Code     4  stm32f10x_tim.o(.text)
    TIM_DMAConfig                            0x0800bb1d   Thumb Code    10  stm32f10x_tim.o(.text)
    TIM_DMACmd                               0x0800bb27   Thumb Code    18  stm32f10x_tim.o(.text)
    TIM_InternalClockConfig                  0x0800bb39   Thumb Code    12  stm32f10x_tim.o(.text)
    TIM_SelectInputTrigger                   0x0800bb45   Thumb Code    18  stm32f10x_tim.o(.text)
    TIM_ITRxExternalClockConfig              0x0800bb57   Thumb Code    24  stm32f10x_tim.o(.text)
    TIM_TIxExternalClockConfig               0x0800bb6f   Thumb Code    62  stm32f10x_tim.o(.text)
    TIM_ETRConfig                            0x0800bbad   Thumb Code    28  stm32f10x_tim.o(.text)
    TIM_ETRClockMode1Config                  0x0800bbc9   Thumb Code    54  stm32f10x_tim.o(.text)
    TIM_ETRClockMode2Config                  0x0800bbff   Thumb Code    32  stm32f10x_tim.o(.text)
    TIM_PrescalerConfig                      0x0800bc1f   Thumb Code     6  stm32f10x_tim.o(.text)
    TIM_CounterModeConfig                    0x0800bc25   Thumb Code    18  stm32f10x_tim.o(.text)
    TIM_EncoderInterfaceConfig               0x0800bc37   Thumb Code    66  stm32f10x_tim.o(.text)
    TIM_ForcedOC1Config                      0x0800bc79   Thumb Code    18  stm32f10x_tim.o(.text)
    TIM_ForcedOC2Config                      0x0800bc8b   Thumb Code    26  stm32f10x_tim.o(.text)
    TIM_ForcedOC3Config                      0x0800bca5   Thumb Code    18  stm32f10x_tim.o(.text)
    TIM_ForcedOC4Config                      0x0800bcb7   Thumb Code    26  stm32f10x_tim.o(.text)
    TIM_ARRPreloadConfig                     0x0800bcd1   Thumb Code    24  stm32f10x_tim.o(.text)
    TIM_SelectCOM                            0x0800bce9   Thumb Code    24  stm32f10x_tim.o(.text)
    TIM_SelectCCDMA                          0x0800bd01   Thumb Code    24  stm32f10x_tim.o(.text)
    TIM_CCPreloadControl                     0x0800bd19   Thumb Code    24  stm32f10x_tim.o(.text)
    TIM_OC1PreloadConfig                     0x0800bd31   Thumb Code    18  stm32f10x_tim.o(.text)
    TIM_OC2PreloadConfig                     0x0800bd43   Thumb Code    26  stm32f10x_tim.o(.text)
    TIM_OC3PreloadConfig                     0x0800bd5d   Thumb Code    18  stm32f10x_tim.o(.text)
    TIM_OC4PreloadConfig                     0x0800bd6f   Thumb Code    26  stm32f10x_tim.o(.text)
    TIM_OC1FastConfig                        0x0800bd89   Thumb Code    18  stm32f10x_tim.o(.text)
    TIM_OC2FastConfig                        0x0800bd9b   Thumb Code    26  stm32f10x_tim.o(.text)
    TIM_OC3FastConfig                        0x0800bdb5   Thumb Code    18  stm32f10x_tim.o(.text)
    TIM_OC4FastConfig                        0x0800bdc7   Thumb Code    26  stm32f10x_tim.o(.text)
    TIM_ClearOC1Ref                          0x0800bde1   Thumb Code    18  stm32f10x_tim.o(.text)
    TIM_ClearOC2Ref                          0x0800bdf3   Thumb Code    24  stm32f10x_tim.o(.text)
    TIM_ClearOC3Ref                          0x0800be0b   Thumb Code    18  stm32f10x_tim.o(.text)
    TIM_ClearOC4Ref                          0x0800be1d   Thumb Code    24  stm32f10x_tim.o(.text)
    TIM_OC1PolarityConfig                    0x0800be35   Thumb Code    18  stm32f10x_tim.o(.text)
    TIM_OC1NPolarityConfig                   0x0800be47   Thumb Code    18  stm32f10x_tim.o(.text)
    TIM_OC2PolarityConfig                    0x0800be59   Thumb Code    26  stm32f10x_tim.o(.text)
    TIM_OC2NPolarityConfig                   0x0800be73   Thumb Code    26  stm32f10x_tim.o(.text)
    TIM_OC3PolarityConfig                    0x0800be8d   Thumb Code    26  stm32f10x_tim.o(.text)
    TIM_OC3NPolarityConfig                   0x0800bea7   Thumb Code    26  stm32f10x_tim.o(.text)
    TIM_OC4PolarityConfig                    0x0800bec1   Thumb Code    26  stm32f10x_tim.o(.text)
    TIM_CCxCmd                               0x0800bedb   Thumb Code    30  stm32f10x_tim.o(.text)
    TIM_CCxNCmd                              0x0800bef9   Thumb Code    30  stm32f10x_tim.o(.text)
    TIM_SelectOCxM                           0x0800bf17   Thumb Code    82  stm32f10x_tim.o(.text)
    TIM_UpdateDisableConfig                  0x0800bf69   Thumb Code    24  stm32f10x_tim.o(.text)
    TIM_UpdateRequestConfig                  0x0800bf81   Thumb Code    24  stm32f10x_tim.o(.text)
    TIM_SelectHallSensor                     0x0800bf99   Thumb Code    24  stm32f10x_tim.o(.text)
    TIM_SelectOnePulseMode                   0x0800bfb1   Thumb Code    18  stm32f10x_tim.o(.text)
    TIM_SelectOutputTrigger                  0x0800bfc3   Thumb Code    18  stm32f10x_tim.o(.text)
    TIM_SelectSlaveMode                      0x0800bfd5   Thumb Code    18  stm32f10x_tim.o(.text)
    TIM_SelectMasterSlaveMode                0x0800bfe7   Thumb Code    18  stm32f10x_tim.o(.text)
    TIM_SetCounter                           0x0800bff9   Thumb Code     4  stm32f10x_tim.o(.text)
    TIM_SetAutoreload                        0x0800bffd   Thumb Code     4  stm32f10x_tim.o(.text)
    TIM_SetCompare1                          0x0800c001   Thumb Code     4  stm32f10x_tim.o(.text)
    TIM_SetCompare2                          0x0800c005   Thumb Code     4  stm32f10x_tim.o(.text)
    TIM_SetCompare3                          0x0800c009   Thumb Code     4  stm32f10x_tim.o(.text)
    TIM_SetCompare4                          0x0800c00d   Thumb Code     6  stm32f10x_tim.o(.text)
    TIM_SetClockDivision                     0x0800c013   Thumb Code    18  stm32f10x_tim.o(.text)
    TIM_GetCapture1                          0x0800c025   Thumb Code     6  stm32f10x_tim.o(.text)
    TIM_GetCapture2                          0x0800c02b   Thumb Code     6  stm32f10x_tim.o(.text)
    TIM_GetCapture3                          0x0800c031   Thumb Code     6  stm32f10x_tim.o(.text)
    TIM_GetCapture4                          0x0800c037   Thumb Code     8  stm32f10x_tim.o(.text)
    TIM_GetCounter                           0x0800c03f   Thumb Code     6  stm32f10x_tim.o(.text)
    TIM_GetPrescaler                         0x0800c045   Thumb Code     6  stm32f10x_tim.o(.text)
    TIM_GetFlagStatus                        0x0800c04b   Thumb Code    18  stm32f10x_tim.o(.text)
    TIM_ClearFlag                            0x0800c05d   Thumb Code     6  stm32f10x_tim.o(.text)
    TIM_GetITStatus                          0x0800c063   Thumb Code    34  stm32f10x_tim.o(.text)
    TIM_ClearITPendingBit                    0x0800c085   Thumb Code     6  stm32f10x_tim.o(.text)
    USART_DeInit                             0x0800c08d   Thumb Code   134  stm32f10x_usart.o(.text)
    USART_Init                               0x0800c113   Thumb Code   210  stm32f10x_usart.o(.text)
    USART_StructInit                         0x0800c1e5   Thumb Code    24  stm32f10x_usart.o(.text)
    USART_ClockInit                          0x0800c1fd   Thumb Code    34  stm32f10x_usart.o(.text)
    USART_ClockStructInit                    0x0800c21f   Thumb Code    12  stm32f10x_usart.o(.text)
    USART_Cmd                                0x0800c22b   Thumb Code    24  stm32f10x_usart.o(.text)
    USART_ITConfig                           0x0800c243   Thumb Code    74  stm32f10x_usart.o(.text)
    USART_DMACmd                             0x0800c28d   Thumb Code    18  stm32f10x_usart.o(.text)
    USART_SetAddress                         0x0800c29f   Thumb Code    18  stm32f10x_usart.o(.text)
    USART_WakeUpConfig                       0x0800c2b1   Thumb Code    18  stm32f10x_usart.o(.text)
    USART_ReceiverWakeUpCmd                  0x0800c2c3   Thumb Code    24  stm32f10x_usart.o(.text)
    USART_LINBreakDetectLengthConfig         0x0800c2db   Thumb Code    18  stm32f10x_usart.o(.text)
    USART_LINCmd                             0x0800c2ed   Thumb Code    24  stm32f10x_usart.o(.text)
    USART_SendData                           0x0800c305   Thumb Code     8  stm32f10x_usart.o(.text)
    USART_ReceiveData                        0x0800c30d   Thumb Code    10  stm32f10x_usart.o(.text)
    USART_SendBreak                          0x0800c317   Thumb Code    10  stm32f10x_usart.o(.text)
    USART_SetGuardTime                       0x0800c321   Thumb Code    16  stm32f10x_usart.o(.text)
    USART_SetPrescaler                       0x0800c331   Thumb Code    16  stm32f10x_usart.o(.text)
    USART_SmartCardCmd                       0x0800c341   Thumb Code    24  stm32f10x_usart.o(.text)
    USART_SmartCardNACKCmd                   0x0800c359   Thumb Code    24  stm32f10x_usart.o(.text)
    USART_HalfDuplexCmd                      0x0800c371   Thumb Code    24  stm32f10x_usart.o(.text)
    USART_OverSampling8Cmd                   0x0800c389   Thumb Code    22  stm32f10x_usart.o(.text)
    USART_OneBitMethodCmd                    0x0800c39f   Thumb Code    24  stm32f10x_usart.o(.text)
    USART_IrDAConfig                         0x0800c3b7   Thumb Code    18  stm32f10x_usart.o(.text)
    USART_IrDACmd                            0x0800c3c9   Thumb Code    24  stm32f10x_usart.o(.text)
    USART_GetFlagStatus                      0x0800c3e1   Thumb Code    26  stm32f10x_usart.o(.text)
    USART_ClearFlag                          0x0800c3fb   Thumb Code    18  stm32f10x_usart.o(.text)
    USART_GetITStatus                        0x0800c40d   Thumb Code    84  stm32f10x_usart.o(.text)
    USART_ClearITPendingBit                  0x0800c461   Thumb Code    52  stm32f10x_usart.o(.text)
    srand                                    0x0800c495   Thumb Code    42  rand.o(.text)
    _rand_init                               0x0800c4bf   Thumb Code     4  rand.o(.text)
    memcmp                                   0x0800c4d1   Thumb Code    88  memcmp.o(.text)
    __aeabi_memcpy                           0x0800c529   Thumb Code     0  rt_memcpy_v6.o(.text)
    __rt_memcpy                              0x0800c529   Thumb Code   138  rt_memcpy_v6.o(.text)
    _memcpy_lastbytes                        0x0800c58f   Thumb Code     0  rt_memcpy_v6.o(.text)
    __aeabi_memcpy4                          0x0800c5b3   Thumb Code     0  rt_memcpy_w.o(.text)
    __aeabi_memcpy8                          0x0800c5b3   Thumb Code     0  rt_memcpy_w.o(.text)
    __rt_memcpy_w                            0x0800c5b3   Thumb Code   100  rt_memcpy_w.o(.text)
    _memcpy_lastbytes_aligned                0x0800c5fb   Thumb Code     0  rt_memcpy_w.o(.text)
    __use_two_region_memory                  0x0800c617   Thumb Code     2  heapauxi.o(.text)
    __rt_heap_escrow                         0x0800c619   Thumb Code     2  heapauxi.o(.text)
    __rt_heap_expand                         0x0800c61b   Thumb Code     2  heapauxi.o(.text)
    __user_libspace                          0x0800c61d   Thumb Code     8  libspace.o(.text)
    __user_perproc_libspace                  0x0800c61d   Thumb Code     0  libspace.o(.text)
    __user_perthread_libspace                0x0800c61d   Thumb Code     0  libspace.o(.text)
    __user_setup_stackheap                   0x0800c625   Thumb Code    74  sys_stackheap_outer.o(.text)
    exit                                     0x0800c66f   Thumb Code    12  exit.o(.text)
    __I$use$semihosting                      0x0800c67b   Thumb Code     0  use_no_semi.o(.text)
    __use_no_semihosting_swi                 0x0800c67b   Thumb Code     2  use_no_semi.o(.text)
    __semihosting_library_function           0x0800c67d   Thumb Code     0  indicate_semi.o(.text)
    _sys_exit                                0x0800c67d   Thumb Code     8  sys_exit.o(.text)
    AES_encrypt                              0x0800c689   Thumb Code   624  aes128.o(i.AES_encrypt)
    AES_keyschedule_enc                      0x0800c901   Thumb Code   108  aes128.o(i.AES_keyschedule_enc)
    HandshakeData1                           0x0800c971   Thumb Code    74  handshake.o(i.HandshakeData1)
    HandshakeData2                           0x0800c9c5   Thumb Code    58  handshake.o(i.HandshakeData2)
    HandshakeInit                            0x0800ca09   Thumb Code   160  handshake.o(i.HandshakeInit)
    __aeabi_d2f                              0x0800cab9   Thumb Code     0  d2f.o(x$fpl$d2f)
    _d2f                                     0x0800cab9   Thumb Code    98  d2f.o(x$fpl$d2f)
    __aeabi_dadd                             0x0800cb1d   Thumb Code     0  daddsub_clz.o(x$fpl$dadd)
    _dadd                                    0x0800cb1d   Thumb Code   332  daddsub_clz.o(x$fpl$dadd)
    __fpl_dcmp_Inf                           0x0800cc6d   Thumb Code    24  dcmpi.o(x$fpl$dcmpinf)
    __aeabi_ddiv                             0x0800cc85   Thumb Code     0  ddiv.o(x$fpl$ddiv)
    _ddiv                                    0x0800cc85   Thumb Code   552  ddiv.o(x$fpl$ddiv)
    __aeabi_d2iz                             0x0800cf35   Thumb Code     0  dfix.o(x$fpl$dfix)
    _dfix                                    0x0800cf35   Thumb Code    94  dfix.o(x$fpl$dfix)
    __aeabi_d2uiz                            0x0800cf95   Thumb Code     0  dfixu.o(x$fpl$dfixu)
    _dfixu                                   0x0800cf95   Thumb Code    90  dfixu.o(x$fpl$dfixu)
    __aeabi_i2d                              0x0800cfef   Thumb Code     0  dflt_clz.o(x$fpl$dflt)
    _dflt                                    0x0800cfef   Thumb Code    46  dflt_clz.o(x$fpl$dflt)
    __aeabi_ui2d                             0x0800d01d   Thumb Code     0  dflt_clz.o(x$fpl$dfltu)
    _dfltu                                   0x0800d01d   Thumb Code    38  dflt_clz.o(x$fpl$dfltu)
    __aeabi_cdcmple                          0x0800d045   Thumb Code     0  dleqf.o(x$fpl$dleqf)
    _dcmple                                  0x0800d045   Thumb Code   120  dleqf.o(x$fpl$dleqf)
    __fpl_dcmple_InfNaN                      0x0800d0a7   Thumb Code     0  dleqf.o(x$fpl$dleqf)
    __aeabi_dmul                             0x0800d0bd   Thumb Code     0  dmul.o(x$fpl$dmul)
    _dmul                                    0x0800d0bd   Thumb Code   332  dmul.o(x$fpl$dmul)
    __fpl_dnaninf                            0x0800d211   Thumb Code   156  dnaninf.o(x$fpl$dnaninf)
    __fpl_dretinf                            0x0800d2ad   Thumb Code    12  dretinf.o(x$fpl$dretinf)
    __aeabi_cdrcmple                         0x0800d2b9   Thumb Code     0  drleqf.o(x$fpl$drleqf)
    _drcmple                                 0x0800d2b9   Thumb Code   108  drleqf.o(x$fpl$drleqf)
    __aeabi_dsub                             0x0800d325   Thumb Code     0  daddsub_clz.o(x$fpl$dsub)
    _dsub                                    0x0800d325   Thumb Code   464  daddsub_clz.o(x$fpl$dsub)
    __aeabi_f2d                              0x0800d4f9   Thumb Code     0  f2d.o(x$fpl$f2d)
    _f2d                                     0x0800d4f9   Thumb Code    86  f2d.o(x$fpl$f2d)
    __aeabi_fadd                             0x0800d551   Thumb Code     0  faddsub_clz.o(x$fpl$fadd)
    _fadd                                    0x0800d551   Thumb Code   196  faddsub_clz.o(x$fpl$fadd)
    __fpl_fcmp_Inf                           0x0800d615   Thumb Code    24  fcmpi.o(x$fpl$fcmpinf)
    __aeabi_fdiv                             0x0800d62d   Thumb Code     0  fdiv.o(x$fpl$fdiv)
    _fdiv                                    0x0800d62d   Thumb Code   384  fdiv.o(x$fpl$fdiv)
    __aeabi_f2iz                             0x0800d7b1   Thumb Code     0  ffix.o(x$fpl$ffix)
    _ffix                                    0x0800d7b1   Thumb Code    54  ffix.o(x$fpl$ffix)
    __aeabi_f2uiz                            0x0800d7e9   Thumb Code     0  ffixu.o(x$fpl$ffixu)
    _ffixu                                   0x0800d7e9   Thumb Code    62  ffixu.o(x$fpl$ffixu)
    __aeabi_i2f                              0x0800d829   Thumb Code     0  fflt_clz.o(x$fpl$fflt)
    _fflt                                    0x0800d829   Thumb Code    48  fflt_clz.o(x$fpl$fflt)
    __aeabi_ui2f                             0x0800d859   Thumb Code     0  fflt_clz.o(x$fpl$ffltu)
    _ffltu                                   0x0800d859   Thumb Code    38  fflt_clz.o(x$fpl$ffltu)
    __aeabi_cfcmple                          0x0800d881   Thumb Code     0  fleqf.o(x$fpl$fleqf)
    _fcmple                                  0x0800d881   Thumb Code   104  fleqf.o(x$fpl$fleqf)
    __fpl_fcmple_InfNaN                      0x0800d8d3   Thumb Code     0  fleqf.o(x$fpl$fleqf)
    __aeabi_fmul                             0x0800d8e9   Thumb Code     0  fmul.o(x$fpl$fmul)
    _fmul                                    0x0800d8e9   Thumb Code   258  fmul.o(x$fpl$fmul)
    __fpl_fnaninf                            0x0800d9eb   Thumb Code   140  fnaninf.o(x$fpl$fnaninf)
    __fpl_fretinf                            0x0800da77   Thumb Code    10  fretinf.o(x$fpl$fretinf)
    __aeabi_cfrcmple                         0x0800da81   Thumb Code     0  frleqf.o(x$fpl$frleqf)
    _frcmple                                 0x0800da81   Thumb Code    98  frleqf.o(x$fpl$frleqf)
    __aeabi_frsub                            0x0800dae3   Thumb Code     0  faddsub_clz.o(x$fpl$frsb)
    _frsb                                    0x0800dae3   Thumb Code    20  faddsub_clz.o(x$fpl$frsb)
    __aeabi_fsub                             0x0800daf9   Thumb Code     0  faddsub_clz.o(x$fpl$fsub)
    _fsub                                    0x0800daf9   Thumb Code   234  faddsub_clz.o(x$fpl$fsub)
    Speed_Mileage                            0x0800dbe2   Data          18  robit_run.o(.constdata)
    __I$use$fp                               0x0800dbe2   Number         0  usenofp.o(x$fpl$usenofp)
    Speed_Angle                              0x0800dbf4   Data           9  robit_run.o(.constdata)
    Angle_Num                                0x0800dbfd   Data          41  robit_run.o(.constdata)
    RobotPar                                 0x0800dc26   Data         224  uart.o(.constdata)
    Display_Table                            0x0800dd06   Data          10  display_key.o(.constdata)
    ChargeManageInitTable                    0x0800dd10   Data          16  gyro_i2c.o(.constdata)
    ICM_Init_Table                           0x0800dd20   Data          23  gyro_i2c.o(.constdata)
    ADXL_Init                                0x0800dd37   Data          15  gyro_i2c.o(.constdata)
    Region$$Table$$Base                      0x0800dd94   Number         0  anon$$obj.o(Region$$Table)
    Region$$Table$$Limit                     0x0800ddb4   Number         0  anon$$obj.o(Region$$Table)
    SystemCoreClock                          0x20000000   Data           4  system_stm32f10x.o(.data)
    AHBPrescTable                            0x20000004   Data          16  system_stm32f10x.o(.data)
    SystemRunTime                            0x2000001c   Data           4  init.o(.data)
    SystePwrMode                             0x20000020   Data           1  init.o(.data)
    Batt_Vol                                 0x20000022   Data           2  adc.o(.data)
    Batt_Temp                                0x20000024   Data           2  adc.o(.data)
    Batt_ChargeCur                           0x20000026   Data           2  adc.o(.data)
    ZSMotor_Cur                              0x20000028   Data           2  adc.o(.data)
    DustMotor_Cur                            0x2000002a   Data           2  adc.o(.data)
    LMotor_Cur                               0x2000002c   Data           2  adc.o(.data)
    RMotor_Cur                               0x2000002e   Data           2  adc.o(.data)
    ADCScanEn                                0x20000030   Data           1  adc.o(.data)
    ADC_Ready                                0x20000031   Data           1  adc.o(.data)
    VaccInit                                 0x20000034   Data           1  robit_run.o(.data)
    WaccInit                                 0x20000035   Data           1  robit_run.o(.data)
    earthSum                                 0x20000038   Data           4  robit_run.o(.data)
    earthWaveCnt                             0x2000003c   Data           1  robit_run.o(.data)
    earthCnt                                 0x2000003d   Data           1  robit_run.o(.data)
    earthAvgOk                               0x2000003e   Data           1  robit_run.o(.data)
    earthWaveTimeCnt                         0x2000003f   Data           1  robit_run.o(.data)
    AdjustSpeedEn                            0x20000064   Data           1  robit_run.o(.data)
    MotorLinerModeEn                         0x20000065   Data           1  robit_run.o(.data)
    AccCtrlTimeEn                            0x20000066   Data           1  robit_run.o(.data)
    Sys_Startangle                           0x20000068   Data           2  robit_run.o(.data)
    AnglerateTarg                            0x2000006a   Data           2  robit_run.o(.data)
    AnglerateTargInit                        0x2000006c   Data           2  robit_run.o(.data)
    SpeedAdjTime                             0x2000006e   Data           1  robit_run.o(.data)
    Robit_RunSpeed                           0x2000006f   Data           1  robit_run.o(.data)
    TargMileage                              0x20000070   Data           4  robit_run.o(.data)
    LeftCurMileage                           0x20000074   Data           4  robit_run.o(.data)
    RightCurMileage                          0x20000078   Data           4  robit_run.o(.data)
    TargMileageForArc                        0x2000007c   Data           4  robit_run.o(.data)
    RobitRouteModeEn                         0x20000080   Data           1  robit_run.o(.data)
    MotorStartupEn                           0x20000081   Data           1  robit_run.o(.data)
    MotorStopCtrlEn                          0x20000082   Data           1  robit_run.o(.data)
    RobitModeCtrlEn                          0x20000083   Data           1  robit_run.o(.data)
    VaccEn                                   0x20000084   Data           1  robit_run.o(.data)
    WaccEn                                   0x20000085   Data           1  robit_run.o(.data)
    LeftMileageAll                           0x20000088   Data           4  robit_run.o(.data)
    RightMileageAll                          0x2000008c   Data           4  robit_run.o(.data)
    LeftMileageAllPre                        0x20000090   Data           4  robit_run.o(.data)
    RightMileageAllPre                       0x20000094   Data           4  robit_run.o(.data)
    TargCirle                                0x20000098   Data           1  robit_run.o(.data)
    TargAngle                                0x2000009a   Data           2  robit_run.o(.data)
    RotationAngleCur                         0x2000009c   Data           2  robit_run.o(.data)
    StepModeCnt                              0x2000009e   Data           2  robit_run.o(.data)
    RobitStatus                              0x200000a0   Data           1  robit_run.o(.data)
    RobitRunningMode                         0x200000a1   Data           1  robit_run.o(.data)
    RobitRunningClosedLoopMode               0x200000a2   Data           1  robit_run.o(.data)
    RobitRunbyRouteMode                      0x200000a3   Data           1  robit_run.o(.data)
    LeftMotorSwDirFlag                       0x200000a4   Data           1  robit_run.o(.data)
    RightMotorSwDirFlag                      0x200000a5   Data           1  robit_run.o(.data)
    LeftMotorSpeedBak                        0x200000a6   Data           2  robit_run.o(.data)
    RightMotorSpeedBak                       0x200000a8   Data           2  robit_run.o(.data)
    LeftMotorDirBak                          0x200000aa   Data           1  robit_run.o(.data)
    RightMotorDirBak                         0x200000ab   Data           1  robit_run.o(.data)
    Robit_Dir                                0x200000ac   Data           1  robit_run.o(.data)
    RobotLineSpeed                           0x200000b0   Data           4  robit_run.o(.data)
    RobotLineSpeedTarg                       0x200000b4   Data           4  robit_run.o(.data)
    RobotAngleRate                           0x200000b8   Data           4  robit_run.o(.data)
    AngularVelocityOdo                       0x200000bc   Data           2  robit_run.o(.data)
    LeftMotorSpeedCnt                        0x200000be   Data           1  robit_run.o(.data)
    RightMotorSpeedCnt                       0x200000bf   Data           1  robit_run.o(.data)
    LeftMotorSpeedSum                        0x200000c0   Data           4  robit_run.o(.data)
    RightMotorSpeedSum                       0x200000c4   Data           4  robit_run.o(.data)
    MotorLinerModeCnt                        0x200000c8   Data           1  robit_run.o(.data)
    LeftMotorInterCnt                        0x200000ca   Data           2  robit_run.o(.data)
    RightMotorInterCnt                       0x200000cc   Data           2  robit_run.o(.data)
    LeftMotorErrorCnt                        0x200000ce   Data           2  robit_run.o(.data)
    RightMotorErrorCnt                       0x200000d0   Data           2  robit_run.o(.data)
    rightIncrease                            0x200000d2   Data           1  robit_run.o(.data)
    rightReduce                              0x200000d3   Data           1  robit_run.o(.data)
    rightCnt                                 0x200000d4   Data           1  robit_run.o(.data)
    CarpetStatus                             0x200000d5   Data           1  robit_run.o(.data)
    CarpetCheckEn                            0x200000d6   Data           1  robit_run.o(.data)
    Sta_Gyro                                 0x200000d7   Data           1  robit_run.o(.data)
    UpCnt                                    0x200000d8   Data           1  robit_run.o(.data)
    DownCnt                                  0x200000d9   Data           1  robit_run.o(.data)
    earthAvg                                 0x200000da   Data           2  robit_run.o(.data)
    earthWaveMax                             0x200000dc   Data           2  robit_run.o(.data)
    earthWaveMin                             0x200000de   Data           2  robit_run.o(.data)
    FrameHeadDataBuf                         0x200000e0   Data           1  uart.o(.data)
    FrameTailDataBuf                         0x200000e1   Data           1  uart.o(.data)
    UartTimerCnt                             0x200000e2   Data           2  uart.o(.data)
    Uart_SendEn                              0x200000e4   Data           1  uart.o(.data)
    Uart2_SendEn                             0x200000e5   Data           1  uart.o(.data)
    HandShakeEn                              0x200000e6   Data           1  uart.o(.data)
    UART_SendPtr                             0x200000e8   Data           4  uart.o(.data)
    UART2_SendPtr                            0x200000ec   Data           4  uart.o(.data)
    UART_SendBytes                           0x200000f0   Data           1  uart.o(.data)
    UART2_SendBytes                          0x200000f1   Data           1  uart.o(.data)
    UART_SendOver                            0x200000f2   Data           1  uart.o(.data)
    UART2_SendOver                           0x200000f3   Data           1  uart.o(.data)
    UART_Send_Fq                             0x200000f4   Data           2  uart.o(.data)
    Mcu_Charge_Status                        0x200000f6   Data           4  uart.o(.data)
    WIFI_Status                              0x200000fa   Data           1  uart.o(.data)
    UART_RcvPtr                              0x200000fb   Data           1  uart.o(.data)
    UART_RcvBytes                            0x200000fc   Data           1  uart.o(.data)
    UartFrameHeadCheckEn                     0x200000fd   Data           1  uart.o(.data)
    UartFrameTailCheckEn                     0x200000fe   Data           1  uart.o(.data)
    FlagUartFrameHead                        0x200000ff   Data           1  uart.o(.data)
    FlagUartFrameTail                        0x20000100   Data           1  uart.o(.data)
    CleanStatus                              0x20000101   Data           5  uart.o(.data)
    AngleTarg                                0x20000108   Data           4  uart.o(.data)
    test1                                    0x2000010c   Data           2  uart.o(.data)
    test2                                    0x2000010e   Data           2  uart.o(.data)
    test3                                    0x20000110   Data           2  uart.o(.data)
    q0buf                                    0x20000112   Data           2  uart.o(.data)
    q1buf                                    0x20000114   Data           2  uart.o(.data)
    q2buf                                    0x20000116   Data           2  uart.o(.data)
    q3buf                                    0x20000118   Data           2  uart.o(.data)
    axbuf                                    0x2000011a   Data           2  uart.o(.data)
    aybuf                                    0x2000011c   Data           2  uart.o(.data)
    azbuf                                    0x2000011e   Data           2  uart.o(.data)
    UartRcvOneFrameData                      0x20000120   Data           1  uart.o(.data)
    UartMaterLost                            0x20000121   Data           1  uart.o(.data)
    UartSendCnt                              0x20000122   Data           1  uart.o(.data)
    UartBumpSendCnt                          0x20000123   Data           1  uart.o(.data)
    UartWheelSendCnt                         0x20000124   Data           1  uart.o(.data)
    UartWallSendCnt                          0x20000125   Data           1  uart.o(.data)
    UartSendCmd                              0x20000126   Data           1  uart.o(.data)
    UartSendDataAddr                         0x20000127   Data           1  uart.o(.data)
    UartSendDatlength                        0x20000128   Data           1  uart.o(.data)
    StepModeOn                               0x20000129   Data           1  uart.o(.data)
    CtrlMode                                 0x2000012a   Data           1  uart.o(.data)
    RobotLineSpeedTargPre                    0x2000012c   Data           4  uart.o(.data)
    RobotAngleRatePre                        0x20000130   Data           4  uart.o(.data)
    StepStatus                               0x20000134   Data           4  uart.o(.data)
    GarbageStatus                            0x20000138   Data           4  uart.o(.data)
    T                                        0x2000013c   Data           4  uart.o(.data)
    Uart2_RevBytes                           0x20000140   Data           1  uart.o(.data)
    Uart2_RevPtr                             0x20000141   Data           1  uart.o(.data)
    Uart2_TimeCnt                            0x20000142   Data           1  uart.o(.data)
    Uart2_RevOneFrameData                    0x20000143   Data           1  uart.o(.data)
    Kp_Set                                   0x20000144   Data           2  pid.o(.data)
    Kd_Set                                   0x20000146   Data           2  pid.o(.data)
    Ki_Set                                   0x20000148   Data           2  pid.o(.data)
    Key_Code                                 0x20000150   Data           1  display_key.o(.data)
    Key_Status                               0x20000151   Data           1  display_key.o(.data)
    g_key_Continuum_con                      0x20000152   Data           1  display_key.o(.data)
    DisCnt                                   0x20000153   Data           1  display_key.o(.data)
    KeyScanEn                                0x20000158   Data           1  display_key.o(.data)
    DisplayScanEn                            0x20000159   Data           1  display_key.o(.data)
    Flag_Key_LongPress                       0x2000015a   Data           1  display_key.o(.data)
    FlagResetWifi                            0x2000015b   Data           1  display_key.o(.data)
    g_key_data                               0x2000015c   Data           1  display_key.o(.data)
    g_key_data_Pre                           0x2000015d   Data           1  display_key.o(.data)
    g_key_Continuum_tim                      0x2000015e   Data           1  display_key.o(.data)
    Ultra_RevCnt                             0x20000160   Data           3  signal.o(.data)
    PSD_AD                                   0x20000174   Data           2  signal.o(.data)
    LeftBump                                 0x20000176   Data           1  signal.o(.data)
    RightBump                                0x20000177   Data           1  signal.o(.data)
    MidBump                                  0x20000178   Data           1  signal.o(.data)
    BumpBak                                  0x20000179   Data           1  signal.o(.data)
    LeftWheelLift                            0x2000017a   Data           1  signal.o(.data)
    RightWheelLift                           0x2000017b   Data           1  signal.o(.data)
    WheelLift                                0x2000017c   Data           1  signal.o(.data)
    RagChangeSingal                          0x2000017d   Data           1  signal.o(.data)
    RagChangeSingalB                         0x2000017e   Data           1  signal.o(.data)
    BumpSendEn                               0x2000017f   Data           1  signal.o(.data)
    WheelLiftSendEn                          0x20000180   Data           1  signal.o(.data)
    WallSendEn                               0x20000181   Data           1  signal.o(.data)
    WallCheckEn                              0x20000182   Data           1  signal.o(.data)
    SignalCheckEn                            0x20000183   Data           1  signal.o(.data)
    BumpFlag                                 0x20000184   Data           1  signal.o(.data)
    BumpOverFlag                             0x20000185   Data           1  signal.o(.data)
    BumpOverForCloseWallFlag                 0x20000186   Data           1  signal.o(.data)
    Ultra_En                                 0x20000187   Data           1  signal.o(.data)
    Ultra_Check_En                           0x20000188   Data           3  signal.o(.data)
    Ultra_Rev_OK                             0x2000018b   Data           3  signal.o(.data)
    Ultra_Rev_First                          0x2000018e   Data           3  signal.o(.data)
    Ultra_Jump                               0x20000191   Data           3  signal.o(.data)
    Ultra_Rising                             0x20000194   Data           3  signal.o(.data)
    Ultra_Falling                            0x20000197   Data           3  signal.o(.data)
    Ultra_ID                                 0x2000019a   Data           1  signal.o(.data)
    Ultra_RevID                              0x2000019b   Data           1  signal.o(.data)
    Ultra_RevLv                              0x2000019c   Data           3  signal.o(.data)
    Ultra_RevTime                            0x200001a0   Data           6  signal.o(.data)
    Ultra_RevTimeVlid                        0x200001a6   Data           6  signal.o(.data)
    Ultra_RevTimeVlidBak                     0x200001ac   Data           6  signal.o(.data)
    UltraObs                                 0x200001b2   Data           1  signal.o(.data)
    UltraDecelerationObs                     0x200001b3   Data           1  signal.o(.data)
    PSD_Distance                             0x200001b4   Data           2  signal.o(.data)
    BatteryVol2Soc                           0x200001b6   Data          22  battery.o(.data)
    BatterySoc                               0x200001ce   Data           1  battery.o(.data)
    BatterySocDis                            0x200001cf   Data           1  battery.o(.data)
    BatteryStatus                            0x200001d0   Data           1  battery.o(.data)
    BatteryChargeReadyStatus                 0x200001d1   Data           1  battery.o(.data)
    BatteryConnect                           0x200001d2   Data           1  battery.o(.data)
    BatteryChargePWMVal                      0x200001d4   Data           2  battery.o(.data)
    SocketPower                              0x200001d6   Data           1  battery.o(.data)
    JackPower                                0x200001d7   Data           1  battery.o(.data)
    BatteryCheckEn                           0x200001d8   Data           1  battery.o(.data)
    BatteryChargeEn                          0x200001d9   Data           1  battery.o(.data)
    BatteryError                             0x200001da   Data           1  battery.o(.data)
    BatteryOffCnt                            0x200001dc   Data           2  battery.o(.data)
    ChargeCnt                                0x200001de   Data           1  battery.o(.data)
    ChargeStartCnt                           0x200001df   Data           1  battery.o(.data)
    BatteryChargeStartCur                    0x200001e0   Data           2  battery.o(.data)
    BatteryVolPre                            0x200001e2   Data           2  battery.o(.data)
    BatteryVolold                            0x200001e4   Data           2  battery.o(.data)
    BatteryFullCnt                           0x200001e6   Data           1  battery.o(.data)
    BatterySocCnt                            0x200001e7   Data           1  battery.o(.data)
    BatteryFullSmallCurCnt                   0x200001e8   Data           2  battery.o(.data)
    BatteryChargeFullEn                      0x200001ea   Data           1  battery.o(.data)
    KalmanInit                               0x200001eb   Data           1  battery.o(.data)
    BattertDisInit                           0x200001ec   Data           1  battery.o(.data)
    BatteryVolByKalman                       0x200001ee   Data           2  battery.o(.data)
    BatteryVolNoKalman                       0x200001f0   Data           2  battery.o(.data)
    CleanInit                                0x200001f2   Data           1  actuator.o(.data)
    DustInit                                 0x200001f3   Data           1  actuator.o(.data)
    SprayWaterEn                             0x20000203   Data           1  actuator.o(.data)
    ActuatorEn                               0x20000204   Data           1  actuator.o(.data)
    CleanEn                                  0x20000205   Data           1  actuator.o(.data)
    DustEn                                   0x20000206   Data           1  actuator.o(.data)
    RagChangeEn                              0x20000207   Data           1  actuator.o(.data)
    SparyWaterInit                           0x20000208   Data           1  actuator.o(.data)
    SparyWaterOnCnt                          0x20000209   Data           1  actuator.o(.data)
    SparyWaterOffCnt                         0x2000020a   Data           2  actuator.o(.data)
    CleanPwm                                 0x2000020c   Data           2  actuator.o(.data)
    CleanPwmStep                             0x2000020e   Data           2  actuator.o(.data)
    DustPwm                                  0x20000210   Data           2  actuator.o(.data)
    DustPwmStep                              0x20000212   Data           2  actuator.o(.data)
    CleanPwmOn                               0x20000214   Data           2  actuator.o(.data)
    DustPwmOn                                0x20000216   Data           2  actuator.o(.data)
    fanLevelPre                              0x20000218   Data           1  actuator.o(.data)
    sideBroomLevelPre                        0x20000219   Data           1  actuator.o(.data)
    midBroomLevelPre                         0x2000021a   Data           1  actuator.o(.data)
    timeDiffer                               0x2000021c   Data           8  actuator.o(.data)
    Icm_Init_Cnt                             0x20000224   Data           2  gyro_i2c.o(.data)
    I2C_Status                               0x20000226   Data           1  gyro_i2c.o(.data)
    I2C_Req                                  0x20000227   Data           1  gyro_i2c.o(.data)
    I2C_ReqLock                              0x20000228   Data           1  gyro_i2c.o(.data)
    I2C_ReqLocked                            0x20000229   Data           1  gyro_i2c.o(.data)
    AccBuf                                   0x2000022a   Data           6  gyro_i2c.o(.data)
    Sys_Angle                                0x2000026c   Data           2  gyro_i2c.o(.data)
    Sys_Anglerate                            0x2000026e   Data           2  gyro_i2c.o(.data)
    Sys_AnglePre                             0x20000270   Data           2  gyro_i2c.o(.data)
    Sys_Angle2                               0x20000272   Data           2  gyro_i2c.o(.data)
    Sys_AnglexInit                           0x20000274   Data           2  gyro_i2c.o(.data)
    IIcRevBytes                              0x20000276   Data           1  gyro_i2c.o(.data)
    GyroReady                                0x20000277   Data           1  gyro_i2c.o(.data)
    GyroDataVlid                             0x20000278   Data           1  gyro_i2c.o(.data)
    Battery_Charge_En                        0x20000279   Data           1  gyro_i2c.o(.data)
    GyroInitEn                               0x2000027a   Data           1  gyro_i2c.o(.data)
    ADXLInitEn                               0x2000027b   Data           1  gyro_i2c.o(.data)
    I2CFrameTrans                            0x2000027c   Data           1  gyro_i2c.o(.data)
    GyroIcmInit                              0x2000027d   Data           1  gyro_i2c.o(.data)
    BatteryChargeInit                        0x2000027e   Data           1  gyro_i2c.o(.data)
    I2C_SendPts                              0x2000027f   Data           1  gyro_i2c.o(.data)
    I2C_ReqDevice                            0x20000280   Data           6  gyro_i2c.o(.data)
    I2C_Core                                 0x20000288   Data           4  gyro_i2c.o(.data)
    SubStep                                  0x2000028c   Data           1  pathplan.o(.data)
    UltraFrontDisMin                         0x2000028e   Data           2  pathplan.o(.data)
    BumpCnt                                  0x20000290   Data           1  pathplan.o(.data)
    PathPlanMode                             0x200002b6   Data           1  pathplan.o(.data)
    PathPlanStep                             0x200002b7   Data           1  pathplan.o(.data)
    UltraFrontAngle                          0x200002b8   Data           2  pathplan.o(.data)
    SysInitAngle                             0x200002ba   Data           2  pathplan.o(.data)
    SysFirstAngle                            0x200002bc   Data           2  pathplan.o(.data)
    BumpStaBak                               0x200002be   Data           1  pathplan.o(.data)
    FlagUltraRising                          0x200002bf   Data           3  pathplan.o(.data)
    FlagUltraFalling                         0x200002c2   Data           3  pathplan.o(.data)
    FlagRobotTurnOK                          0x200002c5   Data           3  pathplan.o(.data)
    PathPlanEn                               0x200002c8   Data           1  pathplan.o(.data)
    UltraSignalCalEn                         0x200002c9   Data           1  pathplan.o(.data)
    StartPosEn                               0x200002ca   Data           1  pathplan.o(.data)
    EndPosCheckEn                            0x200002cb   Data           1  pathplan.o(.data)
    EndPosGet                                0x200002cc   Data           1  pathplan.o(.data)
    RobitLineMileage                         0x200002d0   Data           4  pathplan.o(.data)
    PathPlanAngle                            0x200002d4   Data           2  pathplan.o(.data)
    VoiceStatus                              0x200002d7   Data           1  voice.o(.data)
    VoiceHandshake                           0x200002d8   Data           1  voice.o(.data)
    VoiceInit                                0x200002d9   Data           1  voice.o(.data)
    VoiceReq                                 0x200002da   Data           1  voice.o(.data)
    Vocie_DealEn                             0x200002db   Data           1  voice.o(.data)
    K_x                                      0x200002dc   Data           2  filter.o(.data)
    new_flag_x                               0x200002de   Data           1  filter.o(.data)
    num_x                                    0x200002df   Data           1  filter.o(.data)
    pMyDevice                                0x200002f4   Data           4  vl53l0x_continuousranging_example.o(.data)
    pRangingMeasurementData                  0x200002f8   Data           4  vl53l0x_continuousranging_example.o(.data)
    vl53l0x_Mesure_En                        0x200002fc   Data           1  vl53l0x_continuousranging_example.o(.data)
    vl53l0x_Results                          0x20000300   Data           2  vl53l0x_continuousranging_example.o(.data)
    Enable                                   0x20000304   Data           1  handshake.o(.data)
    VersionInfo                              0x20000308   Data           4  handshake.o(.data)
    ADCDataValid                             0x20000d60   Data          10  adc.o(.bss)
    ADC_ConvertedValue                       0x20000d6a   Data          20  adc.o(.bss)
    ADC_ConvertedValue1                      0x20000d7e   Data         120  adc.o(.bss)
    ADC_ConvertedValue_New                   0x20000df6   Data          20  adc.o(.bss)
    ADC_ConvertedValue_Old                   0x20000e0a   Data          20  adc.o(.bss)
    ADC_ConvertedValue_Val                   0x20000e1e   Data          20  adc.o(.bss)
    LeftMotor                                0x20000e34   Data          36  robit_run.o(.bss)
    RightMotor                               0x20000e58   Data          36  robit_run.o(.bss)
    LeftMotorSpeed                           0x20000e7c   Data          12  robit_run.o(.bss)
    RightMotorSpeed                          0x20000e88   Data          12  robit_run.o(.bss)
    UART_SendBuf                             0x20000e94   Data         250  uart.o(.bss)
    UART2_SendBuf                            0x20000f8e   Data         100  uart.o(.bss)
    UART_RcvBuf                              0x20000ff2   Data         250  uart.o(.bss)
    ControlReg                               0x200010ec   Data          55  uart.o(.bss)
    UartAck                                  0x20001123   Data         343  uart.o(.bss)
    UartAck_P                                0x2000127a   Data         233  uart.o(.bss)
    a                                        0x20001364   Data          12  uart.o(.bss)
    w                                        0x20001370   Data          12  uart.o(.bss)
    angle                                    0x2000137c   Data          12  uart.o(.bss)
    Uart2_RevBuf                             0x20001388   Data          40  uart.o(.bss)
    Kp                                       0x200013b0   Data          20  pid.o(.bss)
    Kd                                       0x200013c4   Data          20  pid.o(.bss)
    Ki                                       0x200013d8   Data          20  pid.o(.bss)
    LastPID_I                                0x200013ec   Data          20  pid.o(.bss)
    Last_Value                               0x20001400   Data          10  pid.o(.bss)
    g_display_buf                            0x2000140a   Data          10  display_key.o(.bss)
    Ultra_RevTimeSum                         0x20001414   Data          12  signal.o(.bss)
    WallData                                 0x20001420   Data          80  signal.o(.bss)
    EarthData                                0x20001470   Data          32  signal.o(.bss)
    Indr                                     0x20001490   Data          56  signal.o(.bss)
    BatteryKalman                            0x200014c8   Data          28  battery.o(.bss)
    MopPar                                   0x200014e4   Data          18  actuator.o(.bss)
    IIcRevData                               0x20001510   Data          20  gyro_i2c.o(.bss)
    I2C_RevDataVL53L0X                       0x20001524   Data          10  gyro_i2c.o(.bss)
    I2C_Gyro                                 0x20001530   Data          20  gyro_i2c.o(.bss)
    I2C_ADXL                                 0x20001544   Data          20  gyro_i2c.o(.bss)
    I2C_Gyro_Icm                             0x20001558   Data          20  gyro_i2c.o(.bss)
    I2C_Charge                               0x2000156c   Data          20  gyro_i2c.o(.bss)
    I2C_VL53L0X                              0x20001580   Data          20  gyro_i2c.o(.bss)
    IcmData                                  0x20001594   Data          15  gyro_i2c.o(.bss)
    IcmDataByKalman                          0x200015a3   Data          15  gyro_i2c.o(.bss)
    GyroKalman                               0x200015b4   Data         168  gyro_i2c.o(.bss)
    StartPos                                 0x20001678   Data          12  pathplan.o(.bss)
    Motion_Pos                               0x20001684   Data          12  pos.o(.bss)
    imu                                      0x20001690   Data         188  imu.o(.bss)
    MyDevice                                 0x20001764   Data         396  vl53l0x_continuousranging_example.o(.bss)
    RangingMeasurementData                   0x200018f0   Data          28  vl53l0x_continuousranging_example.o(.bss)
    _random_number_data                      0x20001a8c   Data         228  rand.o(.bss)
    __libspace_start                         0x20001b70   Data          96  libspace.o(.bss)
    __temporary_stack_top$libspace           0x20001bd0   Data           0  libspace.o(.bss)



==============================================================================

Memory Map of the image

  Image Entry point : 0x08000131

  Load Region LR_IROM1 (Base: 0x08000000, Size: 0x0000eb08, Max: 0x00040000, ABSOLUTE, COMPRESSED[0x0000e850])

    Execution Region ER_IROM1 (Base: 0x08000000, Size: 0x0000ddb4, Max: 0x00040000, ABSOLUTE)

    Base Addr    Size         Type   Attr      Idx    E Section Name        Object

    0x08000000   0x00000130   Data   RO          809    RESET               startup_stm32f10x_hd.o
    0x08000130   0x00000008   Code   RO         1809  * !!!main             c_w.l(__main.o)
    0x08000138   0x00000034   Code   RO         2342    !!!scatter          c_w.l(__scatter.o)
    0x0800016c   0x0000003a   Code   RO         2340    !!dczerorl          c_w.l(__dczerorl.o)
    0x080001a6   0x00000002   PAD
    0x080001a8   0x0000001c   Code   RO         2344    !!handler_zi        c_w.l(__scatter_zi.o)
    0x080001c4   0x00000002   Code   RO         2187    .ARM.Collect$$libinit$$00000000  c_w.l(libinit.o)
    0x080001c6   0x00000000   Code   RO         1950    .ARM.Collect$$libinit$$00000002  c_w.l(libinit2.o)
    0x080001c6   0x00000000   Code   RO         1953    .ARM.Collect$$libinit$$00000008  c_w.l(libinit2.o)
    0x080001c6   0x00000000   Code   RO         1955    .ARM.Collect$$libinit$$0000000A  c_w.l(libinit2.o)
    0x080001c6   0x00000004   Code   RO         1956    .ARM.Collect$$libinit$$0000000B  c_w.l(libinit2.o)
    0x080001ca   0x00000000   Code   RO         1957    .ARM.Collect$$libinit$$0000000C  c_w.l(libinit2.o)
    0x080001ca   0x00000000   Code   RO         1960    .ARM.Collect$$libinit$$0000000F  c_w.l(libinit2.o)
    0x080001ca   0x00000000   Code   RO         1962    .ARM.Collect$$libinit$$00000011  c_w.l(libinit2.o)
    0x080001ca   0x00000000   Code   RO         1964    .ARM.Collect$$libinit$$00000013  c_w.l(libinit2.o)
    0x080001ca   0x00000000   Code   RO         1966    .ARM.Collect$$libinit$$00000015  c_w.l(libinit2.o)
    0x080001ca   0x00000000   Code   RO         1968    .ARM.Collect$$libinit$$00000017  c_w.l(libinit2.o)
    0x080001ca   0x00000000   Code   RO         1970    .ARM.Collect$$libinit$$00000019  c_w.l(libinit2.o)
    0x080001ca   0x00000000   Code   RO         1972    .ARM.Collect$$libinit$$0000001B  c_w.l(libinit2.o)
    0x080001ca   0x00000000   Code   RO         1974    .ARM.Collect$$libinit$$0000001D  c_w.l(libinit2.o)
    0x080001ca   0x00000000   Code   RO         1976    .ARM.Collect$$libinit$$0000001F  c_w.l(libinit2.o)
    0x080001ca   0x00000000   Code   RO         1978    .ARM.Collect$$libinit$$00000021  c_w.l(libinit2.o)
    0x080001ca   0x00000000   Code   RO         1980    .ARM.Collect$$libinit$$00000023  c_w.l(libinit2.o)
    0x080001ca   0x00000000   Code   RO         1984    .ARM.Collect$$libinit$$0000002A  c_w.l(libinit2.o)
    0x080001ca   0x00000000   Code   RO         1986    .ARM.Collect$$libinit$$0000002C  c_w.l(libinit2.o)
    0x080001ca   0x00000000   Code   RO         1988    .ARM.Collect$$libinit$$0000002E  c_w.l(libinit2.o)
    0x080001ca   0x00000000   Code   RO         1990    .ARM.Collect$$libinit$$00000030  c_w.l(libinit2.o)
    0x080001ca   0x00000002   Code   RO         1991    .ARM.Collect$$libinit$$00000031  c_w.l(libinit2.o)
    0x080001cc   0x00000002   Code   RO         2319    .ARM.Collect$$libshutdown$$00000000  c_w.l(libshutdown.o)
    0x080001ce   0x00000000   Code   RO         2190    .ARM.Collect$$libshutdown$$00000003  c_w.l(libshutdown2.o)
    0x080001ce   0x00000000   Code   RO         2193    .ARM.Collect$$libshutdown$$00000006  c_w.l(libshutdown2.o)
    0x080001ce   0x00000000   Code   RO         2196    .ARM.Collect$$libshutdown$$00000009  c_w.l(libshutdown2.o)
    0x080001ce   0x00000000   Code   RO         2198    .ARM.Collect$$libshutdown$$0000000B  c_w.l(libshutdown2.o)
    0x080001ce   0x00000000   Code   RO         2201    .ARM.Collect$$libshutdown$$0000000E  c_w.l(libshutdown2.o)
    0x080001ce   0x00000002   Code   RO         2202    .ARM.Collect$$libshutdown$$0000000F  c_w.l(libshutdown2.o)
    0x080001d0   0x00000000   Code   RO         1933    .ARM.Collect$$rtentry$$00000000  c_w.l(rtentry.o)
    0x080001d0   0x00000000   Code   RO         2038    .ARM.Collect$$rtentry$$00000002  c_w.l(rtentry2.o)
    0x080001d0   0x00000006   Code   RO         2050    .ARM.Collect$$rtentry$$00000004  c_w.l(rtentry4.o)
    0x080001d6   0x00000000   Code   RO         2040    .ARM.Collect$$rtentry$$00000009  c_w.l(rtentry2.o)
    0x080001d6   0x00000004   Code   RO         2041    .ARM.Collect$$rtentry$$0000000A  c_w.l(rtentry2.o)
    0x080001da   0x00000000   Code   RO         2043    .ARM.Collect$$rtentry$$0000000C  c_w.l(rtentry2.o)
    0x080001da   0x00000008   Code   RO         2044    .ARM.Collect$$rtentry$$0000000D  c_w.l(rtentry2.o)
    0x080001e2   0x00000002   Code   RO         2214    .ARM.Collect$$rtexit$$00000000  c_w.l(rtexit.o)
    0x080001e4   0x00000000   Code   RO         2274    .ARM.Collect$$rtexit$$00000002  c_w.l(rtexit2.o)
    0x080001e4   0x00000004   Code   RO         2275    .ARM.Collect$$rtexit$$00000003  c_w.l(rtexit2.o)
    0x080001e8   0x00000006   Code   RO         2276    .ARM.Collect$$rtexit$$00000004  c_w.l(rtexit2.o)
    0x080001ee   0x00000002   PAD
    0x080001f0   0x00000034   Code   RO         1792    .emb_text           c_w.l(rand.o)
    0x08000224   0x000001e4   Code   RO           19    .text               system_stm32f10x.o
    0x08000408   0x00000070   Code   RO          150    .text               main.o
    0x08000478   0x00000b28   Code   RO          282    .text               init.o
    0x08000fa0   0x000002b8   Code   RO          321    .text               adc.o
    0x08001258   0x00001dbc   Code   RO          348    .text               robit_run.o
    0x08003014   0x00001e40   Code   RO          390    .text               uart.o
    0x08004e54   0x000002c4   Code   RO          419    .text               pid.o
    0x08005118   0x00000600   Code   RO          446    .text               display_key.o
    0x08005718   0x00000bf8   Code   RO          474    .text               signal.o
    0x08006310   0x00000380   Code   RO          503    .text               battery.o
    0x08006690   0x00000510   Code   RO          533    .text               actuator.o
    0x08006ba0   0x00000dd0   Code   RO          560    .text               gyro_i2c.o
    0x08007970   0x000020d0   Code   RO          591    .text               pathplan.o
    0x08009a40   0x000000ac   Code   RO          673    .text               filter.o
    0x08009aec   0x000002f4   Code   RO          694    .text               kalman_filter.o
    0x08009de0   0x00000040   Code   RO          810    .text               startup_stm32f10x_hd.o
    0x08009e20   0x000000dc   Code   RO          816    .text               misc.o
    0x08009efc   0x0000044e   Code   RO          836    .text               stm32f10x_adc.o
    0x0800a34a   0x00000002   PAD
    0x0800a34c   0x00000250   Code   RO          994    .text               stm32f10x_dma.o
    0x0800a59c   0x0000011c   Code   RO         1014    .text               stm32f10x_exti.o
    0x0800a6b8   0x00000358   Code   RO         1080    .text               stm32f10x_gpio.o
    0x0800aa10   0x000003e8   Code   RO         1100    .text               stm32f10x_i2c.o
    0x0800adf8   0x000000cc   Code   RO         1143    .text               stm32f10x_pwr.o
    0x0800aec4   0x000003ac   Code   RO         1163    .text               stm32f10x_rcc.o
    0x0800b270   0x00000e1a   Code   RO         1254    .text               stm32f10x_tim.o
    0x0800c08a   0x00000002   PAD
    0x0800c08c   0x00000408   Code   RO         1274    .text               stm32f10x_usart.o
    0x0800c494   0x0000003c   Code   RO         1793    .text               c_w.l(rand.o)
    0x0800c4d0   0x00000058   Code   RO         1797    .text               c_w.l(memcmp.o)
    0x0800c528   0x0000008a   Code   RO         1801    .text               c_w.l(rt_memcpy_v6.o)
    0x0800c5b2   0x00000064   Code   RO         1803    .text               c_w.l(rt_memcpy_w.o)
    0x0800c616   0x00000006   Code   RO         1807    .text               c_w.l(heapauxi.o)
    0x0800c61c   0x00000008   Code   RO         2094    .text               c_w.l(libspace.o)
    0x0800c624   0x0000004a   Code   RO         2099    .text               c_w.l(sys_stackheap_outer.o)
    0x0800c66e   0x0000000c   Code   RO         2172    .text               c_w.l(exit.o)
    0x0800c67a   0x00000002   Code   RO         2211    .text               c_w.l(use_no_semi.o)
    0x0800c67c   0x00000000   Code   RO         2213    .text               c_w.l(indicate_semi.o)
    0x0800c67c   0x0000000c   Code   RO         2271    .text               c_w.l(sys_exit.o)
    0x0800c688   0x00000278   Code   RO         1725    i.AES_encrypt       handshake.lib(aes128.o)
    0x0800c900   0x00000070   Code   RO         1727    i.AES_keyschedule_enc  handshake.lib(aes128.o)
    0x0800c970   0x00000054   Code   RO         1568    i.HandshakeData1    handshake.lib(handshake.o)
    0x0800c9c4   0x00000044   Code   RO         1569    i.HandshakeData2    handshake.lib(handshake.o)
    0x0800ca08   0x000000b0   Code   RO         1570    i.HandshakeInit     handshake.lib(handshake.o)
    0x0800cab8   0x00000062   Code   RO         1811    x$fpl$d2f           fz_ws.l(d2f.o)
    0x0800cb1a   0x00000002   PAD
    0x0800cb1c   0x00000150   Code   RO         1813    x$fpl$dadd          fz_ws.l(daddsub_clz.o)
    0x0800cc6c   0x00000018   Code   RO         1992    x$fpl$dcmpinf       fz_ws.l(dcmpi.o)
    0x0800cc84   0x000002b0   Code   RO         1820    x$fpl$ddiv          fz_ws.l(ddiv.o)
    0x0800cf34   0x0000005e   Code   RO         1823    x$fpl$dfix          fz_ws.l(dfix.o)
    0x0800cf92   0x00000002   PAD
    0x0800cf94   0x0000005a   Code   RO         1827    x$fpl$dfixu         fz_ws.l(dfixu.o)
    0x0800cfee   0x0000002e   Code   RO         1832    x$fpl$dflt          fz_ws.l(dflt_clz.o)
    0x0800d01c   0x00000026   Code   RO         1831    x$fpl$dfltu         fz_ws.l(dflt_clz.o)
    0x0800d042   0x00000002   PAD
    0x0800d044   0x00000078   Code   RO         1837    x$fpl$dleqf         fz_ws.l(dleqf.o)
    0x0800d0bc   0x00000154   Code   RO         1839    x$fpl$dmul          fz_ws.l(dmul.o)
    0x0800d210   0x0000009c   Code   RO         1994    x$fpl$dnaninf       fz_ws.l(dnaninf.o)
    0x0800d2ac   0x0000000c   Code   RO         1996    x$fpl$dretinf       fz_ws.l(dretinf.o)
    0x0800d2b8   0x0000006c   Code   RO         1841    x$fpl$drleqf        fz_ws.l(drleqf.o)
    0x0800d324   0x000001d4   Code   RO         1815    x$fpl$dsub          fz_ws.l(daddsub_clz.o)
    0x0800d4f8   0x00000056   Code   RO         1843    x$fpl$f2d           fz_ws.l(f2d.o)
    0x0800d54e   0x00000002   PAD
    0x0800d550   0x000000c4   Code   RO         1845    x$fpl$fadd          fz_ws.l(faddsub_clz.o)
    0x0800d614   0x00000018   Code   RO         2000    x$fpl$fcmpinf       fz_ws.l(fcmpi.o)
    0x0800d62c   0x00000184   Code   RO         1852    x$fpl$fdiv          fz_ws.l(fdiv.o)
    0x0800d7b0   0x00000036   Code   RO         1857    x$fpl$ffix          fz_ws.l(ffix.o)
    0x0800d7e6   0x00000002   PAD
    0x0800d7e8   0x0000003e   Code   RO         1861    x$fpl$ffixu         fz_ws.l(ffixu.o)
    0x0800d826   0x00000002   PAD
    0x0800d828   0x00000030   Code   RO         1866    x$fpl$fflt          fz_ws.l(fflt_clz.o)
    0x0800d858   0x00000026   Code   RO         1865    x$fpl$ffltu         fz_ws.l(fflt_clz.o)
    0x0800d87e   0x00000002   PAD
    0x0800d880   0x00000068   Code   RO         1871    x$fpl$fleqf         fz_ws.l(fleqf.o)
    0x0800d8e8   0x00000102   Code   RO         1873    x$fpl$fmul          fz_ws.l(fmul.o)
    0x0800d9ea   0x0000008c   Code   RO         2002    x$fpl$fnaninf       fz_ws.l(fnaninf.o)
    0x0800da76   0x0000000a   Code   RO         2004    x$fpl$fretinf       fz_ws.l(fretinf.o)
    0x0800da80   0x00000062   Code   RO         1875    x$fpl$frleqf        fz_ws.l(frleqf.o)
    0x0800dae2   0x00000014   Code   RO         1846    x$fpl$frsb          fz_ws.l(faddsub_clz.o)
    0x0800daf6   0x00000002   PAD
    0x0800daf8   0x000000ea   Code   RO         1847    x$fpl$fsub          fz_ws.l(faddsub_clz.o)
    0x0800dbe2   0x00000000   Code   RO         2010    x$fpl$usenofp       fz_ws.l(usenofp.o)
    0x0800dbe2   0x00000044   Data   RO          350    .constdata          robit_run.o
    0x0800dc26   0x000000e0   Data   RO          392    .constdata          uart.o
    0x0800dd06   0x0000000a   Data   RO          448    .constdata          display_key.o
    0x0800dd10   0x00000036   Data   RO          562    .constdata          gyro_i2c.o
    0x0800dd46   0x00000002   PAD
    0x0800dd48   0x00000030   Data   RO         1572    .constdata          handshake.lib(handshake.o)
    0x0800dd78   0x0000001c   Data   RO         1573    .conststring        handshake.lib(handshake.o)
    0x0800dd94   0x00000020   Data   RO         2338    Region$$Table       anon$$obj.o


    Execution Region RW_IRAM1 (Base: 0x20000000, Size: 0x000021d0, Max: 0x0000c000, ABSOLUTE, COMPRESSED[0x00000a9c])

    Base Addr    Size         Type   Attr      Idx    E Section Name        Object

    0x20000000   0x00000014   Data   RW           20    .data               system_stm32f10x.o
    0x20000014   0x0000000d   Data   RW          284    .data               init.o
    0x20000021   0x00000001   PAD
    0x20000022   0x00000010   Data   RW          323    .data               adc.o
    0x20000032   0x00000002   PAD
    0x20000034   0x000000ac   Data   RW          351    .data               robit_run.o
    0x200000e0   0x00000064   Data   RW          393    .data               uart.o
    0x20000144   0x0000000c   Data   RW          421    .data               pid.o
    0x20000150   0x0000000f   Data   RW          449    .data               display_key.o
    0x2000015f   0x00000001   PAD
    0x20000160   0x00000056   Data   RW          476    .data               signal.o
    0x200001b6   0x0000003c   Data   RW          505    .data               battery.o
    0x200001f2   0x00000032   Data   RW          535    .data               actuator.o
    0x20000224   0x00000068   Data   RW          563    .data               gyro_i2c.o
    0x2000028c   0x0000004a   Data   RW          593    .data               pathplan.o
    0x200002d6   0x00000006   Data   RW          620    .data               voice.o
    0x200002dc   0x00000004   Data   RW          674    .data               filter.o
    0x200002e0   0x00000014   Data   RW         1164    .data               stm32f10x_rcc.o
    0x200002f4   0x0000000e   Data   RW         1542    .data               vl53l0x_continuousranging_example.o
    0x20000302   0x00000002   PAD
    0x20000304   0x00000028   Data   RW         1574    .data               handshake.lib(handshake.o)
    0x2000032c   0x00000a28   Data   RW         1728    .data               handshake.lib(aes128.o)
    0x20000d54   0x0000000c   Zero   RW          283    .bss                init.o
    0x20000d60   0x000000d2   Zero   RW          322    .bss                adc.o
    0x20000e32   0x00000002   PAD
    0x20000e34   0x00000060   Zero   RW          349    .bss                robit_run.o
    0x20000e94   0x0000051c   Zero   RW          391    .bss                uart.o
    0x200013b0   0x0000005a   Zero   RW          420    .bss                pid.o
    0x2000140a   0x0000000a   Zero   RW          447    .bss                display_key.o
    0x20001414   0x000000b4   Zero   RW          475    .bss                signal.o
    0x200014c8   0x0000001c   Zero   RW          504    .bss                battery.o
    0x200014e4   0x00000012   Zero   RW          534    .bss                actuator.o
    0x200014f6   0x00000002   PAD
    0x200014f8   0x00000164   Zero   RW          561    .bss                gyro_i2c.o
    0x2000165c   0x00000028   Zero   RW          592    .bss                pathplan.o
    0x20001684   0x0000000c   Zero   RW          646    .bss                pos.o
    0x20001690   0x000000d4   Zero   RW          709    .bss                imu.o
    0x20001764   0x000001a8   Zero   RW         1541    .bss                vl53l0x_continuousranging_example.o
    0x2000190c   0x00000180   Zero   RW         1571    .bss                handshake.lib(handshake.o)
    0x20001a8c   0x000000e4   Zero   RW         1794    .bss                c_w.l(rand.o)
    0x20001b70   0x00000060   Zero   RW         2095    .bss                c_w.l(libspace.o)
    0x20001bd0   0x00000200   Zero   RW          808    HEAP                startup_stm32f10x_hd.o
    0x20001dd0   0x00000400   Zero   RW          807    STACK               startup_stm32f10x_hd.o


==============================================================================

Image component sizes


      Code (inc. data)   RO Data    RW Data    ZI Data      Debug   Object Name

      1296        132          0         50         18       4728   actuator.o
       696         40          0         16        210       3157   adc.o
       896        144          0         60         28       3796   battery.o
         0          0          0          0          0       4276   core_cm3.o
      1536        188         10         15         10       3798   display_key.o
       172         16          0          4          0        956   filter.o
      3536        454         54        104        356       9724   gyro_i2c.o
         0          0          0          0        212       3053   imu.o
      2856        224          0         13         12       4870   init.o
       756          8          0          0          0       1826   kalman_filter.o
       112          0          0          0          0        555   main.o
       220         20          0          0          0       1881   misc.o
      8400        780          0         74         40       9642   pathplan.o
       708         88          0         12         90       3092   pid.o
         0          0          0          0         12       1652   pos.o
      7612        736         68        172         96      39092   robit_run.o
      3064        288          0         86        180       7711   signal.o
        64         26        304          0       1536        888   startup_stm32f10x_hd.o
      1102         26          0          0          0      10913   stm32f10x_adc.o
       592          8          0          0          0       4402   stm32f10x_dma.o
       284         10          0          0          0       2315   stm32f10x_exti.o
       856         40          0          0          0       5725   stm32f10x_gpio.o
      1000         16          0          0          0       8960   stm32f10x_i2c.o
       204         16          0          0          0       1947   stm32f10x_pwr.o
       940         52          0         20          0       8904   stm32f10x_rcc.o
      3610         88          0          0          0      22212   stm32f10x_tim.o
      1032         22          0          0          0       8452   stm32f10x_usart.o
       484         44          0         20          0     283766   system_stm32f10x.o
      7744        962        224        100       1308      19776   uart.o
         0          0          0          0          0      15800   vl53l0x_api.o
         0          0          0         14        424       3515   vl53l0x_continuousranging_example.o
         0          0          0          6          0       1951   voice.o

    ----------------------------------------------------------------------
     49776       4428        694        772       4536     503335   Object Totals
         0          0         32          0          0          0   (incl. Generated)
         4          0          2          6          4          0   (incl. Padding)

    ----------------------------------------------------------------------

      Code (inc. data)   RO Data    RW Data    ZI Data      Debug   Library Member Name

        58          0          0          0          0          0   __dczerorl.o
         8          0          0          0          0         68   __main.o
        52          8          0          0          0          0   __scatter.o
        28          0          0          0          0          0   __scatter_zi.o
        12          0          0          0          0         72   exit.o
         6          0          0          0          0        152   heapauxi.o
         0          0          0          0          0          0   indicate_semi.o
         2          0          0          0          0          0   libinit.o
         6          0          0          0          0          0   libinit2.o
         2          0          0          0          0          0   libshutdown.o
         2          0          0          0          0          0   libshutdown2.o
         8          4          0          0         96         68   libspace.o
        88          0          0          0          0         76   memcmp.o
       112         18          0          0        228        160   rand.o
       138          0          0          0          0         68   rt_memcpy_v6.o
       100          0          0          0          0         80   rt_memcpy_w.o
         0          0          0          0          0          0   rtentry.o
        12          0          0          0          0          0   rtentry2.o
         6          0          0          0          0          0   rtentry4.o
         2          0          0          0          0          0   rtexit.o
        10          0          0          0          0          0   rtexit2.o
        12          4          0          0          0         68   sys_exit.o
        74          0          0          0          0         80   sys_stackheap_outer.o
         2          0          0          0          0         68   use_no_semi.o
        98          4          0          0          0         92   d2f.o
       804         16          0          0          0        272   daddsub_clz.o
        24          0          0          0          0         68   dcmpi.o
       688        140          0          0          0        208   ddiv.o
        94          4          0          0          0         92   dfix.o
        90          4          0          0          0         92   dfixu.o
        84          0          0          0          0        136   dflt_clz.o
       120          4          0          0          0         92   dleqf.o
       340         12          0          0          0        104   dmul.o
       156          4          0          0          0         92   dnaninf.o
        12          0          0          0          0         68   dretinf.o
       108          0          0          0          0         80   drleqf.o
        86          4          0          0          0         84   f2d.o
       450          8          0          0          0        236   faddsub_clz.o
        24          0          0          0          0         68   fcmpi.o
       388         76          0          0          0         96   fdiv.o
        54          4          0          0          0         84   ffix.o
        62          4          0          0          0         84   ffixu.o
        86          0          0          0          0        136   fflt_clz.o
       104          4          0          0          0         84   fleqf.o
       258          4          0          0          0         84   fmul.o
       140          4          0          0          0         84   fnaninf.o
        10          0          0          0          0         68   fretinf.o
        98          0          0          0          0         68   frleqf.o
         0          0          0          0          0          0   usenofp.o
       744         12          0       2600          0       2780   aes128.o
       328         36         76         40        384       6979   handshake.o

    ----------------------------------------------------------------------
      6210        378         76       2640        708      13291   Library Totals
        20          0          0          0          0          0   (incl. Padding)

    ----------------------------------------------------------------------

      Code (inc. data)   RO Data    RW Data    ZI Data      Debug   Library Name

       740         34          0          0        324        960   c_w.l
      4378        296          0          0          0       2572   fz_ws.l
      1072         48         76       2640        384       9759   handshake.lib

    ----------------------------------------------------------------------
      6210        378         76       2640        708      13291   Library Totals

    ----------------------------------------------------------------------

==============================================================================


      Code (inc. data)   RO Data    RW Data    ZI Data      Debug   

     55986       4806        770       3412       5244     511426   Grand Totals
     55986       4806        770       2716       5244     511426   ELF Image Totals (compressed)
     55986       4806        770       2716          0          0   ROM Totals

==============================================================================

    Total RO  Size (Code + RO Data)                56756 (  55.43kB)
    Total RW  Size (RW Data + ZI Data)              8656 (   8.45kB)
    Total ROM Size (Code + RO Data + RW Data)      59472 (  58.08kB)

==============================================================================

